Component: ARM Compiler 5.06 update 6 (build 750) Tool: armlink [4d35ed]

==============================================================================

Section Cross References

    main.o(.text) refers to stm32f4xx_rcc.o(.text) for RCC_GetClocksFreq
    main.o(.text) refers to stm32f4xx_gpio.o(.text) for GPIO_Init
    main.o(.text) refers to misc.o(.text) for NVIC_PriorityGroupConfig
    main.o(.text) refers to usart.o(.text) for USART_Configuration
    main.o(.text) refers to lcd.o(.text) for LCD_Initializtion
    main.o(.text) refers to timer.o(.text) for TIM_Init
    main.o(.text) refers to dcmi_ov7725.o(.text) for DCMI_OV7725_Init
    main.o(.text) refers to lcd.o(i.LCD_WriteReg) for LCD_WriteReg
    main.o(.text) refers to stm32f4xx_dma.o(.text) for DMA_Cmd
    main.o(.text) refers to stm32f4xx_dcmi.o(.text) for DCMI_Cmd
    main.o(.text) refers to camera.o(.text) for frameSpeedOut
    main.o(.text) refers to main.o(.data) for .data
    main.o(.text) refers to system_stm32f4xx.o(.data) for SystemCoreClock
    main.o(.text) refers to main.o(.bss) for .bss
    dcmi_ov7725.o(.text) refers to stm32f4xx_rcc.o(.text) for RCC_AHB1PeriphClockCmd
    dcmi_ov7725.o(.text) refers to stm32f4xx_gpio.o(.text) for GPIO_PinAFConfig
    dcmi_ov7725.o(.text) refers to stm32f4xx_dcmi.o(.text) for DCMI_Init
    dcmi_ov7725.o(.text) refers to misc.o(.text) for NVIC_Init
    dcmi_ov7725.o(.text) refers to stm32f4xx_dma.o(.text) for DMA_DeInit
    dcmi_ov7725.o(.text) refers to sccb.o(.text) for SCCB_GPIO_Config
    dcmi_ov7725.o(.text) refers to main.o(.bss) for OV
    dcmi_ov7725.o(.text) refers to dcmi_ov7725.o(.constdata) for .constdata
    sccb.o(.text) refers to stm32f4xx_rcc.o(.text) for RCC_AHB1PeriphClockCmd
    sccb.o(.text) refers to stm32f4xx_gpio.o(.text) for GPIO_PinAFConfig
    sccb.o(.text) refers to stm32f4xx_i2c.o(.text) for I2C_DeInit
    sccb.o(.text) refers to sccb.o(.data) for .data
    asciilib.o(.text) refers to rt_memcpy_v6.o(.text) for __aeabi_memcpy
    asciilib.o(.text) refers to asciilib.o(.constdata) for .constdata
    lcd.o(.text) refers to _printf_percent.o(.ARM.Collect$$_printf_percent$$00000000) for _printf_percent
    lcd.o(.text) refers to _printf_d.o(.ARM.Collect$$_printf_percent$$00000009) for _printf_d
    lcd.o(.text) refers to _printf_dec.o(.text) for _printf_int_dec
    lcd.o(.text) refers to stm32f4xx_rcc.o(.text) for RCC_AHB1PeriphClockCmd
    lcd.o(.text) refers to stm32f4xx_gpio.o(.text) for GPIO_PinAFConfig
    lcd.o(.text) refers to lcd.o(i.LCD_WriteReg) for LCD_WriteReg
    lcd.o(.text) refers to lcd.o(.data) for .data
    lcd.o(.text) refers to asciilib.o(.text) for GetASCIICode
    lcd.o(.text) refers to noretval__2sprintf.o(.text) for __2sprintf
    lcd.o(.text) refers to stm32f4xx_fsmc.o(.text) for FSMC_NORSRAMInit
    usart.o(.emb_text) refers (Special) to use_no_semi_2.o(.text) for __use_no_semihosting
    usart.o(.text) refers (Special) to use_no_semi_2.o(.text) for __use_no_semihosting
    usart.o(.text) refers to stm32f4xx_rcc.o(.text) for RCC_AHB1PeriphClockCmd
    usart.o(.text) refers to stm32f4xx_gpio.o(.text) for GPIO_PinAFConfig
    usart.o(.text) refers to stm32f4xx_usart.o(.text) for USART_Init
    usart.o(.text) refers to misc.o(.text) for NVIC_PriorityGroupConfig
    usart.o(.data) refers (Special) to use_no_semi_2.o(.text) for __use_no_semihosting
    stm32f4xx_it.o(.text) refers to _printf_percent.o(.ARM.Collect$$_printf_percent$$00000000) for _printf_percent
    stm32f4xx_it.o(.text) refers to _printf_c.o(.ARM.Collect$$_printf_percent$$00000013) for _printf_c
    stm32f4xx_it.o(.text) refers to _printf_str.o(.text) for _printf_str
    stm32f4xx_it.o(.text) refers to main.o(.text) for TimingDelay_Decrement
    stm32f4xx_it.o(.text) refers to stm32f4xx_tim.o(.text) for TIM_GetITStatus
    stm32f4xx_it.o(.text) refers to stm32f4xx_usart.o(.text) for USART_GetITStatus
    stm32f4xx_it.o(.text) refers to noretval__2printf.o(.text) for __2printf
    stm32f4xx_it.o(.text) refers to stm32f4xx_dcmi.o(.text) for DCMI_GetITStatus
    stm32f4xx_it.o(.text) refers to stm32f4xx_can.o(.text) for CAN_MessagePending
    stm32f4xx_it.o(.text) refers to stm32f4xx_dma.o(.text) for DMA_GetITStatus
    stm32f4xx_it.o(.text) refers to main.o(.bss) for OV
    stm32f4xx_it.o(.text) refers to stm32f4xx_it.o(.data) for .data
    stm32f4xx_it.o(.text) refers to stm32f4xx_it.o(.bss) for .bss
    picture.o(.text) refers to _printf_percent.o(.ARM.Collect$$_printf_percent$$00000000) for _printf_percent
    picture.o(.text) refers to _printf_d.o(.ARM.Collect$$_printf_percent$$00000009) for _printf_d
    picture.o(.text) refers to _printf_dec.o(.text) for _printf_int_dec
    picture.o(.text) refers to stm32f4xx_dcmi.o(.text) for DCMI_CaptureCmd
    picture.o(.text) refers to noretval__2printf.o(.text) for __2printf
    picture.o(.text) refers to stm32f4xx_can.o(.text) for CAN_Transmit
    picture.o(.text) refers to picture.o(.data) for .data
[...]
    ..\Libraries\STM32F4xx_StdPeriph_Driver\src\stm32f4xx_gpio.c 0x00000000   Number         0  stm32f4xx_gpio.o ABSOLUTE
    ..\Libraries\STM32F4xx_StdPeriph_Driver\src\stm32f4xx_i2c.c 0x00000000   Number         0  stm32f4xx_i2c.o ABSOLUTE
    ..\Libraries\STM32F4xx_StdPeriph_Driver\src\stm32f4xx_rcc.c 0x00000000   Number         0  stm32f4xx_rcc.o ABSOLUTE
    ..\Libraries\STM32F4xx_StdPeriph_Driver\src\stm32f4xx_tim.c 0x00000000   Number         0  stm32f4xx_tim.o ABSOLUTE
    ..\Libraries\STM32F4xx_StdPeriph_Driver\src\stm32f4xx_usart.c 0x00000000   Number         0  stm32f4xx_usart.o ABSOLUTE
    ..\Tool\Imtrans.c                        0x00000000   Number         0  imtrans.o ABSOLUTE
    ..\Tool\rodata.c                         0x00000000   Number         0  rodata.o ABSOLUTE
    ..\User\EasyTrace\EasyTracer.c           0x00000000   Number         0  easytracer.o ABSOLUTE
    ..\User\LCD\AsciiLib.c                   0x00000000   Number         0  asciilib.o ABSOLUTE
    ..\User\LCD\LCD.c                        0x00000000   Number         0  lcd.o ABSOLUTE
    ..\User\camera\SCCB.C                    0x00000000   Number         0  sccb.o ABSOLUTE
    ..\User\camera\camera.c                  0x00000000   Number         0  camera.o ABSOLUTE
    ..\User\camera\dcmi_OV7725.c             0x00000000   Number         0  dcmi_ov7725.o ABSOLUTE
    ..\User\camera\picture.c                 0x00000000   Number         0  picture.o ABSOLUTE
    ..\User\camera\vesion.c                  0x00000000   Number         0  vesion.o ABSOLUTE
    ..\User\can.c                            0x00000000   Number         0  can.o ABSOLUTE
    ..\User\main.c                           0x00000000   Number         0  main.o ABSOLUTE
    ..\User\stm32f4xx_it.c                   0x00000000   Number         0  stm32f4xx_it.o ABSOLUTE
    ..\User\timer.c                          0x00000000   Number         0  timer.o ABSOLUTE
    ..\User\usart.c                          0x00000000   Number         0  usart.o ABSOLUTE
    ..\\Libraries\\CMSIS\\Device\\ST\\STM32F4xx\\Source\\Templates\\system_stm32f4xx.c 0x00000000   Number         0  system_stm32f4xx.o ABSOLUTE
    ..\\Libraries\\STM32F4xx_StdPeriph_Driver\\src\\misc.c 0x00000000   Number         0  misc.o ABSOLUTE
    ..\\Libraries\\STM32F4xx_StdPeriph_Driver\\src\\stm32f4xx_can.c 0x00000000   Number         0  stm32f4xx_can.o ABSOLUTE
    ..\\Libraries\\STM32F4xx_StdPeriph_Driver\\src\\stm32f4xx_dcmi.c 0x00000000   Number         0  stm32f4xx_dcmi.o ABSOLUTE
    ..\\Libraries\\STM32F4xx_StdPeriph_Driver\\src\\stm32f4xx_dma.c 0x00000000   Number         0  stm32f4xx_dma.o ABSOLUTE
    ..\\Libraries\\STM32F4xx_StdPeriph_Driver\\src\\stm32f4xx_fsmc.c 0x00000000   Number         0  stm32f4xx_fsmc.o ABSOLUTE
    ..\\Libraries\\STM32F4xx_StdPeriph_Driver\\src\\stm32f4xx_gpio.c 0x00000000   Number         0  stm32f4xx_gpio.o ABSOLUTE
    ..\\Libraries\\STM32F4xx_StdPeriph_Driver\\src\\stm32f4xx_i2c.c 0x00000000   Number         0  stm32f4xx_i2c.o ABSOLUTE
    ..\\Libraries\\STM32F4xx_StdPeriph_Driver\\src\\stm32f4xx_rcc.c 0x00000000   Number         0  stm32f4xx_rcc.o ABSOLUTE
    ..\\Libraries\\STM32F4xx_StdPeriph_Driver\\src\\stm32f4xx_tim.c 0x00000000   Number         0  stm32f4xx_tim.o ABSOLUTE
    ..\\Libraries\\STM32F4xx_StdPeriph_Driver\\src\\stm32f4xx_usart.c 0x00000000   Number         0  stm32f4xx_usart.o ABSOLUTE
    ..\\Tool\\Imtrans.c                      0x00000000   Number         0  imtrans.o ABSOLUTE
    ..\\User\\LCD\\LCD.c                     0x00000000   Number         0  lcd.o ABSOLUTE
    ..\\User\\camera\\SCCB.C                 0x00000000   Number         0  sccb.o ABSOLUTE
    ..\\User\\camera\\camera.c               0x00000000   Number         0  camera.o ABSOLUTE
    ..\\User\\camera\\dcmi_OV7725.c          0x00000000   Number         0  dcmi_ov7725.o ABSOLUTE
    ..\\User\\camera\\picture.c              0x00000000   Number         0  picture.o ABSOLUTE
    ..\\User\\camera\\vesion.c               0x00000000   Number         0  vesion.o ABSOLUTE
    ..\\User\\can.c                          0x00000000   Number         0  can.o ABSOLUTE
    ..\\User\\main.c                         0x00000000   Number         0  main.o ABSOLUTE
    ..\\User\\stm32f4xx_it.c                 0x00000000   Number         0  stm32f4xx_it.o ABSOLUTE
    ..\\User\\timer.c                        0x00000000   Number         0  timer.o ABSOLUTE
    ..\\User\\usart.c                        0x00000000   Number         0  usart.o ABSOLUTE
    dc.s                                     0x00000000   Number         0  dc.o ABSOLUTE
    RESET                                    0x08000000   Section      392  startup_stm32f4xx.o(RESET)
    !!!main                                  0x08000188   Section        8  __main.o(!!!main)
    !!!scatter                               0x08000190   Section       52  __scatter.o(!!!scatter)
    !!handler_copy                           0x080001c4   Section       26  __scatter_copy.o(!!handler_copy)
    !!handler_zi                             0x080001e0   Section       28  __scatter_zi.o(!!handler_zi)
    .ARM.Collect$$_printf_percent$$00000000  0x080001fc   Section        0  _printf_percent.o(.ARM.Collect$$_printf_percent$$00000000)
    .ARM.Collect$$_printf_percent$$00000009  0x080001fc   Section        6  _printf_d.o(.ARM.Collect$$_printf_percent$$00000009)
    .ARM.Collect$$_printf_percent$$00000013  0x08000202   Section        6  _printf_c.o(.ARM.Collect$$_printf_percent$$00000013)
    .ARM.Collect$$_printf_percent$$00000017  0x08000208   Section        4  _printf_percent_end.o(.ARM.Collect$$_printf_percent$$00000017)
    .ARM.Collect$$libinit$$00000000          0x0800020c   Section        2  libinit.o(.ARM.Collect$$libinit$$00000000)
    .ARM.Collect$$libinit$$00000001          0x0800020e   Section        4  libinit2.o(.ARM.Collect$$libinit$$00000001)
    .ARM.Collect$$libinit$$00000004          0x08000212   Section        0  libinit2.o(.ARM.Collect$$libinit$$00000004)
    .ARM.Collect$$libinit$$0000000A          0x08000212   Section        0  libinit2.o(.ARM.Collect$$libinit$$0000000A)
    .ARM.Collect$$libinit$$0000000C          0x08000212   Section        0  libinit2.o(.ARM.Collect$$libinit$$0000000C)
    .ARM.Collect$$libinit$$0000000E          0x08000212   Section        0  libinit2.o(.ARM.Collect$$libinit$$0000000E)
    .ARM.Collect$$libinit$$00000011          0x08000212   Section        0  libinit2.o(.ARM.Collect$$libinit$$00000011)
    .ARM.Collect$$libinit$$00000013          0x08000212   Section        0  libinit2.o(.ARM.Collect$$libinit$$00000013)
    .ARM.Collect$$libinit$$00000015          0x08000212   Section        0  libinit2.o(.ARM.Collect$$libinit$$00000015)
    .ARM.Collect$$libinit$$00000017          0x08000212   Section        0  libinit2.o(.ARM.Collect$$libinit$$00000017)
    .ARM.Collect$$libinit$$00000019          0x08000212   Section        0  libinit2.o(.ARM.Collect$$libinit$$00000019)
    .ARM.Collect$$libinit$$0000001B          0x08000212   Section        0  libinit2.o(.ARM.Collect$$libinit$$0000001B)
    .ARM.Collect$$libinit$$0000001D          0x08000212   Section        0  libinit2.o(.ARM.Collect$$libinit$$0000001D)
    .ARM.Collect$$libinit$$0000001F          0x08000212   Section        0  libinit2.o(.ARM.Collect$$libinit$$0000001F)
    .ARM.Collect$$libinit$$00000021          0x08000212   Section        0  libinit2.o(.ARM.Collect$$libinit$$00000021)
    .ARM.Collect$$libinit$$00000023          0x08000212   Section        0  libinit2.o(.ARM.Collect$$libinit$$00000023)
    .ARM.Collect$$libinit$$00000025          0x08000212   Section        0  libinit2.o(.ARM.Collect$$libinit$$00000025)
    .ARM.Collect$$libinit$$0000002C          0x08000212   Section        0  libinit2.o(.ARM.Collect$$libinit$$0000002C)
    .ARM.Collect$$libinit$$0000002E          0x08000212   Section        0  libinit2.o(.ARM.Collect$$libinit$$0000002E)
    .ARM.Collect$$libinit$$00000030          0x08000212   Section        0  libinit2.o(.ARM.Collect$$libinit$$00000030)
    .ARM.Collect$$libinit$$00000032          0x08000212   Section        0  libinit2.o(.ARM.Collect$$libinit$$00000032)
    .ARM.Collect$$libinit$$00000033          0x08000212   Section        2  libinit2.o(.ARM.Collect$$libinit$$00000033)
    .ARM.Collect$$libshutdown$$00000000      0x08000214   Section        2  libshutdown.o(.ARM.Collect$$libshutdown$$00000000)
    .ARM.Collect$$libshutdown$$00000002      0x08000216   Section        0  libshutdown2.o(.ARM.Collect$$libshutdown$$00000002)
    .ARM.Collect$$libshutdown$$00000004      0x08000216   Section        0  libshutdown2.o(.ARM.Collect$$libshutdown$$00000004)
    .ARM.Collect$$libshutdown$$00000007      0x08000216   Section        0  libshutdown2.o(.ARM.Collect$$libshutdown$$00000007)
    .ARM.Collect$$libshutdown$$0000000A      0x08000216   Section        0  libshutdown2.o(.ARM.Collect$$libshutdown$$0000000A)
    .ARM.Collect$$libshutdown$$0000000C      0x08000216   Section        0  libshutdown2.o(.ARM.Collect$$libshutdown$$0000000C)
    .ARM.Collect$$libshutdown$$0000000F      0x08000216   Section        0  libshutdown2.o(.ARM.Collect$$libshutdown$$0000000F)
    .ARM.Collect$$libshutdown$$00000010      0x08000216   Section        2  libshutdown2.o(.ARM.Collect$$libshutdown$$00000010)
    .ARM.Collect$$rtentry$$00000000          0x08000218   Section        0  __rtentry.o(.ARM.Collect$$rtentry$$00000000)
    .ARM.Collect$$rtentry$$00000002          0x08000218   Section        0  __rtentry2.o(.ARM.Collect$$rtentry$$00000002)
    .ARM.Collect$$rtentry$$00000004          0x08000218   Section        6  __rtentry4.o(.ARM.Collect$$rtentry$$00000004)
    .ARM.Collect$$rtentry$$00000009          0x0800021e   Section        0  __rtentry2.o(.ARM.Collect$$rtentry$$00000009)
    .ARM.Collect$$rtentry$$0000000A          0x0800021e   Section        4  __rtentry2.o(.ARM.Collect$$rtentry$$0000000A)
    .ARM.Collect$$rtentry$$0000000C          0x08000222   Section        0  __rtentry2.o(.ARM.Collect$$rtentry$$0000000C)
    .ARM.Collect$$rtentry$$0000000D          0x08000222   Section        8  __rtentry2.o(.ARM.Collect$$rtentry$$0000000D)
    .ARM.Collect$$rtexit$$00000000           0x0800022a   Section        2  rtexit.o(.ARM.Collect$$rtexit$$00000000)
    .ARM.Collect$$rtexit$$00000002           0x0800022c   Section        0  rtexit2.o(.ARM.Collect$$rtexit$$00000002)
    .ARM.Collect$$rtexit$$00000003           0x0800022c   Section        4  rtexit2.o(.ARM.Collect$$rtexit$$00000003)
    .ARM.Collect$$rtexit$$00000004           0x08000230   Section        6  rtexit2.o(.ARM.Collect$$rtexit$$00000004)
    .text                                    0x08000238   Section        0  main.o(.text)
    .text                                    0x08000420   Section        0  dcmi_ov7725.o(.text)
    Delay_ms                                 0x0800079d   Thumb Code    18  dcmi_ov7725.o(.text)
    .text                                    0x080007d0   Section        0  sccb.o(.text)
    .text                                    0x08000a40   Section        0  asciilib.o(.text)
    .text                                    0x08000a54   Section        0  lcd.o(.text)
    LCD_CtrlLinesConfig                      0x08000a55   Thumb Code   318  lcd.o(.text)
    LCD_FSMCConfig                           0x08002557   Thumb Code    76  lcd.o(.text)
    delay_ms                                 0x080025a3   Thumb Code    28  lcd.o(.text)
    .text                                    0x080025d0   Section        0  usart.o(.text)
    .text                                    0x0800289c   Section        0  stm32f4xx_it.o(.text)
    .text                                    0x08002ab8   Section        0  timer.o(.text)
    .text                                    0x08002e7c   Section        0  camera.o(.text)
    .text                                    0x08002fc4   Section       64  startup_stm32f4xx.o(.text)
    $v0                                      0x08002fc4   Number         0  startup_stm32f4xx.o(.text)
    .text                                    0x08003004   Section        0  misc.o(.text)
    .text                                    0x080030b4   Section        0  stm32f4xx_dcmi.o(.text)
    .text                                    0x080031ec   Section        0  stm32f4xx_dma.o(.text)
    .text                                    0x0800350c   Section        0  stm32f4xx_fsmc.o(.text)
    .text                                    0x08003988   Section        0  stm32f4xx_gpio.o(.text)
    .text                                    0x08003ba0   Section        0  stm32f4xx_i2c.o(.text)
    .text                                    0x08003edc   Section        0  stm32f4xx_rcc.o(.text)
    .text                                    0x080042ac   Section        0  stm32f4xx_usart.o(.text)
    .text                                    0x08004608   Section        0  stm32f4xx_can.o(.text)
    CheckITStatus                            0x08004cfb   Thumb Code    12  stm32f4xx_can.o(.text)
    .text                                    0x08004d10   Section        0  stm32f4xx_tim.o(.text)
    TI2_Config                               0x0800535b   Thumb Code    54  stm32f4xx_tim.o(.text)
    TI1_Config                               0x080056bf   Thumb Code    46  stm32f4xx_tim.o(.text)
    .text                                    0x080056ec   Section        0  system_stm32f4xx.o(.text)
    SetSysClock                              0x080056ed   Thumb Code   162  system_stm32f4xx.o(.text)
    .text                                    0x08005868   Section        2  use_no_semi_2.o(.text)
    .text                                    0x0800586c   Section        0  noretval__2printf.o(.text)
    .text                                    0x08005884   Section        0  noretval__2sprintf.o(.text)
    .text                                    0x080058ac   Section        0  __printf.o(.text)
    .text                                    0x08005914   Section        0  _printf_str.o(.text)
    .text                                    0x08005968   Section        0  _printf_dec.o(.text)
    .text                                    0x080059e0   Section      138  rt_memcpy_v6.o(.text)
    .text                                    0x08005a6a   Section        0  heapauxi.o(.text)
    .text                                    0x08005a70   Section        2  use_no_semi.o(.text)
    .text                                    0x08005a72   Section        0  _printf_intcommon.o(.text)
    .text                                    0x08005b24   Section        0  _printf_char_common.o(.text)
    _printf_input_char                       0x08005b25   Thumb Code    10  _printf_char_common.o(.text)
    .text                                    0x08005b54   Section        0  _sputc.o(.text)
    .text                                    0x08005b5e   Section        0  _printf_char.o(.text)
    .text                                    0x08005b8c   Section        0  _printf_char_file.o(.text)
    .text                                    0x08005bb0   Section      100  rt_memcpy_w.o(.text)
    .text                                    0x08005c14   Section        0  ferror.o(.text)
    .text                                    0x08005c1c   Section       74  sys_stackheap_outer.o(.text)
    .text                                    0x08005c66   Section        0  exit.o(.text)
    .text                                    0x08005c78   Section        8  libspace.o(.text)
    i.LCD_WriteReg                           0x08005c80   Section        0  lcd.o(i.LCD_WriteReg)
    x$fpl$fpinit                             0x08005c90   Section       10  fpinit.o(x$fpl$fpinit)
    $v0                                      0x08005c90   Number         0  fpinit.o(x$fpl$fpinit)
    .constdata                               0x08005c9a   Section      178  dcmi_ov7725.o(.constdata)
    .constdata                               0x08005d4c   Section     1520  asciilib.o(.constdata)
    AsciiLib                                 0x08005d4c   Data        1520  asciilib.o(.constdata)
    .data                                    0x20000000   Section        8  main.o(.data)
    TimingDelay                              0x20000004   Data           4  main.o(.data)
    .data                                    0x20000008   Section        4  sccb.o(.data)
    .data                                    0x2000000c   Section        4  lcd.o(.data)
    LCD_Code                                 0x2000000c   Data           1  lcd.o(.data)
    .data                                    0x20000010   Section        4  usart.o(.data)
    .data                                    0x20000014   Section        4  stm32f4xx_it.o(.data)
    i                                        0x20000016   Data           2  stm32f4xx_it.o(.data)
    .data                                    0x20000018   Section        8  camera.o(.data)
    yushu                                    0x2000001c   Data           2  camera.o(.data)
    yushu                                    0x2000001e   Data           2  camera.o(.data)
    .data                                    0x20000020   Section       16  stm32f4xx_rcc.o(.data)
    APBAHBPrescTable                         0x20000020   Data          16  stm32f4xx_rcc.o(.data)
    .data                                    0x20000030   Section       20  system_stm32f4xx.o(.data)
    .bss                                     0x20000044   Section    25626  main.o(.bss)
    .bss                                     0x2000645e   Section      640  stm32f4xx_it.o(.bss)
    .bss                                     0x200066e0   Section       96  libspace.o(.bss)
    HEAP                                     0x20006740   Section      512  startup_stm32f4xx.o(HEAP)
    Heap_Mem                                 0x20006740   Data         512  startup_stm32f4xx.o(HEAP)
    STACK                                    0x20006940   Section     1024  startup_stm32f4xx.o(STACK)
    Stack_Mem                                0x20006940   Data        1024  startup_stm32f4xx.o(STACK)
    __initial_sp                             0x20006d40   Data           0  startup_stm32f4xx.o(STACK)

    Global Symbols

    Symbol Name                              Value     Ov Type        Size  Object(Section)

    BuildAttributes$$THM_ISAv4$E$P$D$K$B$S$7EM$VFPi3$EXTD16$VFPS$VFMA$PE$A:L22UL41UL21$X:L11$S22US41US21$IEEE1$IW$USESV6$~STKCKD$USESV7$~SHL$OSPACE$ROPI$EBA8$UX$STANDARDLIB$REQ8$PRES8$EABIv2 0x00000000   Number         0  anon$$obj.o ABSOLUTE
    __ARM_use_no_argv                        0x00000000   Number         0  main.o ABSOLUTE
    __ARM_exceptions_init                     - Undefined Weak Reference
    __alloca_initialize                       - Undefined Weak Reference
    __arm_preinit_                            - Undefined Weak Reference
    __cpp_initialize__aeabi_                  - Undefined Weak Reference
    __cxa_finalize                            - Undefined Weak Reference
    __rt_locale                               - Undefined Weak Reference
    __sigvec_lookup                           - Undefined Weak Reference
    _atexit_init                              - Undefined Weak Reference
    _call_atexit_fns                          - Undefined Weak Reference
    _clock_init                               - Undefined Weak Reference
    _fp_trap_init                             - Undefined Weak Reference
    _fp_trap_shutdown                         - Undefined Weak Reference
    _get_lc_collate                           - Undefined Weak Reference
    _get_lc_ctype                             - Undefined Weak Reference
    _get_lc_monetary                          - Undefined Weak Reference
    _get_lc_numeric                           - Undefined Weak Reference
    _get_lc_time                              - Undefined Weak Reference
    _getenv_init                              - Undefined Weak Reference
    _handle_redirection                       - Undefined Weak Reference
    _init_alloc                               - Undefined Weak Reference
    _init_user_alloc                          - Undefined Weak Reference
    _initio                                   - Undefined Weak Reference
    _mutex_acquire                            - Undefined Weak Reference
    _mutex_release                            - Undefined Weak Reference
    _printf_mbtowc                            - Undefined Weak Reference
    _printf_post_padding                      - Undefined Weak Reference
    _printf_pre_padding                       - Undefined Weak Reference
    _printf_truncate_signed                   - Undefined Weak Reference
    _printf_truncate_unsigned                 - Undefined Weak Reference
    _rand_init                                - Undefined Weak Reference
    _signal_finish                            - Undefined Weak Reference
    _signal_init                              - Undefined Weak Reference
    _terminate_alloc                          - Undefined Weak Reference
    _terminate_user_alloc                     - Undefined Weak Reference
    _terminateio                              - Undefined Weak Reference
    __Vectors_Size                           0x00000188   Number         0  startup_stm32f4xx.o ABSOLUTE
    __Vectors                                0x08000000   Data           4  startup_stm32f4xx.o(RESET)
    __Vectors_End                            0x08000188   Data           0  startup_stm32f4xx.o(RESET)
    __main                                   0x08000189   Thumb Code     8  __main.o(!!!main)
    __scatterload                            0x08000191   Thumb Code     0  __scatter.o(!!!scatter)
    __scatterload_rt2                        0x08000191   Thumb Code    44  __scatter.o(!!!scatter)
    __scatterload_rt2_thumb_only             0x08000191   Thumb Code     0  __scatter.o(!!!scatter)
    __scatterload_null                       0x0800019f   Thumb Code     0  __scatter.o(!!!scatter)
    __scatterload_copy                       0x080001c5   Thumb Code    26  __scatter_copy.o(!!handler_copy)
    __scatterload_zeroinit                   0x080001e1   Thumb Code    28  __scatter_zi.o(!!handler_zi)
    _printf_d                                0x080001fd   Thumb Code     0  _printf_d.o(.ARM.Collect$$_printf_percent$$00000009)
    _printf_percent                          0x080001fd   Thumb Code     0  _printf_percent.o(.ARM.Collect$$_printf_percent$$00000000)
    _printf_c                                0x08000203   Thumb Code     0  _printf_c.o(.ARM.Collect$$_printf_percent$$00000013)
    _printf_percent_end                      0x08000209   Thumb Code     0  _printf_percent_end.o(.ARM.Collect$$_printf_percent$$00000017)
    __rt_lib_init                            0x0800020d   Thumb Code     0  libinit.o(.ARM.Collect$$libinit$$00000000)
    __rt_lib_init_fp_1                       0x0800020f   Thumb Code     0  libinit2.o(.ARM.Collect$$libinit$$00000001)
    __rt_lib_init_alloca_1                   0x08000213   Thumb Code     0  libinit2.o(.ARM.Collect$$libinit$$0000002E)
    __rt_lib_init_argv_1                     0x08000213   Thumb Code     0  libinit2.o(.ARM.Collect$$libinit$$0000002C)
    __rt_lib_init_atexit_1                   0x08000213   Thumb Code     0  libinit2.o(.ARM.Collect$$libinit$$0000001B)
    __rt_lib_init_clock_1                    0x08000213   Thumb Code     0  libinit2.o(.ARM.Collect$$libinit$$00000021)
    __rt_lib_init_cpp_1                      0x08000213   Thumb Code     0  libinit2.o(.ARM.Collect$$libinit$$00000032)
    __rt_lib_init_exceptions_1               0x08000213   Thumb Code     0  libinit2.o(.ARM.Collect$$libinit$$00000030)
    __rt_lib_init_fp_trap_1                  0x08000213   Thumb Code     0  libinit2.o(.ARM.Collect$$libinit$$0000001F)
    __rt_lib_init_getenv_1                   0x08000213   Thumb Code     0  libinit2.o(.ARM.Collect$$libinit$$00000023)
    __rt_lib_init_heap_1                     0x08000213   Thumb Code     0  libinit2.o(.ARM.Collect$$libinit$$0000000A)
    __rt_lib_init_lc_collate_1               0x08000213   Thumb Code     0  libinit2.o(.ARM.Collect$$libinit$$00000011)
    __rt_lib_init_lc_ctype_1                 0x08000213   Thumb Code     0  libinit2.o(.ARM.Collect$$libinit$$00000013)
    __rt_lib_init_lc_monetary_1              0x08000213   Thumb Code     0  libinit2.o(.ARM.Collect$$libinit$$00000015)
    __rt_lib_init_lc_numeric_1               0x08000213   Thumb Code     0  libinit2.o(.ARM.Collect$$libinit$$00000017)
    __rt_lib_init_lc_time_1                  0x08000213   Thumb Code     0  libinit2.o(.ARM.Collect$$libinit$$00000019)
    __rt_lib_init_preinit_1                  0x08000213   Thumb Code     0  libinit2.o(.ARM.Collect$$libinit$$00000004)
    __rt_lib_init_rand_1                     0x08000213   Thumb Code     0  libinit2.o(.ARM.Collect$$libinit$$0000000E)
    __rt_lib_init_return                     0x08000213   Thumb Code     0  libinit2.o(.ARM.Collect$$libinit$$00000033)
    __rt_lib_init_signal_1                   0x08000213   Thumb Code     0  libinit2.o(.ARM.Collect$$libinit$$0000001D)
    __rt_lib_init_stdio_1                    0x08000213   Thumb Code     0  libinit2.o(.ARM.Collect$$libinit$$00000025)
    __rt_lib_init_user_alloc_1               0x08000213   Thumb Code     0  libinit2.o(.ARM.Collect$$libinit$$0000000C)
    __rt_lib_shutdown                        0x08000215   Thumb Code     0  libshutdown.o(.ARM.Collect$$libshutdown$$00000000)
    __rt_lib_shutdown_cpp_1                  0x08000217   Thumb Code     0  libshutdown2.o(.ARM.Collect$$libshutdown$$00000002)
    __rt_lib_shutdown_fp_trap_1              0x08000217   Thumb Code     0  libshutdown2.o(.ARM.Collect$$libshutdown$$00000007)
    __rt_lib_shutdown_heap_1                 0x08000217   Thumb Code     0  libshutdown2.o(.ARM.Collect$$libshutdown$$0000000F)
    __rt_lib_shutdown_return                 0x08000217   Thumb Code     0  libshutdown2.o(.ARM.Collect$$libshutdown$$00000010)
    __rt_lib_shutdown_signal_1               0x08000217   Thumb Code     0  libshutdown2.o(.ARM.Collect$$libshutdown$$0000000A)
    __rt_lib_shutdown_stdio_1                0x08000217   Thumb Code     0  libshutdown2.o(.ARM.Collect$$libshutdown$$00000004)
    __rt_lib_shutdown_user_alloc_1           0x08000217   Thumb Code     0  libshutdown2.o(.ARM.Collect$$libshutdown$$0000000C)
    __rt_entry                               0x08000219   Thumb Code     0  __rtentry.o(.ARM.Collect$$rtentry$$00000000)
    __rt_entry_presh_1                       0x08000219   Thumb Code     0  __rtentry2.o(.ARM.Collect$$rtentry$$00000002)
    __rt_entry_sh                            0x08000219   Thumb Code     0  __rtentry4.o(.ARM.Collect$$rtentry$$00000004)
    __rt_entry_li                            0x0800021f   Thumb Code     0  __rtentry2.o(.ARM.Collect$$rtentry$$0000000A)
    __rt_entry_postsh_1                      0x0800021f   Thumb Code     0  __rtentry2.o(.ARM.Collect$$rtentry$$00000009)
    __rt_entry_main                          0x08000223   Thumb Code     0  __rtentry2.o(.ARM.Collect$$rtentry$$0000000D)
    __rt_entry_postli_1                      0x08000223   Thumb Code     0  __rtentry2.o(.ARM.Collect$$rtentry$$0000000C)
    __rt_exit                                0x0800022b   Thumb Code     0  rtexit.o(.ARM.Collect$$rtexit$$00000000)
    __rt_exit_ls                             0x0800022d   Thumb Code     0  rtexit2.o(.ARM.Collect$$rtexit$$00000003)
    __rt_exit_prels_1                        0x0800022d   Thumb Code     0  rtexit2.o(.ARM.Collect$$rtexit$$00000002)
    __rt_exit_exit                           0x08000231   Thumb Code     0  rtexit2.o(.ARM.Collect$$rtexit$$00000004)
    Delay                                    0x08000239   Thumb Code    16  main.o(.text)
    main                                     0x08000249   Thumb Code   286  main.o(.text)
    TimingDelay_Decrement                    0x08000367   Thumb Code    34  main.o(.text)
    LCD_CS_ResetBits                         0x08000389   Thumb Code    56  main.o(.text)
    DCMI_Config                              0x08000421   Thumb Code   444  dcmi_ov7725.o(.text)
    MCO1_Init                                0x080005dd   Thumb Code    78  dcmi_ov7725.o(.text)
    DCMI_0V7670_PWDN_Init                    0x0800062b   Thumb Code    70  dcmi_ov7725.o(.text)
    DCMI_OV7725_Init                         0x08000671   Thumb Code    82  dcmi_ov7725.o(.text)
    DCMI_OV7725_ReadID                       0x080006c3   Thumb Code    76  dcmi_ov7725.o(.text)
    OV7725_config_window                     0x0800070f   Thumb Code   142  dcmi_ov7725.o(.text)
    SCCB_GPIO_Config                         0x080007d1   Thumb Code   148  sccb.o(.text)
    DCMI_SingleRandomWrite                   0x08000865   Thumb Code   160  sccb.o(.text)
    DCMI_SingleRandomRead                    0x08000905   Thumb Code   290  sccb.o(.text)
    GetASCIICode                             0x08000a41   Thumb Code    16  asciilib.o(.text)
    LCD_Initializtion                        0x08000b93   Thumb Code  5720  lcd.o(.text)
    LCD_SetCursor                            0x080021eb   Thumb Code    60  lcd.o(.text)
    LCD_Clear                                0x08002227   Thumb Code   116  lcd.o(.text)
    LCD_GetPoint                             0x0800229b   Thumb Code    94  lcd.o(.text)
    LCD_SetPoint                             0x080022f9   Thumb Code    32  lcd.o(.text)
    LCD_DrawLine                             0x08002319   Thumb Code   222  lcd.o(.text)
    PutChar                                  0x080023f7   Thumb Code    84  lcd.o(.text)
    GUI_Text                                 0x0800244b   Thumb Code    70  lcd.o(.text)
    GUI_Text_variables                       0x08002491   Thumb Code    40  lcd.o(.text)
    Prepare_Write_RAM                        0x080024b9   Thumb Code    10  lcd.o(.text)
    GUI_Num                                  0x080024c3   Thumb Code   148  lcd.o(.text)
    USART_Configuration                      0x080025d1   Thumb Code   198  usart.o(.text)
    UART3_SendChar                           0x08002697   Thumb Code   170  usart.o(.text)
    USART_NVIC_Config                        0x08002741   Thumb Code    32  usart.o(.text)
    _sys_exit                                0x08002761   Thumb Code     2  usart.o(.text)
    fputc                                    0x08002763   Thumb Code    30  usart.o(.text)
    itoa                                     0x08002781   Thumb Code    90  usart.o(.text)
    USART_OUT                                0x080027db   Thumb Code   180  usart.o(.text)
    NMI_Handler                              0x0800289d   Thumb Code     2  stm32f4xx_it.o(.text)
    HardFault_Handler                        0x0800289f   Thumb Code     2  stm32f4xx_it.o(.text)
    MemManage_Handler                        0x080028a1   Thumb Code     2  stm32f4xx_it.o(.text)
    BusFault_Handler                         0x080028a3   Thumb Code     2  stm32f4xx_it.o(.text)
    UsageFault_Handler                       0x080028a5   Thumb Code     2  stm32f4xx_it.o(.text)
    SVC_Handler                              0x080028a7   Thumb Code     2  stm32f4xx_it.o(.text)
    DebugMon_Handler                         0x080028a9   Thumb Code     2  stm32f4xx_it.o(.text)
    PendSV_Handler                           0x080028ab   Thumb Code     2  stm32f4xx_it.o(.text)
    SysTick_Handler                          0x080028ad   Thumb Code     4  stm32f4xx_it.o(.text)
    TIM3_IRQHandler                          0x080028b1   Thumb Code    40  stm32f4xx_it.o(.text)
    TIM2_IRQHandler                          0x080028d9   Thumb Code    36  stm32f4xx_it.o(.text)
    USART1_IRQHandler                        0x080028fd   Thumb Code    66  stm32f4xx_it.o(.text)
    DCMI_IRQHandler                          0x0800293f   Thumb Code   152  stm32f4xx_it.o(.text)
    USART3_IRQHandler                        0x080029d7   Thumb Code    40  stm32f4xx_it.o(.text)
    CAN1_RX0_IRQHandler                      0x080029ff   Thumb Code    40  stm32f4xx_it.o(.text)
    DMA2_Stream1_IRQHandler                  0x08002a27   Thumb Code    52  stm32f4xx_it.o(.text)
    wait                                     0x08002ab9   Thumb Code     6  timer.o(.text)
    TIM_Init                                 0x08002abf   Thumb Code   370  timer.o(.text)
    TIM_Delayus                              0x08002c31   Thumb Code   272  timer.o(.text)
    TIM_Delay100us                           0x08002d41   Thumb Code   278  timer.o(.text)
    TIM_Delayms                              0x08002e57   Thumb Code    26  timer.o(.text)
    frameSpeedOut                            0x08002e7d   Thumb Code    50  camera.o(.text)
    showSrcImgOnLCD                          0x08002eaf   Thumb Code   148  camera.o(.text)
    getBallColor                             0x08002f43   Thumb Code   110  camera.o(.text)
    Reset_Handler                            0x08002fc5   Thumb Code     8  startup_stm32f4xx.o(.text)
    ADC_IRQHandler                           0x08002fdf   Thumb Code     0  startup_stm32f4xx.o(.text)
    CAN1_RX1_IRQHandler                      0x08002fdf   Thumb Code     0  startup_stm32f4xx.o(.text)
    CAN1_SCE_IRQHandler                      0x08002fdf   Thumb Code     0  startup_stm32f4xx.o(.text)
    CAN1_TX_IRQHandler                       0x08002fdf   Thumb Code     0  startup_stm32f4xx.o(.text)
    CAN2_RX0_IRQHandler                      0x08002fdf   Thumb Code     0  startup_stm32f4xx.o(.text)
    CAN2_RX1_IRQHandler                      0x08002fdf   Thumb Code     0  startup_stm32f4xx.o(.text)
    CAN2_SCE_IRQHandler                      0x08002fdf   Thumb Code     0  startup_stm32f4xx.o(.text)
    CAN2_TX_IRQHandler                       0x08002fdf   Thumb Code     0  startup_stm32f4xx.o(.text)
    CRYP_IRQHandler                          0x08002fdf   Thumb Code     0  startup_stm32f4xx.o(.text)
    DMA1_Stream0_IRQHandler                  0x08002fdf   Thumb Code     0  startup_stm32f4xx.o(.text)
    DMA1_Stream1_IRQHandler                  0x08002fdf   Thumb Code     0  startup_stm32f4xx.o(.text)
    DMA1_Stream2_IRQHandler                  0x08002fdf   Thumb Code     0  startup_stm32f4xx.o(.text)
    DMA1_Stream3_IRQHandler                  0x08002fdf   Thumb Code     0  startup_stm32f4xx.o(.text)
    DMA1_Stream4_IRQHandler                  0x08002fdf   Thumb Code     0  startup_stm32f4xx.o(.text)
    DMA1_Stream5_IRQHandler                  0x08002fdf   Thumb Code     0  startup_stm32f4xx.o(.text)
    DMA1_Stream6_IRQHandler                  0x08002fdf   Thumb Code     0  startup_stm32f4xx.o(.text)
    DMA1_Stream7_IRQHandler                  0x08002fdf   Thumb Code     0  startup_stm32f4xx.o(.text)
    DMA2_Stream0_IRQHandler                  0x08002fdf   Thumb Code     0  startup_stm32f4xx.o(.text)
    DMA2_Stream2_IRQHandler                  0x08002fdf   Thumb Code     0  startup_stm32f4xx.o(.text)
    DMA2_Stream3_IRQHandler                  0x08002fdf   Thumb Code     0  startup_stm32f4xx.o(.text)
    DMA2_Stream4_IRQHandler                  0x08002fdf   Thumb Code     0  startup_stm32f4xx.o(.text)
    DMA2_Stream5_IRQHandler                  0x08002fdf   Thumb Code     0  startup_stm32f4xx.o(.text)
    DMA2_Stream6_IRQHandler                  0x08002fdf   Thumb Code     0  startup_stm32f4xx.o(.text)
    DMA2_Stream7_IRQHandler                  0x08002fdf   Thumb Code     0  startup_stm32f4xx.o(.text)
    ETH_IRQHandler                           0x08002fdf   Thumb Code     0  startup_stm32f4xx.o(.text)
    ETH_WKUP_IRQHandler                      0x08002fdf   Thumb Code     0  startup_stm32f4xx.o(.text)
    EXTI0_IRQHandler                         0x08002fdf   Thumb Code     0  startup_stm32f4xx.o(.text)
    EXTI15_10_IRQHandler                     0x08002fdf   Thumb Code     0  startup_stm32f4xx.o(.text)
    EXTI1_IRQHandler                         0x08002fdf   Thumb Code     0  startup_stm32f4xx.o(.text)
    EXTI2_IRQHandler                         0x08002fdf   Thumb Code     0  startup_stm32f4xx.o(.text)
    EXTI3_IRQHandler                         0x08002fdf   Thumb Code     0  startup_stm32f4xx.o(.text)
    EXTI4_IRQHandler                         0x08002fdf   Thumb Code     0  startup_stm32f4xx.o(.text)
    EXTI9_5_IRQHandler                       0x08002fdf   Thumb Code     0  startup_stm32f4xx.o(.text)
    FLASH_IRQHandler                         0x08002fdf   Thumb Code     0  startup_stm32f4xx.o(.text)
    FPU_IRQHandler                           0x08002fdf   Thumb Code     0  startup_stm32f4xx.o(.text)
    FSMC_IRQHandler                          0x08002fdf   Thumb Code     0  startup_stm32f4xx.o(.text)
    HASH_RNG_IRQHandler                      0x08002fdf   Thumb Code     0  startup_stm32f4xx.o(.text)
    I2C1_ER_IRQHandler                       0x08002fdf   Thumb Code     0  startup_stm32f4xx.o(.text)
    I2C1_EV_IRQHandler                       0x08002fdf   Thumb Code     0  startup_stm32f4xx.o(.text)
    I2C2_ER_IRQHandler                       0x08002fdf   Thumb Code     0  startup_stm32f4xx.o(.text)
    I2C2_EV_IRQHandler                       0x08002fdf   Thumb Code     0  startup_stm32f4xx.o(.text)
    I2C3_ER_IRQHandler                       0x08002fdf   Thumb Code     0  startup_stm32f4xx.o(.text)
    I2C3_EV_IRQHandler                       0x08002fdf   Thumb Code     0  startup_stm32f4xx.o(.text)
    OTG_FS_IRQHandler                        0x08002fdf   Thumb Code     0  startup_stm32f4xx.o(.text)
    OTG_FS_WKUP_IRQHandler                   0x08002fdf   Thumb Code     0  startup_stm32f4xx.o(.text)
    OTG_HS_EP1_IN_IRQHandler                 0x08002fdf   Thumb Code     0  startup_stm32f4xx.o(.text)
    OTG_HS_EP1_OUT_IRQHandler                0x08002fdf   Thumb Code     0  startup_stm32f4xx.o(.text)
    OTG_HS_IRQHandler                        0x08002fdf   Thumb Code     0  startup_stm32f4xx.o(.text)
    OTG_HS_WKUP_IRQHandler                   0x08002fdf   Thumb Code     0  startup_stm32f4xx.o(.text)
    PVD_IRQHandler                           0x08002fdf   Thumb Code     0  startup_stm32f4xx.o(.text)
    RCC_IRQHandler                           0x08002fdf   Thumb Code     0  startup_stm32f4xx.o(.text)
    RTC_Alarm_IRQHandler                     0x08002fdf   Thumb Code     0  startup_stm32f4xx.o(.text)
    RTC_WKUP_IRQHandler                      0x08002fdf   Thumb Code     0  startup_stm32f4xx.o(.text)
    SDIO_IRQHandler                          0x08002fdf   Thumb Code     0  startup_stm32f4xx.o(.text)
    SPI1_IRQHandler                          0x08002fdf   Thumb Code     0  startup_stm32f4xx.o(.text)
    SPI2_IRQHandler                          0x08002fdf   Thumb Code     0  startup_stm32f4xx.o(.text)
    SPI3_IRQHandler                          0x08002fdf   Thumb Code     0  startup_stm32f4xx.o(.text)
    TAMP_STAMP_IRQHandler                    0x08002fdf   Thumb Code     0  startup_stm32f4xx.o(.text)
    TIM1_BRK_TIM9_IRQHandler                 0x08002fdf   Thumb Code     0  startup_stm32f4xx.o(.text)
    TIM1_CC_IRQHandler                       0x08002fdf   Thumb Code     0  startup_stm32f4xx.o(.text)
    TIM1_TRG_COM_TIM11_IRQHandler            0x08002fdf   Thumb Code     0  startup_stm32f4xx.o(.text)
    TIM1_UP_TIM10_IRQHandler                 0x08002fdf   Thumb Code     0  startup_stm32f4xx.o(.text)
    TIM4_IRQHandler                          0x08002fdf   Thumb Code     0  startup_stm32f4xx.o(.text)
    TIM5_IRQHandler                          0x08002fdf   Thumb Code     0  startup_stm32f4xx.o(.text)
    TIM6_DAC_IRQHandler                      0x08002fdf   Thumb Code     0  startup_stm32f4xx.o(.text)
    TIM7_IRQHandler                          0x08002fdf   Thumb Code     0  startup_stm32f4xx.o(.text)
    TIM8_BRK_TIM12_IRQHandler                0x08002fdf   Thumb Code     0  startup_stm32f4xx.o(.text)
    TIM8_CC_IRQHandler                       0x08002fdf   Thumb Code     0  startup_stm32f4xx.o(.text)
    TIM8_TRG_COM_TIM14_IRQHandler            0x08002fdf   Thumb Code     0  startup_stm32f4xx.o(.text)
    TIM8_UP_TIM13_IRQHandler                 0x08002fdf   Thumb Code     0  startup_stm32f4xx.o(.text)
    UART4_IRQHandler                         0x08002fdf   Thumb Code     0  startup_stm32f4xx.o(.text)
    UART5_IRQHandler                         0x08002fdf   Thumb Code     0  startup_stm32f4xx.o(.text)
    USART2_IRQHandler                        0x08002fdf   Thumb Code     0  startup_stm32f4xx.o(.text)
    USART6_IRQHandler                        0x08002fdf   Thumb Code     0  startup_stm32f4xx.o(.text)
    WWDG_IRQHandler                          0x08002fdf   Thumb Code     0  startup_stm32f4xx.o(.text)
    __user_initial_stackheap                 0x08002fe1   Thumb Code     0  startup_stm32f4xx.o(.text)
    NVIC_PriorityGroupConfig                 0x08003005   Thumb Code    10  misc.o(.text)
    NVIC_Init                                0x0800300f   Thumb Code    96  misc.o(.text)
    NVIC_SetVectorTable                      0x0800306f   Thumb Code    14  misc.o(.text)
    NVIC_SystemLPConfig                      0x0800307d   Thumb Code    20  misc.o(.text)
    SysTick_CLKSourceConfig                  0x08003091   Thumb Code    24  misc.o(.text)
    DCMI_DeInit                              0x080030b5   Thumb Code    22  stm32f4xx_dcmi.o(.text)
    DCMI_Init                                0x080030cb   Thumb Code    54  stm32f4xx_dcmi.o(.text)
    DCMI_StructInit                          0x08003101   Thumb Code    18  stm32f4xx_dcmi.o(.text)
    DCMI_CROPConfig                          0x08003113   Thumb Code    20  stm32f4xx_dcmi.o(.text)
    DCMI_CROPCmd                             0x08003127   Thumb Code    22  stm32f4xx_dcmi.o(.text)
    DCMI_SetEmbeddedSynchroCodes             0x0800313d   Thumb Code    14  stm32f4xx_dcmi.o(.text)
    DCMI_JPEGCmd                             0x0800314b   Thumb Code    22  stm32f4xx_dcmi.o(.text)
    DCMI_Cmd                                 0x08003161   Thumb Code    22  stm32f4xx_dcmi.o(.text)
    DCMI_CaptureCmd                          0x08003177   Thumb Code    22  stm32f4xx_dcmi.o(.text)
    DCMI_ReadData                            0x0800318d   Thumb Code     6  stm32f4xx_dcmi.o(.text)
    DCMI_ITConfig                            0x08003193   Thumb Code    22  stm32f4xx_dcmi.o(.text)
    DCMI_GetFlagStatus                       0x080031a9   Thumb Code    34  stm32f4xx_dcmi.o(.text)
    DCMI_ClearFlag                           0x080031cb   Thumb Code     6  stm32f4xx_dcmi.o(.text)
    DCMI_GetITStatus                         0x080031d1   Thumb Code    16  stm32f4xx_dcmi.o(.text)
    DCMI_ClearITPendingBit                   0x080031e1   Thumb Code     6  stm32f4xx_dcmi.o(.text)
    DMA_DeInit                               0x080031ed   Thumb Code   272  stm32f4xx_dma.o(.text)
    DMA_Init                                 0x080032fd   Thumb Code    80  stm32f4xx_dma.o(.text)
    DMA_StructInit                           0x0800334d   Thumb Code    34  stm32f4xx_dma.o(.text)
    DMA_Cmd                                  0x0800336f   Thumb Code    20  stm32f4xx_dma.o(.text)
    DMA_PeriphIncOffsetSizeConfig            0x08003383   Thumb Code    20  stm32f4xx_dma.o(.text)
    DMA_FlowControllerConfig                 0x08003397   Thumb Code    20  stm32f4xx_dma.o(.text)
    DMA_SetCurrDataCounter                   0x080033ab   Thumb Code     4  stm32f4xx_dma.o(.text)
    DMA_GetCurrDataCounter                   0x080033af   Thumb Code     6  stm32f4xx_dma.o(.text)
    DMA_DoubleBufferModeConfig               0x080033b5   Thumb Code    22  stm32f4xx_dma.o(.text)
    DMA_DoubleBufferModeCmd                  0x080033cb   Thumb Code    20  stm32f4xx_dma.o(.text)
    DMA_MemoryTargetConfig                   0x080033df   Thumb Code    10  stm32f4xx_dma.o(.text)
    DMA_GetCurrentMemoryTarget               0x080033e9   Thumb Code    14  stm32f4xx_dma.o(.text)
    DMA_GetCmdStatus                         0x080033f7   Thumb Code    14  stm32f4xx_dma.o(.text)
    DMA_GetFIFOStatus                        0x08003405   Thumb Code     8  stm32f4xx_dma.o(.text)
    DMA_GetFlagStatus                        0x0800340d   Thumb Code    42  stm32f4xx_dma.o(.text)
    DMA_ClearFlag                            0x08003437   Thumb Code    34  stm32f4xx_dma.o(.text)
    DMA_ITConfig                             0x08003459   Thumb Code    44  stm32f4xx_dma.o(.text)
    DMA_GetITStatus                          0x08003485   Thumb Code    70  stm32f4xx_dma.o(.text)
    DMA_ClearITPendingBit                    0x080034cb   Thumb Code    34  stm32f4xx_dma.o(.text)
    FSMC_NORSRAMDeInit                       0x0800350d   Thumb Code    40  stm32f4xx_fsmc.o(.text)
    FSMC_NORSRAMInit                         0x08003535   Thumb Code   200  stm32f4xx_fsmc.o(.text)
    FSMC_NORSRAMStructInit                   0x080035fd   Thumb Code    98  stm32f4xx_fsmc.o(.text)
    FSMC_NORSRAMCmd                          0x0800365f   Thumb Code    26  stm32f4xx_fsmc.o(.text)
    FSMC_NANDDeInit                          0x08003679   Thumb Code    40  stm32f4xx_fsmc.o(.text)
    FSMC_NANDInit                            0x080036a1   Thumb Code   104  stm32f4xx_fsmc.o(.text)
    FSMC_NANDStructInit                      0x08003709   Thumb Code    54  stm32f4xx_fsmc.o(.text)
    FSMC_NANDCmd                             0x0800373f   Thumb Code    54  stm32f4xx_fsmc.o(.text)
    FSMC_NANDECCCmd                          0x08003775   Thumb Code    54  stm32f4xx_fsmc.o(.text)
    FSMC_GetECC                              0x080037ab   Thumb Code    18  stm32f4xx_fsmc.o(.text)
    FSMC_PCCARDDeInit                        0x080037bd   Thumb Code    26  stm32f4xx_fsmc.o(.text)
    FSMC_PCCARDInit                          0x080037d7   Thumb Code   102  stm32f4xx_fsmc.o(.text)
    FSMC_PCCARDStructInit                    0x0800383d   Thumb Code    60  stm32f4xx_fsmc.o(.text)
    FSMC_PCCARDCmd                           0x08003879   Thumb Code    28  stm32f4xx_fsmc.o(.text)
    FSMC_ITConfig                            0x08003895   Thumb Code    72  stm32f4xx_fsmc.o(.text)
    FSMC_GetFlagStatus                       0x080038dd   Thumb Code    40  stm32f4xx_fsmc.o(.text)
    FSMC_ClearFlag                           0x08003905   Thumb Code    38  stm32f4xx_fsmc.o(.text)
    FSMC_GetITStatus                         0x0800392b   Thumb Code    48  stm32f4xx_fsmc.o(.text)
    FSMC_ClearITPendingBit                   0x0800395b   Thumb Code    42  stm32f4xx_fsmc.o(.text)
    GPIO_DeInit                              0x08003989   Thumb Code   192  stm32f4xx_gpio.o(.text)
    GPIO_Init                                0x08003a49   Thumb Code   162  stm32f4xx_gpio.o(.text)
    GPIO_StructInit                          0x08003aeb   Thumb Code    18  stm32f4xx_gpio.o(.text)
    GPIO_PinLockConfig                       0x08003afd   Thumb Code    24  stm32f4xx_gpio.o(.text)
    GPIO_ReadInputDataBit                    0x08003b15   Thumb Code    14  stm32f4xx_gpio.o(.text)
    GPIO_ReadInputData                       0x08003b23   Thumb Code     6  stm32f4xx_gpio.o(.text)
    GPIO_ReadOutputDataBit                   0x08003b29   Thumb Code    14  stm32f4xx_gpio.o(.text)
    GPIO_ReadOutputData                      0x08003b37   Thumb Code     6  stm32f4xx_gpio.o(.text)
    GPIO_SetBits                             0x08003b3d   Thumb Code     4  stm32f4xx_gpio.o(.text)
    GPIO_ResetBits                           0x08003b41   Thumb Code     4  stm32f4xx_gpio.o(.text)
    GPIO_WriteBit                            0x08003b45   Thumb Code    10  stm32f4xx_gpio.o(.text)
    GPIO_Write                               0x08003b4f   Thumb Code     4  stm32f4xx_gpio.o(.text)
    GPIO_ToggleBits                          0x08003b53   Thumb Code     8  stm32f4xx_gpio.o(.text)
    GPIO_PinAFConfig                         0x08003b5b   Thumb Code    32  stm32f4xx_gpio.o(.text)
    I2C_DeInit                               0x08003ba1   Thumb Code    56  stm32f4xx_i2c.o(.text)
    I2C_Init                                 0x08003bd9   Thumb Code   174  stm32f4xx_i2c.o(.text)
    I2C_StructInit                           0x08003c87   Thumb Code    28  stm32f4xx_i2c.o(.text)
    I2C_Cmd                                  0x08003ca3   Thumb Code    20  stm32f4xx_i2c.o(.text)
    I2C_GenerateSTART                        0x08003cb7   Thumb Code    20  stm32f4xx_i2c.o(.text)
    I2C_GenerateSTOP                         0x08003ccb   Thumb Code    20  stm32f4xx_i2c.o(.text)
    I2C_Send7bitAddress                      0x08003cdf   Thumb Code    16  stm32f4xx_i2c.o(.text)
    I2C_AcknowledgeConfig                    0x08003cef   Thumb Code    20  stm32f4xx_i2c.o(.text)
    I2C_OwnAddress2Config                    0x08003d03   Thumb Code    16  stm32f4xx_i2c.o(.text)
    I2C_DualAddressCmd                       0x08003d13   Thumb Code    20  stm32f4xx_i2c.o(.text)
    I2C_GeneralCallCmd                       0x08003d27   Thumb Code    20  stm32f4xx_i2c.o(.text)
    I2C_SoftwareResetCmd                     0x08003d3b   Thumb Code    20  stm32f4xx_i2c.o(.text)
    I2C_StretchClockCmd                      0x08003d4f   Thumb Code    20  stm32f4xx_i2c.o(.text)
    I2C_FastModeDutyCycleConfig              0x08003d63   Thumb Code    22  stm32f4xx_i2c.o(.text)
    I2C_NACKPositionConfig                   0x08003d79   Thumb Code    22  stm32f4xx_i2c.o(.text)
    I2C_SMBusAlertConfig                     0x08003d8f   Thumb Code    22  stm32f4xx_i2c.o(.text)
    I2C_ARPCmd                               0x08003da5   Thumb Code    20  stm32f4xx_i2c.o(.text)
    I2C_SendData                             0x08003db9   Thumb Code     4  stm32f4xx_i2c.o(.text)
    I2C_ReceiveData                          0x08003dbd   Thumb Code     6  stm32f4xx_i2c.o(.text)
    I2C_TransmitPEC                          0x08003dc3   Thumb Code    20  stm32f4xx_i2c.o(.text)
    I2C_PECPositionConfig                    0x08003dd7   Thumb Code    22  stm32f4xx_i2c.o(.text)
    I2C_CalculatePEC                         0x08003ded   Thumb Code    20  stm32f4xx_i2c.o(.text)
    I2C_GetPEC                               0x08003e01   Thumb Code     6  stm32f4xx_i2c.o(.text)
    I2C_DMACmd                               0x08003e07   Thumb Code    20  stm32f4xx_i2c.o(.text)
    I2C_DMALastTransferCmd                   0x08003e1b   Thumb Code    20  stm32f4xx_i2c.o(.text)
    I2C_ReadRegister                         0x08003e2f   Thumb Code    10  stm32f4xx_i2c.o(.text)
    I2C_ITConfig                             0x08003e39   Thumb Code    16  stm32f4xx_i2c.o(.text)
    I2C_CheckEvent                           0x08003e49   Thumb Code    24  stm32f4xx_i2c.o(.text)
    I2C_GetLastEvent                         0x08003e61   Thumb Code    14  stm32f4xx_i2c.o(.text)
    I2C_GetFlagStatus                        0x08003e6f   Thumb Code    42  stm32f4xx_i2c.o(.text)
    I2C_ClearFlag                            0x08003e99   Thumb Code     6  stm32f4xx_i2c.o(.text)
    I2C_GetITStatus                          0x08003e9f   Thumb Code    36  stm32f4xx_i2c.o(.text)
    I2C_ClearITPendingBit                    0x08003ec3   Thumb Code     6  stm32f4xx_i2c.o(.text)
    RCC_DeInit                               0x08003edd   Thumb Code    48  stm32f4xx_rcc.o(.text)
    RCC_HSEConfig                            0x08003f0d   Thumb Code    12  stm32f4xx_rcc.o(.text)
    RCC_GetFlagStatus                        0x08003f19   Thumb Code    46  stm32f4xx_rcc.o(.text)
    RCC_WaitForHSEStartUp                    0x08003f47   Thumb Code    44  stm32f4xx_rcc.o(.text)
    RCC_AdjustHSICalibrationValue            0x08003f73   Thumb Code    16  stm32f4xx_rcc.o(.text)
    RCC_HSICmd                               0x08003f83   Thumb Code     6  stm32f4xx_rcc.o(.text)
    RCC_LSEConfig                            0x08003f89   Thumb Code    24  stm32f4xx_rcc.o(.text)
    RCC_LSICmd                               0x08003fa1   Thumb Code     6  stm32f4xx_rcc.o(.text)
    RCC_PLLConfig                            0x08003fa7   Thumb Code    32  stm32f4xx_rcc.o(.text)
    RCC_PLLCmd                               0x08003fc7   Thumb Code     6  stm32f4xx_rcc.o(.text)
    RCC_PLLI2SConfig                         0x08003fcd   Thumb Code    14  stm32f4xx_rcc.o(.text)
    RCC_PLLI2SCmd                            0x08003fdb   Thumb Code     6  stm32f4xx_rcc.o(.text)
    RCC_ClockSecuritySystemCmd               0x08003fe1   Thumb Code     6  stm32f4xx_rcc.o(.text)
    RCC_MCO1Config                           0x08003fe7   Thumb Code    18  stm32f4xx_rcc.o(.text)
    RCC_MCO2Config                           0x08003ff9   Thumb Code    18  stm32f4xx_rcc.o(.text)
    RCC_SYSCLKConfig                         0x0800400b   Thumb Code    16  stm32f4xx_rcc.o(.text)
    RCC_GetSYSCLKSource                      0x0800401b   Thumb Code    12  stm32f4xx_rcc.o(.text)
    RCC_HCLKConfig                           0x08004027   Thumb Code    16  stm32f4xx_rcc.o(.text)
    RCC_PCLK1Config                          0x08004037   Thumb Code    16  stm32f4xx_rcc.o(.text)
    RCC_PCLK2Config                          0x08004047   Thumb Code    18  stm32f4xx_rcc.o(.text)
    RCC_GetClocksFreq                        0x08004059   Thumb Code   134  stm32f4xx_rcc.o(.text)
    RCC_RTCCLKConfig                         0x080040df   Thumb Code    42  stm32f4xx_rcc.o(.text)
    RCC_RTCCLKCmd                            0x08004109   Thumb Code     8  stm32f4xx_rcc.o(.text)
    RCC_BackupResetCmd                       0x08004111   Thumb Code     8  stm32f4xx_rcc.o(.text)
    RCC_I2SCLKConfig                         0x08004119   Thumb Code     8  stm32f4xx_rcc.o(.text)
    RCC_AHB1PeriphClockCmd                   0x08004121   Thumb Code    20  stm32f4xx_rcc.o(.text)
    RCC_AHB2PeriphClockCmd                   0x08004135   Thumb Code    20  stm32f4xx_rcc.o(.text)
    RCC_AHB3PeriphClockCmd                   0x08004149   Thumb Code    20  stm32f4xx_rcc.o(.text)
    RCC_APB1PeriphClockCmd                   0x0800415d   Thumb Code    20  stm32f4xx_rcc.o(.text)
    RCC_APB2PeriphClockCmd                   0x08004171   Thumb Code    20  stm32f4xx_rcc.o(.text)
    RCC_AHB1PeriphResetCmd                   0x08004185   Thumb Code    20  stm32f4xx_rcc.o(.text)
    RCC_AHB2PeriphResetCmd                   0x08004199   Thumb Code    20  stm32f4xx_rcc.o(.text)
    RCC_AHB3PeriphResetCmd                   0x080041ad   Thumb Code    20  stm32f4xx_rcc.o(.text)
    RCC_APB1PeriphResetCmd                   0x080041c1   Thumb Code    20  stm32f4xx_rcc.o(.text)
    RCC_APB2PeriphResetCmd                   0x080041d5   Thumb Code    20  stm32f4xx_rcc.o(.text)
    RCC_AHB1PeriphClockLPModeCmd             0x080041e9   Thumb Code    20  stm32f4xx_rcc.o(.text)
    RCC_AHB2PeriphClockLPModeCmd             0x080041fd   Thumb Code    20  stm32f4xx_rcc.o(.text)
    RCC_AHB3PeriphClockLPModeCmd             0x08004211   Thumb Code    20  stm32f4xx_rcc.o(.text)
    RCC_APB1PeriphClockLPModeCmd             0x08004225   Thumb Code    20  stm32f4xx_rcc.o(.text)
    RCC_APB2PeriphClockLPModeCmd             0x08004239   Thumb Code    20  stm32f4xx_rcc.o(.text)
    RCC_ITConfig                             0x0800424d   Thumb Code    20  stm32f4xx_rcc.o(.text)
    RCC_ClearFlag                            0x08004261   Thumb Code    14  stm32f4xx_rcc.o(.text)
    RCC_GetITStatus                          0x0800426f   Thumb Code    18  stm32f4xx_rcc.o(.text)
    RCC_ClearITPendingBit                    0x08004281   Thumb Code     8  stm32f4xx_rcc.o(.text)
    USART_DeInit                             0x080042ad   Thumb Code   114  stm32f4xx_usart.o(.text)
    USART_Init                               0x0800431f   Thumb Code   164  stm32f4xx_usart.o(.text)
    USART_StructInit                         0x080043c3   Thumb Code    22  stm32f4xx_usart.o(.text)
    USART_ClockInit                          0x080043d9   Thumb Code    28  stm32f4xx_usart.o(.text)
    USART_ClockStructInit                    0x080043f5   Thumb Code    12  stm32f4xx_usart.o(.text)
    USART_Cmd                                0x08004401   Thumb Code    20  stm32f4xx_usart.o(.text)
    USART_SetPrescaler                       0x08004415   Thumb Code    16  stm32f4xx_usart.o(.text)
    USART_OverSampling8Cmd                   0x08004425   Thumb Code    20  stm32f4xx_usart.o(.text)
    USART_OneBitMethodCmd                    0x08004439   Thumb Code    20  stm32f4xx_usart.o(.text)
    USART_ClearFlag                          0x0800444d   Thumb Code     6  stm32f4xx_usart.o(.text)
    USART_GetFlagStatus                      0x08004453   Thumb Code    14  stm32f4xx_usart.o(.text)
    USART_SendData                           0x08004461   Thumb Code    42  stm32f4xx_usart.o(.text)
    USART_ReceiveData                        0x0800448b   Thumb Code     8  stm32f4xx_usart.o(.text)
    USART_SetAddress                         0x08004493   Thumb Code    16  stm32f4xx_usart.o(.text)
    USART_ReceiverWakeUpCmd                  0x080044a3   Thumb Code    20  stm32f4xx_usart.o(.text)
    USART_WakeUpConfig                       0x080044b7   Thumb Code    16  stm32f4xx_usart.o(.text)
    USART_LINBreakDetectLengthConfig         0x080044c7   Thumb Code    16  stm32f4xx_usart.o(.text)
    USART_LINCmd                             0x080044d7   Thumb Code    20  stm32f4xx_usart.o(.text)
    USART_SendBreak                          0x080044eb   Thumb Code    10  stm32f4xx_usart.o(.text)
    USART_HalfDuplexCmd                      0x080044f5   Thumb Code    20  stm32f4xx_usart.o(.text)
    USART_SetGuardTime                       0x08004509   Thumb Code    16  stm32f4xx_usart.o(.text)
    USART_SmartCardCmd                       0x08004519   Thumb Code    20  stm32f4xx_usart.o(.text)
    USART_SmartCardNACKCmd                   0x0800452d   Thumb Code    20  stm32f4xx_usart.o(.text)
    USART_IrDAConfig                         0x08004541   Thumb Code    16  stm32f4xx_usart.o(.text)
    USART_IrDACmd                            0x08004551   Thumb Code    20  stm32f4xx_usart.o(.text)
    USART_DMACmd                             0x08004565   Thumb Code    16  stm32f4xx_usart.o(.text)
    USART_ITConfig                           0x08004575   Thumb Code    48  stm32f4xx_usart.o(.text)
    USART_GetITStatus                        0x080045a5   Thumb Code    62  stm32f4xx_usart.o(.text)
    USART_ClearITPendingBit                  0x080045e3   Thumb Code    12  stm32f4xx_usart.o(.text)
    CAN_DeInit                               0x08004609   Thumb Code    38  stm32f4xx_can.o(.text)
    CAN_Init                                 0x0800462f   Thumb Code   232  stm32f4xx_can.o(.text)
    CAN_FilterInit                           0x08004717   Thumb Code   194  stm32f4xx_can.o(.text)
    CAN_StructInit                           0x080047d9   Thumb Code    32  stm32f4xx_can.o(.text)
    CAN_SlaveStartBank                       0x080047f9   Thumb Code    38  stm32f4xx_can.o(.text)
    CAN_DBGFreeze                            0x0800481f   Thumb Code    20  stm32f4xx_can.o(.text)
    CAN_TTComModeCmd                         0x08004833   Thumb Code    90  stm32f4xx_can.o(.text)
    CAN_Transmit                             0x0800488d   Thumb Code   164  stm32f4xx_can.o(.text)
    CAN_TransmitStatus                       0x08004931   Thumb Code    88  stm32f4xx_can.o(.text)
    CAN_CancelTransmit                       0x08004989   Thumb Code    36  stm32f4xx_can.o(.text)
    CAN_Receive                              0x080049ad   Thumb Code   178  stm32f4xx_can.o(.text)
    CAN_FIFORelease                          0x08004a5f   Thumb Code    22  stm32f4xx_can.o(.text)
    CAN_MessagePending                       0x08004a75   Thumb Code    22  stm32f4xx_can.o(.text)
    CAN_OperatingModeRequest                 0x08004a8b   Thumb Code   140  stm32f4xx_can.o(.text)
    CAN_Sleep                                0x08004b17   Thumb Code    30  stm32f4xx_can.o(.text)
    CAN_WakeUp                               0x08004b35   Thumb Code    40  stm32f4xx_can.o(.text)
    CAN_GetLastErrorCode                     0x08004b5d   Thumb Code    10  stm32f4xx_can.o(.text)
    CAN_GetReceiveErrorCounter               0x08004b67   Thumb Code     6  stm32f4xx_can.o(.text)
    CAN_GetLSBTransmitErrorCounter           0x08004b6d   Thumb Code     8  stm32f4xx_can.o(.text)
    CAN_ITConfig                             0x08004b75   Thumb Code    16  stm32f4xx_can.o(.text)
    CAN_GetFlagStatus                        0x08004b85   Thumb Code    52  stm32f4xx_can.o(.text)
    CAN_ClearFlag                            0x08004bb9   Thumb Code    44  stm32f4xx_can.o(.text)
    CAN_GetITStatus                          0x08004be5   Thumb Code   162  stm32f4xx_can.o(.text)
    CAN_ClearITPendingBit                    0x08004c87   Thumb Code   116  stm32f4xx_can.o(.text)
    TIM_DeInit                               0x08004d11   Thumb Code   284  stm32f4xx_tim.o(.text)
    TIM_TimeBaseInit                         0x08004e2d   Thumb Code    96  stm32f4xx_tim.o(.text)
    TIM_TimeBaseStructInit                   0x08004e8d   Thumb Code    18  stm32f4xx_tim.o(.text)
    TIM_PrescalerConfig                      0x08004e9f   Thumb Code     6  stm32f4xx_tim.o(.text)
    TIM_CounterModeConfig                    0x08004ea5   Thumb Code    12  stm32f4xx_tim.o(.text)
    TIM_SetCounter                           0x08004eb1   Thumb Code     4  stm32f4xx_tim.o(.text)
    TIM_SetAutoreload                        0x08004eb5   Thumb Code     4  stm32f4xx_tim.o(.text)
    TIM_GetCounter                           0x08004eb9   Thumb Code     4  stm32f4xx_tim.o(.text)
    TIM_GetPrescaler                         0x08004ebd   Thumb Code     4  stm32f4xx_tim.o(.text)
    TIM_UpdateDisableConfig                  0x08004ec1   Thumb Code    20  stm32f4xx_tim.o(.text)
    TIM_UpdateRequestConfig                  0x08004ed5   Thumb Code    20  stm32f4xx_tim.o(.text)
    TIM_ARRPreloadConfig                     0x08004ee9   Thumb Code    20  stm32f4xx_tim.o(.text)
    TIM_SelectOnePulseMode                   0x08004efd   Thumb Code    16  stm32f4xx_tim.o(.text)
    TIM_SetClockDivision                     0x08004f0d   Thumb Code    16  stm32f4xx_tim.o(.text)
    TIM_Cmd                                  0x08004f1d   Thumb Code    20  stm32f4xx_tim.o(.text)
    TIM_OC1Init                              0x08004f31   Thumb Code    88  stm32f4xx_tim.o(.text)
    TIM_OC2Init                              0x08004f89   Thumb Code   120  stm32f4xx_tim.o(.text)
    TIM_OC3Init                              0x08005001   Thumb Code   116  stm32f4xx_tim.o(.text)
    TIM_OC4Init                              0x08005075   Thumb Code    88  stm32f4xx_tim.o(.text)
    TIM_OCStructInit                         0x080050cd   Thumb Code    20  stm32f4xx_tim.o(.text)
    TIM_SelectOCxM                           0x080050e1   Thumb Code   130  stm32f4xx_tim.o(.text)
    TIM_SetCompare1                          0x08005163   Thumb Code     4  stm32f4xx_tim.o(.text)
    TIM_SetCompare2                          0x08005167   Thumb Code     4  stm32f4xx_tim.o(.text)
    TIM_SetCompare3                          0x0800516b   Thumb Code     4  stm32f4xx_tim.o(.text)
    TIM_SetCompare4                          0x0800516f   Thumb Code     4  stm32f4xx_tim.o(.text)
    TIM_ForcedOC1Config                      0x08005173   Thumb Code    12  stm32f4xx_tim.o(.text)
    TIM_ForcedOC2Config                      0x0800517f   Thumb Code    20  stm32f4xx_tim.o(.text)
    TIM_ForcedOC3Config                      0x08005193   Thumb Code    12  stm32f4xx_tim.o(.text)
    TIM_ForcedOC4Config                      0x0800519f   Thumb Code    20  stm32f4xx_tim.o(.text)
    TIM_OC1PreloadConfig                     0x080051b3   Thumb Code    12  stm32f4xx_tim.o(.text)
    TIM_OC2PreloadConfig                     0x080051bf   Thumb Code    20  stm32f4xx_tim.o(.text)
    TIM_OC3PreloadConfig                     0x080051d3   Thumb Code    12  stm32f4xx_tim.o(.text)
    TIM_OC4PreloadConfig                     0x080051df   Thumb Code    20  stm32f4xx_tim.o(.text)
    TIM_OC1FastConfig                        0x080051f3   Thumb Code    12  stm32f4xx_tim.o(.text)
    TIM_OC2FastConfig                        0x080051ff   Thumb Code    20  stm32f4xx_tim.o(.text)
    TIM_OC3FastConfig                        0x08005213   Thumb Code    12  stm32f4xx_tim.o(.text)
    TIM_OC4FastConfig                        0x0800521f   Thumb Code    20  stm32f4xx_tim.o(.text)
    TIM_ClearOC1Ref                          0x08005233   Thumb Code    12  stm32f4xx_tim.o(.text)
    TIM_ClearOC2Ref                          0x0800523f   Thumb Code    20  stm32f4xx_tim.o(.text)
    TIM_ClearOC3Ref                          0x08005253   Thumb Code    12  stm32f4xx_tim.o(.text)
    TIM_ClearOC4Ref                          0x0800525f   Thumb Code    20  stm32f4xx_tim.o(.text)
    TIM_OC1PolarityConfig                    0x08005273   Thumb Code    12  stm32f4xx_tim.o(.text)
    TIM_OC1NPolarityConfig                   0x0800527f   Thumb Code    12  stm32f4xx_tim.o(.text)
    TIM_OC2PolarityConfig                    0x0800528b   Thumb Code    20  stm32f4xx_tim.o(.text)
    TIM_OC2NPolarityConfig                   0x0800529f   Thumb Code    20  stm32f4xx_tim.o(.text)
    TIM_OC3PolarityConfig                    0x080052b3   Thumb Code    20  stm32f4xx_tim.o(.text)
    TIM_OC3NPolarityConfig                   0x080052c7   Thumb Code    20  stm32f4xx_tim.o(.text)
    TIM_OC4PolarityConfig                    0x080052db   Thumb Code    20  stm32f4xx_tim.o(.text)
    TIM_CCxCmd                               0x080052ef   Thumb Code    22  stm32f4xx_tim.o(.text)
    TIM_CCxNCmd                              0x08005305   Thumb Code    22  stm32f4xx_tim.o(.text)
    TIM_SetIC4Prescaler                      0x0800531b   Thumb Code    24  stm32f4xx_tim.o(.text)
    TIM_SetIC3Prescaler                      0x08005333   Thumb Code    16  stm32f4xx_tim.o(.text)
    TIM_SetIC2Prescaler                      0x08005343   Thumb Code    24  stm32f4xx_tim.o(.text)
    TIM_SetIC1Prescaler                      0x08005391   Thumb Code    16  stm32f4xx_tim.o(.text)
    TIM_ICInit                               0x080053a1   Thumb Code   164  stm32f4xx_tim.o(.text)
    TIM_ICStructInit                         0x08005445   Thumb Code    16  stm32f4xx_tim.o(.text)
    TIM_PWMIConfig                           0x08005455   Thumb Code   104  stm32f4xx_tim.o(.text)
    TIM_GetCapture1                          0x080054bd   Thumb Code     4  stm32f4xx_tim.o(.text)
    TIM_GetCapture2                          0x080054c1   Thumb Code     4  stm32f4xx_tim.o(.text)
    TIM_GetCapture3                          0x080054c5   Thumb Code     4  stm32f4xx_tim.o(.text)
    TIM_GetCapture4                          0x080054c9   Thumb Code     4  stm32f4xx_tim.o(.text)
    TIM_BDTRConfig                           0x080054cd   Thumb Code    34  stm32f4xx_tim.o(.text)
    TIM_BDTRStructInit                       0x080054ef   Thumb Code    18  stm32f4xx_tim.o(.text)
    TIM_CtrlPWMOutputs                       0x08005501   Thumb Code    22  stm32f4xx_tim.o(.text)
    TIM_SelectCOM                            0x08005517   Thumb Code    20  stm32f4xx_tim.o(.text)
    TIM_CCPreloadControl                     0x0800552b   Thumb Code    20  stm32f4xx_tim.o(.text)
    TIM_ITConfig                             0x0800553f   Thumb Code    16  stm32f4xx_tim.o(.text)
    TIM_GenerateEvent                        0x0800554f   Thumb Code     4  stm32f4xx_tim.o(.text)
    TIM_GetFlagStatus                        0x08005553   Thumb Code    14  stm32f4xx_tim.o(.text)
    TIM_ClearFlag                            0x08005561   Thumb Code     6  stm32f4xx_tim.o(.text)
    TIM_GetITStatus                          0x08005567   Thumb Code    24  stm32f4xx_tim.o(.text)
    TIM_ClearITPendingBit                    0x0800557f   Thumb Code     6  stm32f4xx_tim.o(.text)
    TIM_DMAConfig                            0x08005585   Thumb Code     8  stm32f4xx_tim.o(.text)
    TIM_DMACmd                               0x0800558d   Thumb Code    16  stm32f4xx_tim.o(.text)
    TIM_SelectCCDMA                          0x0800559d   Thumb Code    20  stm32f4xx_tim.o(.text)
    TIM_InternalClockConfig                  0x080055b1   Thumb Code    10  stm32f4xx_tim.o(.text)
    TIM_SelectInputTrigger                   0x080055bb   Thumb Code    12  stm32f4xx_tim.o(.text)
    TIM_ITRxExternalClockConfig              0x080055c7   Thumb Code    18  stm32f4xx_tim.o(.text)
    TIM_TIxExternalClockConfig               0x080055d9   Thumb Code    46  stm32f4xx_tim.o(.text)
    TIM_ETRConfig                            0x08005607   Thumb Code    24  stm32f4xx_tim.o(.text)
    TIM_ETRClockMode1Config                  0x0800561f   Thumb Code    18  stm32f4xx_tim.o(.text)
    TIM_ETRClockMode2Config                  0x08005631   Thumb Code    18  stm32f4xx_tim.o(.text)
    TIM_SelectOutputTrigger                  0x08005643   Thumb Code    16  stm32f4xx_tim.o(.text)
    TIM_SelectSlaveMode                      0x08005653   Thumb Code    16  stm32f4xx_tim.o(.text)
    TIM_SelectMasterSlaveMode                0x08005663   Thumb Code    16  stm32f4xx_tim.o(.text)
    TIM_EncoderInterfaceConfig               0x08005673   Thumb Code    50  stm32f4xx_tim.o(.text)
    TIM_SelectHallSensor                     0x080056a5   Thumb Code    20  stm32f4xx_tim.o(.text)
    TIM_RemapConfig                          0x080056b9   Thumb Code     6  stm32f4xx_tim.o(.text)
    SystemInit                               0x0800578f   Thumb Code    74  system_stm32f4xx.o(.text)
    SystemCoreClockUpdate                    0x080057d9   Thumb Code   108  system_stm32f4xx.o(.text)
    __use_no_semihosting                     0x08005869   Thumb Code     2  use_no_semi_2.o(.text)
    __2printf                                0x0800586d   Thumb Code    20  noretval__2printf.o(.text)
    __2sprintf                               0x08005885   Thumb Code    34  noretval__2sprintf.o(.text)
    __printf                                 0x080058ad   Thumb Code   104  __printf.o(.text)
    _printf_str                              0x08005915   Thumb Code    82  _printf_str.o(.text)
    _printf_int_dec                          0x08005969   Thumb Code   104  _printf_dec.o(.text)
    __aeabi_memcpy                           0x080059e1   Thumb Code     0  rt_memcpy_v6.o(.text)
    __rt_memcpy                              0x080059e1   Thumb Code   138  rt_memcpy_v6.o(.text)
    _memcpy_lastbytes                        0x08005a47   Thumb Code     0  rt_memcpy_v6.o(.text)
    __use_two_region_memory                  0x08005a6b   Thumb Code     2  heapauxi.o(.text)
    __rt_heap_escrow$2region                 0x08005a6d   Thumb Code     2  heapauxi.o(.text)
    __rt_heap_expand$2region                 0x08005a6f   Thumb Code     2  heapauxi.o(.text)
    __I$use$semihosting                      0x08005a71   Thumb Code     0  use_no_semi.o(.text)
    __use_no_semihosting_swi                 0x08005a71   Thumb Code     2  use_no_semi.o(.text)
    _printf_int_common                       0x08005a73   Thumb Code   178  _printf_intcommon.o(.text)
    _printf_char_common                      0x08005b2f   Thumb Code    32  _printf_char_common.o(.text)
    _sputc                                   0x08005b55   Thumb Code    10  _sputc.o(.text)
    _printf_cs_common                        0x08005b5f   Thumb Code    20  _printf_char.o(.text)
    _printf_char                             0x08005b73   Thumb Code    16  _printf_char.o(.text)
    _printf_string                           0x08005b83   Thumb Code     8  _printf_char.o(.text)
    _printf_char_file                        0x08005b8d   Thumb Code    32  _printf_char_file.o(.text)
    __aeabi_memcpy4                          0x08005bb1   Thumb Code     0  rt_memcpy_w.o(.text)
    __aeabi_memcpy8                          0x08005bb1   Thumb Code     0  rt_memcpy_w.o(.text)
    __rt_memcpy_w                            0x08005bb1   Thumb Code   100  rt_memcpy_w.o(.text)
    _memcpy_lastbytes_aligned                0x08005bf9   Thumb Code     0  rt_memcpy_w.o(.text)
    ferror                                   0x08005c15   Thumb Code     8  ferror.o(.text)
    __user_setup_stackheap                   0x08005c1d   Thumb Code    74  sys_stackheap_outer.o(.text)
    exit                                     0x08005c67   Thumb Code    18  exit.o(.text)
    __user_libspace                          0x08005c79   Thumb Code     8  libspace.o(.text)
    __user_perproc_libspace                  0x08005c79   Thumb Code     0  libspace.o(.text)
    __user_perthread_libspace                0x08005c79   Thumb Code     0  libspace.o(.text)
    LCD_WriteReg                             0x08005c81   Thumb Code    12  lcd.o(i.LCD_WriteReg)
    _fp_init                                 0x08005c91   Thumb Code    10  fpinit.o(x$fpl$fpinit)
    __fplib_config_fpu_vfp                   0x08005c99   Thumb Code     0  fpinit.o(x$fpl$fpinit)
    __fplib_config_pureend_doubles           0x08005c99   Thumb Code     0  fpinit.o(x$fpl$fpinit)
    change_reg                               0x08005c9a   Data         178  dcmi_ov7725.o(.constdata)
    Region$$Table$$Base                      0x0800633c   Number         0  anon$$obj.o(Region$$Table)
    Region$$Table$$Limit                     0x0800635c   Number         0  anon$$obj.o(Region$$Table)
    g_DCMI_IT_FRAME_FLAG                     0x20000000   Data           2  main.o(.data)
    fps_time                                 0x20000002   Data           2  main.o(.data)
    DCMI_TIMEOUT_MAX                         0x20000008   Data           4  sccb.o(.data)
    DeviceCode                               0x2000000e   Data           2  lcd.o(.data)
    __stdout                                 0x20000010   Data           4  usart.o(.data)
    replaceline                              0x20000014   Data           2  stm32f4xx_it.o(.data)
    startRows                                0x20000018   Data           2  camera.o(.data)
    endRows                                  0x2000001a   Data           2  camera.o(.data)
    SystemCoreClock                          0x20000030   Data           4  system_stm32f4xx.o(.data)
    AHBPrescTable                            0x20000034   Data          16  system_stm32f4xx.o(.data)
    OV                                       0x20000044   Data       25626  main.o(.bss)
    shuzu                                    0x2000645e   Data         640  stm32f4xx_it.o(.bss)
    __libspace_start                         0x200066e0   Data          96  libspace.o(.bss)
    __temporary_stack_top$libspace           0x20006740   Data           0  libspace.o(.bss)



==============================================================================

Memory Map of the image

  Image Entry point : 0x08000189

  Load Region LR_IROM1 (Base: 0x08000000, Size: 0x000063a0, Max: 0x00080000, ABSOLUTE)

    Execution Region ER_IROM1 (Exec base: 0x08000000, Load base: 0x08000000, Size: 0x0000635c, Max: 0x00080000, ABSOLUTE)

    Exec Addr    Load Addr    Size         Type   Attr      Idx    E Section Name        Object

    0x08000000   0x08000000   0x00000188   Data   RO          517    RESET               startup_stm32f4xx.o
    0x08000188   0x08000188   0x00000008   Code   RO          753  * !!!main             c_w.l(__main.o)
    0x08000190   0x08000190   0x00000034   Code   RO          940    !!!scatter          c_w.l(__scatter.o)
    0x080001c4   0x080001c4   0x0000001a   Code   RO          942    !!handler_copy      c_w.l(__scatter_copy.o)
    0x080001de   0x080001de   0x00000002   PAD
    0x080001e0   0x080001e0   0x0000001c   Code   RO          944    !!handler_zi        c_w.l(__scatter_zi.o)
    0x080001fc   0x080001fc   0x00000000   Code   RO          748    .ARM.Collect$$_printf_percent$$00000000  c_w.l(_printf_percent.o)
    0x080001fc   0x080001fc   0x00000006   Code   RO          747    .ARM.Collect$$_printf_percent$$00000009  c_w.l(_printf_d.o)
    0x08000202   0x08000202   0x00000006   Code   RO          746    .ARM.Collect$$_printf_percent$$00000013  c_w.l(_printf_c.o)
    0x08000208   0x08000208   0x00000004   Code   RO          776    .ARM.Collect$$_printf_percent$$00000017  c_w.l(_printf_percent_end.o)
    0x0800020c   0x0800020c   0x00000002   Code   RO          814    .ARM.Collect$$libinit$$00000000  c_w.l(libinit.o)
    0x0800020e   0x0800020e   0x00000004   Code   RO          820    .ARM.Collect$$libinit$$00000001  c_w.l(libinit2.o)
    0x08000212   0x08000212   0x00000000   Code   RO          823    .ARM.Collect$$libinit$$00000004  c_w.l(libinit2.o)
    0x08000212   0x08000212   0x00000000   Code   RO          826    .ARM.Collect$$libinit$$0000000A  c_w.l(libinit2.o)
    0x08000212   0x08000212   0x00000000   Code   RO          828    .ARM.Collect$$libinit$$0000000C  c_w.l(libinit2.o)
    0x08000212   0x08000212   0x00000000   Code   RO          830    .ARM.Collect$$libinit$$0000000E  c_w.l(libinit2.o)
    0x08000212   0x08000212   0x00000000   Code   RO          833    .ARM.Collect$$libinit$$00000011  c_w.l(libinit2.o)
    0x08000212   0x08000212   0x00000000   Code   RO          835    .ARM.Collect$$libinit$$00000013  c_w.l(libinit2.o)
    0x08000212   0x08000212   0x00000000   Code   RO          837    .ARM.Collect$$libinit$$00000015  c_w.l(libinit2.o)
    0x08000212   0x08000212   0x00000000   Code   RO          839    .ARM.Collect$$libinit$$00000017  c_w.l(libinit2.o)
    0x08000212   0x08000212   0x00000000   Code   RO          841    .ARM.Collect$$libinit$$00000019  c_w.l(libinit2.o)
    0x08000212   0x08000212   0x00000000   Code   RO          843    .ARM.Collect$$libinit$$0000001B  c_w.l(libinit2.o)
    0x08000212   0x08000212   0x00000000   Code   RO          845    .ARM.Collect$$libinit$$0000001D  c_w.l(libinit2.o)
    0x08000212   0x08000212   0x00000000   Code   RO          847    .ARM.Collect$$libinit$$0000001F  c_w.l(libinit2.o)
    0x08000212   0x08000212   0x00000000   Code   RO          849    .ARM.Collect$$libinit$$00000021  c_w.l(libinit2.o)
    0x08000212   0x08000212   0x00000000   Code   RO          851    .ARM.Collect$$libinit$$00000023  c_w.l(libinit2.o)
    0x08000212   0x08000212   0x00000000   Code   RO          853    .ARM.Collect$$libinit$$00000025  c_w.l(libinit2.o)
    0x08000212   0x08000212   0x00000000   Code   RO          857    .ARM.Collect$$libinit$$0000002C  c_w.l(libinit2.o)
    0x08000212   0x08000212   0x00000000   Code   RO          859    .ARM.Collect$$libinit$$0000002E  c_w.l(libinit2.o)
    0x08000212   0x08000212   0x00000000   Code   RO          861    .ARM.Collect$$libinit$$00000030  c_w.l(libinit2.o)
    0x08000212   0x08000212   0x00000000   Code   RO          863    .ARM.Collect$$libinit$$00000032  c_w.l(libinit2.o)
    0x08000212   0x08000212   0x00000002   Code   RO          864    .ARM.Collect$$libinit$$00000033  c_w.l(libinit2.o)
    0x08000214   0x08000214   0x00000002   Code   RO          882    .ARM.Collect$$libshutdown$$00000000  c_w.l(libshutdown.o)
    0x08000216   0x08000216   0x00000000   Code   RO          892    .ARM.Collect$$libshutdown$$00000002  c_w.l(libshutdown2.o)
    0x08000216   0x08000216   0x00000000   Code   RO          894    .ARM.Collect$$libshutdown$$00000004  c_w.l(libshutdown2.o)
    0x08000216   0x08000216   0x00000000   Code   RO          897    .ARM.Collect$$libshutdown$$00000007  c_w.l(libshutdown2.o)
    0x08000216   0x08000216   0x00000000   Code   RO          900    .ARM.Collect$$libshutdown$$0000000A  c_w.l(libshutdown2.o)
    0x08000216   0x08000216   0x00000000   Code   RO          902    .ARM.Collect$$libshutdown$$0000000C  c_w.l(libshutdown2.o)
    0x08000216   0x08000216   0x00000000   Code   RO          905    .ARM.Collect$$libshutdown$$0000000F  c_w.l(libshutdown2.o)
    0x08000216   0x08000216   0x00000002   Code   RO          906    .ARM.Collect$$libshutdown$$00000010  c_w.l(libshutdown2.o)
    0x08000218   0x08000218   0x00000000   Code   RO          765    .ARM.Collect$$rtentry$$00000000  c_w.l(__rtentry.o)
    0x08000218   0x08000218   0x00000000   Code   RO          785    .ARM.Collect$$rtentry$$00000002  c_w.l(__rtentry2.o)
    0x08000218   0x08000218   0x00000006   Code   RO          797    .ARM.Collect$$rtentry$$00000004  c_w.l(__rtentry4.o)
    0x0800021e   0x0800021e   0x00000000   Code   RO          787    .ARM.Collect$$rtentry$$00000009  c_w.l(__rtentry2.o)
    0x0800021e   0x0800021e   0x00000004   Code   RO          788    .ARM.Collect$$rtentry$$0000000A  c_w.l(__rtentry2.o)
    0x08000222   0x08000222   0x00000000   Code   RO          790    .ARM.Collect$$rtentry$$0000000C  c_w.l(__rtentry2.o)
    0x08000222   0x08000222   0x00000008   Code   RO          791    .ARM.Collect$$rtentry$$0000000D  c_w.l(__rtentry2.o)
    0x0800022a   0x0800022a   0x00000002   Code   RO          818    .ARM.Collect$$rtexit$$00000000  c_w.l(rtexit.o)
    0x0800022c   0x0800022c   0x00000000   Code   RO          866    .ARM.Collect$$rtexit$$00000002  c_w.l(rtexit2.o)
    0x0800022c   0x0800022c   0x00000004   Code   RO          867    .ARM.Collect$$rtexit$$00000003  c_w.l(rtexit2.o)
    0x08000230   0x08000230   0x00000006   Code   RO          868    .ARM.Collect$$rtexit$$00000004  c_w.l(rtexit2.o)
    0x08000236   0x08000236   0x00000002   PAD
    0x08000238   0x08000238   0x000001e8   Code   RO            2    .text               main.o
    0x08000420   0x08000420   0x000003b0   Code   RO          187    .text               dcmi_ov7725.o
    0x080007d0   0x080007d0   0x00000270   Code   RO          220    .text               sccb.o
    0x08000a40   0x08000a40   0x00000014   Code   RO          238    .text               asciilib.o
    0x08000a54   0x08000a54   0x00001b7c   Code   RO          259    .text               lcd.o
    0x080025d0   0x080025d0   0x000002cc   Code   RO          300    .text               usart.o
    0x0800289c   0x0800289c   0x0000021c   Code   RO          326    .text               stm32f4xx_it.o
    0x08002ab8   0x08002ab8   0x000003c4   Code   RO          438    .text               timer.o
    0x08002e7c   0x08002e7c   0x00000148   Code   RO          454    .text               camera.o
    0x08002fc4   0x08002fc4   0x00000040   Code   RO          518    .text               startup_stm32f4xx.o
    0x08003004   0x08003004   0x000000b0   Code   RO          523    .text               misc.o
    0x080030b4   0x080030b4   0x00000138   Code   RO          539    .text               stm32f4xx_dcmi.o
    0x080031ec   0x080031ec   0x00000320   Code   RO          555    .text               stm32f4xx_dma.o
    0x0800350c   0x0800350c   0x0000047c   Code   RO          571    .text               stm32f4xx_fsmc.o
    0x08003988   0x08003988   0x00000218   Code   RO          587    .text               stm32f4xx_gpio.o
    0x08003ba0   0x08003ba0   0x0000033c   Code   RO          603    .text               stm32f4xx_i2c.o
    0x08003edc   0x08003edc   0x000003d0   Code   RO          619    .text               stm32f4xx_rcc.o
    0x080042ac   0x080042ac   0x0000035c   Code   RO          637    .text               stm32f4xx_usart.o
    0x08004608   0x08004608   0x00000708   Code   RO          654    .text               stm32f4xx_can.o
    0x08004d10   0x08004d10   0x000009dc   Code   RO          670    .text               stm32f4xx_tim.o
    0x080056ec   0x080056ec   0x0000017c   Code   RO          687    .text               system_stm32f4xx.o
    0x08005868   0x08005868   0x00000002   Code   RO          710    .text               c_w.l(use_no_semi_2.o)
    0x0800586a   0x0800586a   0x00000002   PAD
    0x0800586c   0x0800586c   0x00000018   Code   RO          716    .text               c_w.l(noretval__2printf.o)
    0x08005884   0x08005884   0x00000028   Code   RO          718    .text               c_w.l(noretval__2sprintf.o)
    0x080058ac   0x080058ac   0x00000068   Code   RO          720    .text               c_w.l(__printf.o)
    0x08005914   0x08005914   0x00000052   Code   RO          722    .text               c_w.l(_printf_str.o)
    0x08005966   0x08005966   0x00000002   PAD
    0x08005968   0x08005968   0x00000078   Code   RO          724    .text               c_w.l(_printf_dec.o)
    0x080059e0   0x080059e0   0x0000008a   Code   RO          749    .text               c_w.l(rt_memcpy_v6.o)
    0x08005a6a   0x08005a6a   0x00000006   Code   RO          751    .text               c_w.l(heapauxi.o)
    0x08005a70   0x08005a70   0x00000002   Code   RO          763    .text               c_w.l(use_no_semi.o)
    0x08005a72   0x08005a72   0x000000b2   Code   RO          766    .text               c_w.l(_printf_intcommon.o)
    0x08005b24   0x08005b24   0x00000030   Code   RO          768    .text               c_w.l(_printf_char_common.o)
    0x08005b54   0x08005b54   0x0000000a   Code   RO          770    .text               c_w.l(_sputc.o)
    0x08005b5e   0x08005b5e   0x0000002c   Code   RO          772    .text               c_w.l(_printf_char.o)
    0x08005b8a   0x08005b8a   0x00000002   PAD
    0x08005b8c   0x08005b8c   0x00000024   Code   RO          774    .text               c_w.l(_printf_char_file.o)
    0x08005bb0   0x08005bb0   0x00000064   Code   RO          777    .text               c_w.l(rt_memcpy_w.o)
    0x08005c14   0x08005c14   0x00000008   Code   RO          801    .text               c_w.l(ferror.o)
    0x08005c1c   0x08005c1c   0x0000004a   Code   RO          805    .text               c_w.l(sys_stackheap_outer.o)
    0x08005c66   0x08005c66   0x00000012   Code   RO          807    .text               c_w.l(exit.o)
    0x08005c78   0x08005c78   0x00000008   Code   RO          815    .text               c_w.l(libspace.o)
    0x08005c80   0x08005c80   0x00000010   Code   RO          275    i.LCD_WriteReg      lcd.o
    0x08005c90   0x08005c90   0x0000000a   Code   RO          874    x$fpl$fpinit        fz_wm.l(fpinit.o)
    0x08005c9a   0x08005c9a   0x000000b2   Data   RO          188    .constdata          dcmi_ov7725.o
    0x08005d4c   0x08005d4c   0x000005f0   Data   RO          239    .constdata          asciilib.o
    0x0800633c   0x0800633c   0x00000020   Data   RO          938    Region$$Table       anon$$obj.o


    Execution Region RW_IRAM1 (Exec base: 0x20000000, Load base: 0x0800635c, Size: 0x00006d40, Max: 0x00020000, ABSOLUTE)

    Exec Addr    Load Addr    Size         Type   Attr      Idx    E Section Name        Object

    0x20000000   0x0800635c   0x00000008   Data   RW            4    .data               main.o
    0x20000008   0x08006364   0x00000004   Data   RW          221    .data               sccb.o
    0x2000000c   0x08006368   0x00000004   Data   RW          260    .data               lcd.o
    0x20000010   0x0800636c   0x00000004   Data   RW          301    .data               usart.o
    0x20000014   0x08006370   0x00000004   Data   RW          333    .data               stm32f4xx_it.o
    0x20000018   0x08006374   0x00000008   Data   RW          455    .data               camera.o
    0x20000020   0x0800637c   0x00000010   Data   RW          620    .data               stm32f4xx_rcc.o
    0x20000030   0x0800638c   0x00000014   Data   RW          688    .data               system_stm32f4xx.o
    0x20000044        -       0x0000641a   Zero   RW            3    .bss                main.o
    0x2000645e        -       0x00000280   Zero   RW          327    .bss                stm32f4xx_it.o
    0x200066de   0x080063a0   0x00000002   PAD
    0x200066e0        -       0x00000060   Zero   RW          816    .bss                c_w.l(libspace.o)
    0x20006740        -       0x00000200   Zero   RW          516    HEAP                startup_stm32f4xx.o
    0x20006940        -       0x00000400   Zero   RW          515    STACK               startup_stm32f4xx.o


==============================================================================

Image component sizes


      Code (inc. data)   RO Data    RW Data    ZI Data      Debug   Object Name

        20          4       1520          0          0        987   asciilib.o
       328         20          0          8          0       1457   camera.o
       944         34        178          0          0       3717   dcmi_ov7725.o
      7052         52          0          4          0      12027   lcd.o
       488         96          0          8      25626     338801   main.o
       176         12          0          0          0       2045   misc.o
       624         26          0          4          0       2231   sccb.o
        64         26        392          0       1536        916   startup_stm32f4xx.o
      1800         42          0          0          0       8880   stm32f4xx_can.o
       312          6          0          0          0       3770   stm32f4xx_dcmi.o
       800         32          0          0          0       7065   stm32f4xx_dma.o
      1148          4          0          0          0       6059   stm32f4xx_fsmc.o
       536         38          0          0          0       4597   stm32f4xx_gpio.o
       828         20          0          0          0       8807   stm32f4xx_i2c.o
       540         94          0          4        640       4046   stm32f4xx_it.o
       976         36          0         16          0      11519   stm32f4xx_rcc.o
      2524         52          0          0          0      23130   stm32f4xx_tim.o
       860         26          0          0          0       8382   stm32f4xx_usart.o
       380         36          0         20          0       2143   system_stm32f4xx.o
       964         12          0          0          0       2723   timer.o
       716         14          0          4          0       5084   usart.o

    ----------------------------------------------------------------------
     22080        682       2122         68      27804     458386   Object Totals
         0          0         32          0          0          0   (incl. Generated)
         0          0          0          0          2          0   (incl. Padding)

    ----------------------------------------------------------------------

      Code (inc. data)   RO Data    RW Data    ZI Data      Debug   Library Member Name

         8          0          0          0          0         68   __main.o
       104          0          0          0          0         84   __printf.o
         0          0          0          0          0          0   __rtentry.o
        12          0          0          0          0          0   __rtentry2.o
         6          0          0          0          0          0   __rtentry4.o
        52          8          0          0          0          0   __scatter.o
        26          0          0          0          0          0   __scatter_copy.o
        28          0          0          0          0          0   __scatter_zi.o
         6          0          0          0          0          0   _printf_c.o
        44          0          0          0          0        108   _printf_char.o
        48          6          0          0          0         96   _printf_char_common.o
        36          4          0          0          0         80   _printf_char_file.o
         6          0          0          0          0          0   _printf_d.o
       120         16          0          0          0         92   _printf_dec.o
       178          0          0          0          0         88   _printf_intcommon.o
         0          0          0          0          0          0   _printf_percent.o
         4          0          0          0          0          0   _printf_percent_end.o
        82          0          0          0          0         80   _printf_str.o
        10          0          0          0          0         68   _sputc.o
        18          0          0          0          0         80   exit.o
         8          0          0          0          0         68   ferror.o
         6          0          0          0          0        152   heapauxi.o
         2          0          0          0          0          0   libinit.o
         6          0          0          0          0          0   libinit2.o
         2          0          0          0          0          0   libshutdown.o
         2          0          0          0          0          0   libshutdown2.o
         8          4          0          0         96         68   libspace.o
        24          4          0          0          0         84   noretval__2printf.o
        40          6          0          0          0         84   noretval__2sprintf.o
       138          0          0          0          0         68   rt_memcpy_v6.o
       100          0          0          0          0         80   rt_memcpy_w.o
         2          0          0          0          0          0   rtexit.o
        10          0          0          0          0          0   rtexit2.o
        74          0          0          0          0         80   sys_stackheap_outer.o
         2          0          0          0          0         68   use_no_semi.o
         2          0          0          0          0         68   use_no_semi_2.o
        10          0          0          0          0        116   fpinit.o

    ----------------------------------------------------------------------
      1234         48          0          0         96       1780   Library Totals
        10          0          0          0          0          0   (incl. Padding)

    ----------------------------------------------------------------------

      Code (inc. data)   RO Data    RW Data    ZI Data      Debug   Library Name

      1214         48          0          0         96       1664   c_w.l
        10          0          0          0          0        116   fz_wm.l

    ----------------------------------------------------------------------
      1234         48          0          0         96       1780   Library Totals

    ----------------------------------------------------------------------

==============================================================================


      Code (inc. data)   RO Data    RW Data    ZI Data      Debug   

     23314        730       2122         68      27900     453634   Grand Totals
     23314        730       2122         68      27900     453634   ELF Image Totals
     23314        730       2122         68          0          0   ROM Totals

==============================================================================

    Total RO  Size (Code + RO Data)                25436 (  24.84kB)
    Total RW  Size (RW Data + ZI Data)             27968 (  27.31kB)
    Total ROM Size (Code + RO Data + RW Data)      25504 (  24.91kB)

==============================================================================

