Component: ARM Compiler 5.06 update 3 (build 300) Tool: armlink [4d35c9]

==============================================================================

Section Cross References

    main.o(.text) refers to stm32f4xx_rcc.o(.text) for RCC_GetClocksFreq
    main.o(.text) refers to stm32f4xx_gpio.o(.text) for GPIO_Init
    main.o(.text) refers to misc.o(.text) for NVIC_PriorityGroupConfig
    main.o(.text) refers to usart.o(.text) for USART_Configuration
    main.o(.text) refers to lcd.o(.text) for LCD_Initializtion
    main.o(.text) refers to dcmi_ov7670.o(.text) for DCMI_OV7725_Init
    main.o(.text) refers to lcd.o(i.LCD_WriteReg) for LCD_WriteReg
    main.o(.text) refers to stm32f4xx_dma.o(.text) for DMA_Cmd
    main.o(.text) refers to stm32f4xx_dcmi.o(.text) for DCMI_Cmd
    main.o(.text) refers to main.o(.data) for .data
    main.o(.text) refers to system_stm32f4xx.o(.data) for SystemCoreClock
    main.o(.text) refers to picture.o(.bss) for g_ColorData16t
    main.o(.text) refers to stm32f4xx_it.o(.data) for start
    sccb.o(.text) refers to stm32f4xx_rcc.o(.text) for RCC_AHB1PeriphClockCmd
    sccb.o(.text) refers to stm32f4xx_gpio.o(.text) for GPIO_PinAFConfig
    sccb.o(.text) refers to stm32f4xx_i2c.o(.text) for I2C_DeInit
    sccb.o(.text) refers to sccb.o(.data) for .data
    dcmi_ov7670.o(.text) refers to stm32f4xx_rcc.o(.text) for RCC_AHB1PeriphClockCmd
    dcmi_ov7670.o(.text) refers to stm32f4xx_gpio.o(.text) for GPIO_PinAFConfig
    dcmi_ov7670.o(.text) refers to stm32f4xx_dcmi.o(.text) for DCMI_Init
    dcmi_ov7670.o(.text) refers to misc.o(.text) for NVIC_Init
    dcmi_ov7670.o(.text) refers to stm32f4xx_dma.o(.text) for DMA_DeInit
    dcmi_ov7670.o(.text) refers to sccb.o(.text) for SCCB_GPIO_Config
    dcmi_ov7670.o(.text) refers to picture.o(.bss) for g_ColorData16t
    dcmi_ov7670.o(.text) refers to dcmi_ov7670.o(.constdata) for .constdata
    asciilib.o(.text) refers to rt_memcpy_v6.o(.text) for __aeabi_memcpy
    asciilib.o(.text) refers to asciilib.o(.constdata) for .constdata
    lcd.o(.text) refers to _printf_percent.o(.ARM.Collect$$_printf_percent$$00000000) for _printf_percent
    lcd.o(.text) refers to _printf_d.o(.ARM.Collect$$_printf_percent$$00000009) for _printf_d
    lcd.o(.text) refers to _printf_dec.o(.text) for _printf_int_dec
    lcd.o(.text) refers to stm32f4xx_rcc.o(.text) for RCC_AHB1PeriphClockCmd
    lcd.o(.text) refers to stm32f4xx_gpio.o(.text) for GPIO_PinAFConfig
    lcd.o(.text) refers to lcd.o(i.LCD_WriteReg) for LCD_WriteReg
    lcd.o(.text) refers to lcd.o(.data) for .data
    lcd.o(.text) refers to asciilib.o(.text) for GetASCIICode
    lcd.o(.text) refers to noretval__2sprintf.o(.text) for __2sprintf
    lcd.o(.text) refers to stm32f4xx_fsmc.o(.text) for FSMC_NORSRAMInit
    usart.o(.emb_text) refers (Special) to use_no_semi_2.o(.text) for __use_no_semihosting
    usart.o(.text) refers (Special) to use_no_semi_2.o(.text) for __use_no_semihosting
    usart.o(.text) refers to stm32f4xx_rcc.o(.text) for RCC_AHB1PeriphClockCmd
    usart.o(.text) refers to stm32f4xx_gpio.o(.text) for GPIO_PinAFConfig
    usart.o(.text) refers to stm32f4xx_usart.o(.text) for USART_Init
    usart.o(.text) refers to misc.o(.text) for NVIC_PriorityGroupConfig
    usart.o(.data) refers (Special) to use_no_semi_2.o(.text) for __use_no_semihosting
    stm32f4xx_it.o(.text) refers to _printf_percent.o(.ARM.Collect$$_printf_percent$$00000000) for _printf_percent
    stm32f4xx_it.o(.text) refers to _printf_c.o(.ARM.Collect$$_printf_percent$$00000013) for _printf_c
    stm32f4xx_it.o(.text) refers to _printf_str.o(.text) for _printf_str
    stm32f4xx_it.o(.text) refers to main.o(.text) for TimingDelay_Decrement
    stm32f4xx_it.o(.text) refers to stm32f4xx_usart.o(.text) for USART_GetITStatus
    stm32f4xx_it.o(.text) refers to noretval__2printf.o(.text) for __2printf
    stm32f4xx_it.o(.text) refers to stm32f4xx_dcmi.o(.text) for DCMI_GetITStatus
    stm32f4xx_it.o(.text) refers to stm32f4xx_can.o(.text) for CAN_MessagePending
    stm32f4xx_it.o(.text) refers to stm32f4xx_dma.o(.text) for DMA_GetITStatus
    stm32f4xx_it.o(.text) refers to stm32f4xx_it.o(.data) for .data
    stm32f4xx_it.o(.text) refers to stm32f4xx_it.o(.bss) for .bss
    stm32f4xx_it.o(.text) refers to main.o(.data) for g_DCMI_IT_FRAME_FLAG
    picture.o(.text) refers to _printf_percent.o(.ARM.Collect$$_printf_percent$$00000000) for _printf_percent
    picture.o(.text) refers to _printf_d.o(.ARM.Collect$$_printf_percent$$00000009) for _printf_d
    picture.o(.text) refers to _printf_dec.o(.text) for _printf_int_dec
    picture.o(.text) refers to stm32f4xx_dcmi.o(.text) for DCMI_CaptureCmd
    picture.o(.text) refers to noretval__2printf.o(.text) for __2printf
    picture.o(.text) refers to arm_add_q31.o(.text) for arm_add_q31
    picture.o(.text) refers to stm32f4xx_can.o(.text) for CAN_Transmit
    picture.o(.text) refers to stm32f4xx_it.o(.data) for canuse
    picture.o(.text) refers to picture.o(.data) for .data
[...]
    defsig_pvfn_inner.o(.text) refers to defsig_general.o(.text) for __default_signal_display
    defsig_cppl_inner.o(.text) refers to defsig_general.o(.text) for __default_signal_display
    defsig_segv_inner.o(.text) refers to defsig_general.o(.text) for __default_signal_display
    defsig_other.o(.text) refers to defsig_general.o(.text) for __default_signal_display


==============================================================================

Removing Unused input sections from the image.

    Removing main.o(.emb_text), (8 bytes).
    Removing main.o(.data), (2 bytes).
    Removing main.o(.data), (2 bytes).
    Removing main.o(.data), (2 bytes).
    Removing sccb.o(.emb_text), (8 bytes).
    Removing dcmi_ov7670.o(.emb_text), (8 bytes).
    Removing lcd.o(.emb_text), (8 bytes).
    Removing lcd.o(.data), (2 bytes).
    Removing usart.o(.emb_text), (8 bytes).
    Removing stm32f4xx_it.o(.emb_text), (8 bytes).
    Removing stm32f4xx_it.o(.data), (2 bytes).
    Removing stm32f4xx_it.o(.data), (2 bytes).
    Removing stm32f4xx_it.o(.data), (1 bytes).
    Removing picture.o(.emb_text), (8 bytes).
    Removing picture.o(.text), (932 bytes).
    Removing picture.o(.bss), (3200 bytes).
    Removing picture.o(.bss), (100 bytes).
    Removing picture.o(.bss), (3200 bytes).
    Removing picture.o(.bss), (6400 bytes).
    Removing picture.o(.bss), (6400 bytes).
    Removing picture.o(.bss), (6400 bytes).
    Removing picture.o(.bss), (200 bytes).
    Removing picture.o(.bss), (200 bytes).
    Removing picture.o(.bss), (200 bytes).
    Removing picture.o(.bss), (1280 bytes).
    Removing picture.o(.bss), (1280 bytes).
    Removing picture.o(.bss), (1280 bytes).
    Removing picture.o(.bss), (1280 bytes).
    Removing picture.o(.bss), (1280 bytes).
    Removing picture.o(.data), (2 bytes).
    Removing picture.o(.data), (2 bytes).
    Removing picture.o(.data), (2 bytes).
    Removing picture.o(.data), (2 bytes).
    Removing picture.o(.data), (2 bytes).
    Removing picture.o(.data), (4 bytes).
    Removing picture.o(.data), (40 bytes).
    Removing picture.o(.data), (2 bytes).
    Removing picture.o(.data), (2 bytes).
    Removing picture.o(.data), (1 bytes).
    Removing picture.o(.data), (2 bytes).
    Removing picture.o(.data), (2 bytes).
    Removing picture.o(.data), (2 bytes).
    Removing picture.o(.data), (2 bytes).
    Removing picture.o(.data), (2 bytes).
    Removing picture.o(.data), (2 bytes).
    Removing picture.o(.data), (2 bytes).
    Removing picture.o(.data), (2 bytes).
    Removing picture.o(.data), (2 bytes).
    Removing picture.o(.data), (4 bytes).
    Removing picture.o(.data), (4 bytes).
    Removing picture.o(.data), (4 bytes).
    Removing can.o(.emb_text), (8 bytes).
    Removing can.o(.text), (344 bytes).
    Removing misc.o(.emb_text), (8 bytes).
    Removing stm32f4xx_dcmi.o(.emb_text), (8 bytes).
    Removing stm32f4xx_dma.o(.emb_text), (8 bytes).
    Removing stm32f4xx_fsmc.o(.emb_text), (8 bytes).
    Removing stm32f4xx_gpio.o(.emb_text), (8 bytes).
    Removing stm32f4xx_i2c.o(.emb_text), (8 bytes).
    Removing stm32f4xx_rcc.o(.emb_text), (8 bytes).
    Removing stm32f4xx_usart.o(.emb_text), (8 bytes).
    Removing stm32f4xx_can.o(.emb_text), (8 bytes).
    Removing system_stm32f4xx.o(.emb_text), (8 bytes).
    Removing arm_add_q31.o(.rev16_text), (4 bytes).
    Removing arm_add_q31.o(.revsh_text), (4 bytes).
    Removing arm_add_q31.o(.text), (122 bytes).

66 unused section(s) (total 34352 bytes) removed from the image.

==============================================================================

Image Symbol Table

    Local Symbols

    Symbol Name                              Value     Ov Type        Size  Object(Section)

    ../clib/angel/boardlib.s                 0x00000000   Number         0  boardinit1.o ABSOLUTE
    ../clib/angel/boardlib.s                 0x00000000   Number         0  boardinit2.o ABSOLUTE
    ../clib/angel/boardlib.s                 0x00000000   Number         0  boardshut.o ABSOLUTE
    ../clib/angel/boardlib.s                 0x00000000   Number         0  boardinit3.o ABSOLUTE
    ../clib/angel/handlers.s                 0x00000000   Number         0  __scatter_copy.o ABSOLUTE
    ../clib/angel/handlers.s                 0x00000000   Number         0  __scatter_zi.o ABSOLUTE
    ../clib/angel/kernel.s                   0x00000000   Number         0  rtexit.o ABSOLUTE
    ../clib/angel/kernel.s                   0x00000000   Number         0  __rtentry.o ABSOLUTE
    ../clib/angel/kernel.s                   0x00000000   Number         0  __rtentry4.o ABSOLUTE
    ../clib/angel/kernel.s                   0x00000000   Number         0  rtexit2.o ABSOLUTE
    ../clib/angel/kernel.s                   0x00000000   Number         0  __rtentry2.o ABSOLUTE
    ../clib/angel/rt.s                       0x00000000   Number         0  rt_raise.o ABSOLUTE
    ../clib/angel/scatter.s                  0x00000000   Number         0  __scatter.o ABSOLUTE
    ../clib/angel/startup.s                  0x00000000   Number         0  __main.o ABSOLUTE
    ../clib/angel/sys.s                      0x00000000   Number         0  sys_stackheap_outer.o ABSOLUTE
    ../clib/angel/sys.s                      0x00000000   Number         0  use_no_semi.o ABSOLUTE
    ../clib/angel/sys.s                      0x00000000   Number         0  libspace.o ABSOLUTE
    ../clib/angel/sys.s                      0x00000000   Number         0  indicate_semi.o ABSOLUTE
    ../clib/angel/sys.s                      0x00000000   Number         0  use_no_semi_2.o ABSOLUTE
    ../clib/angel/sysapp.c                   0x00000000   Number         0  sys_command.o ABSOLUTE
    ../clib/angel/sysapp.c                   0x00000000   Number         0  sys_wrch.o ABSOLUTE
    ../clib/armsys.c                         0x00000000   Number         0  no_argv.o ABSOLUTE
    ../clib/armsys.c                         0x00000000   Number         0  _get_argv_nomalloc.o ABSOLUTE
    ../clib/armsys.c                         0x00000000   Number         0  argv_veneer.o ABSOLUTE
    ../clib/armsys.c                         0x00000000   Number         0  argv_veneer.o ABSOLUTE
    ../clib/heapalloc.c                      0x00000000   Number         0  hrguard.o ABSOLUTE
    ../clib/heapaux.c                        0x00000000   Number         0  heapauxi.o ABSOLUTE
    ../clib/libinit.s                        0x00000000   Number         0  libinit2.o ABSOLUTE
    ../clib/libinit.s                        0x00000000   Number         0  libinit.o ABSOLUTE
    ../clib/libinit.s                        0x00000000   Number         0  libshutdown2.o ABSOLUTE
    ../clib/libinit.s                        0x00000000   Number         0  libshutdown.o ABSOLUTE
    ../clib/memcpset.s                       0x00000000   Number         0  rt_memcpy_v6.o ABSOLUTE
    ../clib/memcpset.s                       0x00000000   Number         0  rt_memcpy_w.o ABSOLUTE
    ../clib/printf.c                         0x00000000   Number         0  noretval__2sprintf.o ABSOLUTE
    ../clib/printf.c                         0x00000000   Number         0  __printf_flags.o ABSOLUTE
    ../clib/printf.c                         0x00000000   Number         0  __2sprintf.o ABSOLUTE
    ../clib/printf.c                         0x00000000   Number         0  _printf_intcommon.o ABSOLUTE
    ../clib/printf.c                         0x00000000   Number         0  __2printf.o ABSOLUTE
    ../clib/printf.c                         0x00000000   Number         0  _printf_str.o ABSOLUTE
    ../clib/printf.c                         0x00000000   Number         0  _printf_char_file.o ABSOLUTE
    ../clib/printf.c                         0x00000000   Number         0  __printf_nopercent.o ABSOLUTE
    ../clib/printf.c                         0x00000000   Number         0  noretval__2printf.o ABSOLUTE
    ../clib/printf.c                         0x00000000   Number         0  _printf_char.o ABSOLUTE
    ../clib/printf.c                         0x00000000   Number         0  __printf_flags_ss_wp.o ABSOLUTE
    ../clib/printf.c                         0x00000000   Number         0  _sputc.o ABSOLUTE
    ../clib/printf.c                         0x00000000   Number         0  __printf.o ABSOLUTE
    ../clib/printf.c                         0x00000000   Number         0  _printf_char_common.o ABSOLUTE
    ../clib/printf.c                         0x00000000   Number         0  _printf_dec.o ABSOLUTE
    ../clib/printf.c                         0x00000000   Number         0  __printf_ss.o ABSOLUTE
    ../clib/printf.c                         0x00000000   Number         0  __printf_flags_ss.o ABSOLUTE
    ../clib/printf.c                         0x00000000   Number         0  __printf_wp.o ABSOLUTE
    ../clib/printf.c                         0x00000000   Number         0  __printf_flags_wp.o ABSOLUTE
    ../clib/printf.c                         0x00000000   Number         0  __printf_ss_wp.o ABSOLUTE
    ../clib/printf_percent.s                 0x00000000   Number         0  _printf_c.o ABSOLUTE
    ../clib/printf_percent.s                 0x00000000   Number         0  _printf_d.o ABSOLUTE
    ../clib/printf_percent.s                 0x00000000   Number         0  _printf_percent.o ABSOLUTE
    ../clib/printf_percent.s                 0x00000000   Number         0  _printf_percent_end.o ABSOLUTE
    ../clib/signal.c                         0x00000000   Number         0  defsig_pvfn_inner.o ABSOLUTE
    ../clib/signal.c                         0x00000000   Number         0  defsig_stak_inner.o ABSOLUTE
    ../clib/signal.c                         0x00000000   Number         0  defsig_rtred_inner.o ABSOLUTE
    ../clib/signal.c                         0x00000000   Number         0  defsig_fpe_inner.o ABSOLUTE
    ../clib/signal.c                         0x00000000   Number         0  defsig_other.o ABSOLUTE
    ../clib/signal.c                         0x00000000   Number         0  defsig_rtmem_formal.o ABSOLUTE
    ../clib/signal.c                         0x00000000   Number         0  __raise.o ABSOLUTE
    ../clib/signal.c                         0x00000000   Number         0  defsig_rtmem_outer.o ABSOLUTE
    ../clib/signal.c                         0x00000000   Number         0  defsig_general.o ABSOLUTE
    ../clib/signal.c                         0x00000000   Number         0  defsig_rtmem_inner.o ABSOLUTE
    ../clib/signal.c                         0x00000000   Number         0  defsig_exit.o ABSOLUTE
    ../clib/signal.c                         0x00000000   Number         0  defsig_abrt_inner.o ABSOLUTE
    ../clib/signal.c                         0x00000000   Number         0  defsig_segv_inner.o ABSOLUTE
    ../clib/signal.c                         0x00000000   Number         0  defsig_cppl_inner.o ABSOLUTE
    ../clib/signal.s                         0x00000000   Number         0  defsig.o ABSOLUTE
    ../clib/stdio.c                          0x00000000   Number         0  ferror_locked.o ABSOLUTE
    ../clib/stdio.c                          0x00000000   Number         0  ferror.o ABSOLUTE
    ../clib/stdlib.c                         0x00000000   Number         0  exit.o ABSOLUTE
    ../fplib/fpinit.s                        0x00000000   Number         0  fpinit.o ABSOLUTE
    ..\BasicMathFunctions\arm_add_q31.c      0x00000000   Number         0  arm_add_q31.o ABSOLUTE
    ..\Libraries\CMSIS\Device\ST\STM32F4xx\Source\Templates\arm\startup_stm32f4xx.s 0x00000000   Number         0  startup_stm32f4xx.o ABSOLUTE
    ..\Libraries\CMSIS\Device\ST\STM32F4xx\Source\Templates\system_stm32f4xx.c 0x00000000   Number         0  system_stm32f4xx.o ABSOLUTE
    ..\Libraries\STM32F4xx_StdPeriph_Driver\src\misc.c 0x00000000   Number         0  misc.o ABSOLUTE
    ..\Libraries\STM32F4xx_StdPeriph_Driver\src\stm32f4xx_can.c 0x00000000   Number         0  stm32f4xx_can.o ABSOLUTE
    ..\Libraries\STM32F4xx_StdPeriph_Driver\src\stm32f4xx_dcmi.c 0x00000000   Number         0  stm32f4xx_dcmi.o ABSOLUTE
    ..\Libraries\STM32F4xx_StdPeriph_Driver\src\stm32f4xx_dma.c 0x00000000   Number         0  stm32f4xx_dma.o ABSOLUTE
    ..\Libraries\STM32F4xx_StdPeriph_Driver\src\stm32f4xx_fsmc.c 0x00000000   Number         0  stm32f4xx_fsmc.o ABSOLUTE
    ..\Libraries\STM32F4xx_StdPeriph_Driver\src\stm32f4xx_gpio.c 0x00000000   Number         0  stm32f4xx_gpio.o ABSOLUTE
    ..\Libraries\STM32F4xx_StdPeriph_Driver\src\stm32f4xx_i2c.c 0x00000000   Number         0  stm32f4xx_i2c.o ABSOLUTE
    ..\Libraries\STM32F4xx_StdPeriph_Driver\src\stm32f4xx_rcc.c 0x00000000   Number         0  stm32f4xx_rcc.o ABSOLUTE
    ..\Libraries\STM32F4xx_StdPeriph_Driver\src\stm32f4xx_usart.c 0x00000000   Number         0  stm32f4xx_usart.o ABSOLUTE
    ..\User\LCD\AsciiLib.c                   0x00000000   Number         0  asciilib.o ABSOLUTE
    ..\User\LCD\LCD.c                        0x00000000   Number         0  lcd.o ABSOLUTE
    ..\User\camera\SCCB.C                    0x00000000   Number         0  sccb.o ABSOLUTE
    ..\User\camera\dcmi_OV7670.c             0x00000000   Number         0  dcmi_ov7670.o ABSOLUTE
    ..\User\camera\picture.c                 0x00000000   Number         0  picture.o ABSOLUTE
    ..\User\can.c                            0x00000000   Number         0  can.o ABSOLUTE
    ..\User\main.c                           0x00000000   Number         0  main.o ABSOLUTE
    ..\User\stm32f4xx_it.c                   0x00000000   Number         0  stm32f4xx_it.o ABSOLUTE
    ..\User\usart.c                          0x00000000   Number         0  usart.o ABSOLUTE
    ..\\BasicMathFunctions\\arm_add_q31.c    0x00000000   Number         0  arm_add_q31.o ABSOLUTE
    ..\\Libraries\\CMSIS\\Device\\ST\\STM32F4xx\\Source\\Templates\\system_stm32f4xx.c 0x00000000   Number         0  system_stm32f4xx.o ABSOLUTE
    ..\\Libraries\\STM32F4xx_StdPeriph_Driver\\src\\misc.c 0x00000000   Number         0  misc.o ABSOLUTE
    ..\\Libraries\\STM32F4xx_StdPeriph_Driver\\src\\stm32f4xx_can.c 0x00000000   Number         0  stm32f4xx_can.o ABSOLUTE
    ..\\Libraries\\STM32F4xx_StdPeriph_Driver\\src\\stm32f4xx_dcmi.c 0x00000000   Number         0  stm32f4xx_dcmi.o ABSOLUTE
    ..\\Libraries\\STM32F4xx_StdPeriph_Driver\\src\\stm32f4xx_dma.c 0x00000000   Number         0  stm32f4xx_dma.o ABSOLUTE
    ..\\Libraries\\STM32F4xx_StdPeriph_Driver\\src\\stm32f4xx_fsmc.c 0x00000000   Number         0  stm32f4xx_fsmc.o ABSOLUTE
    ..\\Libraries\\STM32F4xx_StdPeriph_Driver\\src\\stm32f4xx_gpio.c 0x00000000   Number         0  stm32f4xx_gpio.o ABSOLUTE
    ..\\Libraries\\STM32F4xx_StdPeriph_Driver\\src\\stm32f4xx_i2c.c 0x00000000   Number         0  stm32f4xx_i2c.o ABSOLUTE
    ..\\Libraries\\STM32F4xx_StdPeriph_Driver\\src\\stm32f4xx_rcc.c 0x00000000   Number         0  stm32f4xx_rcc.o ABSOLUTE
    ..\\Libraries\\STM32F4xx_StdPeriph_Driver\\src\\stm32f4xx_usart.c 0x00000000   Number         0  stm32f4xx_usart.o ABSOLUTE
    ..\\User\\LCD\\LCD.c                     0x00000000   Number         0  lcd.o ABSOLUTE
    ..\\User\\camera\\SCCB.C                 0x00000000   Number         0  sccb.o ABSOLUTE
    ..\\User\\camera\\dcmi_OV7670.c          0x00000000   Number         0  dcmi_ov7670.o ABSOLUTE
    ..\\User\\camera\\picture.c              0x00000000   Number         0  picture.o ABSOLUTE
    ..\\User\\can.c                          0x00000000   Number         0  can.o ABSOLUTE
    ..\\User\\main.c                         0x00000000   Number         0  main.o ABSOLUTE
    ..\\User\\stm32f4xx_it.c                 0x00000000   Number         0  stm32f4xx_it.o ABSOLUTE
    ..\\User\\usart.c                        0x00000000   Number         0  usart.o ABSOLUTE
    dc.s                                     0x00000000   Number         0  dc.o ABSOLUTE
    RESET                                    0x08000000   Section      392  startup_stm32f4xx.o(RESET)
    !!!main                                  0x08000188   Section        8  __main.o(!!!main)
    !!!scatter                               0x08000190   Section       52  __scatter.o(!!!scatter)
    !!handler_copy                           0x080001c4   Section       26  __scatter_copy.o(!!handler_copy)
    !!handler_zi                             0x080001e0   Section       28  __scatter_zi.o(!!handler_zi)
    .ARM.Collect$$_printf_percent$$00000000  0x080001fc   Section        0  _printf_percent.o(.ARM.Collect$$_printf_percent$$00000000)
    .ARM.Collect$$_printf_percent$$00000009  0x080001fc   Section        6  _printf_d.o(.ARM.Collect$$_printf_percent$$00000009)
    .ARM.Collect$$_printf_percent$$00000013  0x08000202   Section        6  _printf_c.o(.ARM.Collect$$_printf_percent$$00000013)
    .ARM.Collect$$_printf_percent$$00000017  0x08000208   Section        4  _printf_percent_end.o(.ARM.Collect$$_printf_percent$$00000017)
    .ARM.Collect$$libinit$$00000000          0x0800020c   Section        2  libinit.o(.ARM.Collect$$libinit$$00000000)
    .ARM.Collect$$libinit$$00000001          0x0800020e   Section        4  libinit2.o(.ARM.Collect$$libinit$$00000001)
    .ARM.Collect$$libinit$$00000004          0x08000212   Section        0  libinit2.o(.ARM.Collect$$libinit$$00000004)
    .ARM.Collect$$libinit$$0000000A          0x08000212   Section        0  libinit2.o(.ARM.Collect$$libinit$$0000000A)
    .ARM.Collect$$libinit$$0000000C          0x08000212   Section        0  libinit2.o(.ARM.Collect$$libinit$$0000000C)
    .ARM.Collect$$libinit$$0000000E          0x08000212   Section        0  libinit2.o(.ARM.Collect$$libinit$$0000000E)
    .ARM.Collect$$libinit$$00000011          0x08000212   Section        0  libinit2.o(.ARM.Collect$$libinit$$00000011)
    .ARM.Collect$$libinit$$00000013          0x08000212   Section        0  libinit2.o(.ARM.Collect$$libinit$$00000013)
    .ARM.Collect$$libinit$$00000015          0x08000212   Section        0  libinit2.o(.ARM.Collect$$libinit$$00000015)
    .ARM.Collect$$libinit$$00000017          0x08000212   Section        0  libinit2.o(.ARM.Collect$$libinit$$00000017)
    .ARM.Collect$$libinit$$00000019          0x08000212   Section        0  libinit2.o(.ARM.Collect$$libinit$$00000019)
    .ARM.Collect$$libinit$$0000001B          0x08000212   Section        0  libinit2.o(.ARM.Collect$$libinit$$0000001B)
    .ARM.Collect$$libinit$$0000001D          0x08000212   Section        0  libinit2.o(.ARM.Collect$$libinit$$0000001D)
    .ARM.Collect$$libinit$$0000001F          0x08000212   Section        0  libinit2.o(.ARM.Collect$$libinit$$0000001F)
    .ARM.Collect$$libinit$$00000021          0x08000212   Section        0  libinit2.o(.ARM.Collect$$libinit$$00000021)
    .ARM.Collect$$libinit$$00000023          0x08000212   Section        0  libinit2.o(.ARM.Collect$$libinit$$00000023)
    .ARM.Collect$$libinit$$00000025          0x08000212   Section        0  libinit2.o(.ARM.Collect$$libinit$$00000025)
    .ARM.Collect$$libinit$$0000002C          0x08000212   Section        0  libinit2.o(.ARM.Collect$$libinit$$0000002C)
    .ARM.Collect$$libinit$$0000002E          0x08000212   Section        0  libinit2.o(.ARM.Collect$$libinit$$0000002E)
    .ARM.Collect$$libinit$$00000030          0x08000212   Section        0  libinit2.o(.ARM.Collect$$libinit$$00000030)
    .ARM.Collect$$libinit$$00000032          0x08000212   Section        0  libinit2.o(.ARM.Collect$$libinit$$00000032)
    .ARM.Collect$$libinit$$00000033          0x08000212   Section        2  libinit2.o(.ARM.Collect$$libinit$$00000033)
    .ARM.Collect$$libshutdown$$00000000      0x08000214   Section        2  libshutdown.o(.ARM.Collect$$libshutdown$$00000000)
    .ARM.Collect$$libshutdown$$00000002      0x08000216   Section        0  libshutdown2.o(.ARM.Collect$$libshutdown$$00000002)
    .ARM.Collect$$libshutdown$$00000004      0x08000216   Section        0  libshutdown2.o(.ARM.Collect$$libshutdown$$00000004)
    .ARM.Collect$$libshutdown$$00000007      0x08000216   Section        0  libshutdown2.o(.ARM.Collect$$libshutdown$$00000007)
    .ARM.Collect$$libshutdown$$0000000A      0x08000216   Section        0  libshutdown2.o(.ARM.Collect$$libshutdown$$0000000A)
    .ARM.Collect$$libshutdown$$0000000C      0x08000216   Section        0  libshutdown2.o(.ARM.Collect$$libshutdown$$0000000C)
    .ARM.Collect$$libshutdown$$0000000F      0x08000216   Section        0  libshutdown2.o(.ARM.Collect$$libshutdown$$0000000F)
    .ARM.Collect$$libshutdown$$00000010      0x08000216   Section        2  libshutdown2.o(.ARM.Collect$$libshutdown$$00000010)
    .ARM.Collect$$rtentry$$00000000          0x08000218   Section        0  __rtentry.o(.ARM.Collect$$rtentry$$00000000)
    .ARM.Collect$$rtentry$$00000002          0x08000218   Section        0  __rtentry2.o(.ARM.Collect$$rtentry$$00000002)
    .ARM.Collect$$rtentry$$00000004          0x08000218   Section        6  __rtentry4.o(.ARM.Collect$$rtentry$$00000004)
    .ARM.Collect$$rtentry$$00000009          0x0800021e   Section        0  __rtentry2.o(.ARM.Collect$$rtentry$$00000009)
    .ARM.Collect$$rtentry$$0000000A          0x0800021e   Section        4  __rtentry2.o(.ARM.Collect$$rtentry$$0000000A)
    .ARM.Collect$$rtentry$$0000000C          0x08000222   Section        0  __rtentry2.o(.ARM.Collect$$rtentry$$0000000C)
    .ARM.Collect$$rtentry$$0000000D          0x08000222   Section        8  __rtentry2.o(.ARM.Collect$$rtentry$$0000000D)
    .ARM.Collect$$rtexit$$00000000           0x0800022a   Section        2  rtexit.o(.ARM.Collect$$rtexit$$00000000)
    .ARM.Collect$$rtexit$$00000002           0x0800022c   Section        0  rtexit2.o(.ARM.Collect$$rtexit$$00000002)
    .ARM.Collect$$rtexit$$00000003           0x0800022c   Section        4  rtexit2.o(.ARM.Collect$$rtexit$$00000003)
    .ARM.Collect$$rtexit$$00000004           0x08000230   Section        6  rtexit2.o(.ARM.Collect$$rtexit$$00000004)
    .text                                    0x08000238   Section        0  main.o(.text)
    .text                                    0x0800049c   Section        0  sccb.o(.text)
    .text                                    0x0800070c   Section        0  dcmi_ov7670.o(.text)
    Delay_ms                                 0x08000a89   Thumb Code    18  dcmi_ov7670.o(.text)
    .text                                    0x08000abc   Section        0  asciilib.o(.text)
    .text                                    0x08000ad0   Section        0  lcd.o(.text)
    LCD_CtrlLinesConfig                      0x08000ad1   Thumb Code   318  lcd.o(.text)
    LCD_FSMCConfig                           0x080025d3   Thumb Code    76  lcd.o(.text)
    delay_ms                                 0x0800261f   Thumb Code    28  lcd.o(.text)
    .text                                    0x0800264c   Section        0  usart.o(.text)
    .text                                    0x08002918   Section        0  stm32f4xx_it.o(.text)
    .text                                    0x08002a94   Section       64  startup_stm32f4xx.o(.text)
    $v0                                      0x08002a94   Number         0  startup_stm32f4xx.o(.text)
    .text                                    0x08002ad4   Section        0  misc.o(.text)
    .text                                    0x08002b84   Section        0  stm32f4xx_dcmi.o(.text)
    .text                                    0x08002cbc   Section        0  stm32f4xx_dma.o(.text)
    .text                                    0x08002fdc   Section        0  stm32f4xx_fsmc.o(.text)
    .text                                    0x08003458   Section        0  stm32f4xx_gpio.o(.text)
    .text                                    0x08003670   Section        0  stm32f4xx_i2c.o(.text)
    .text                                    0x080039ac   Section        0  stm32f4xx_rcc.o(.text)
    .text                                    0x08003d7c   Section        0  stm32f4xx_usart.o(.text)
    .text                                    0x080040d8   Section        0  stm32f4xx_can.o(.text)
    CheckITStatus                            0x080047cb   Thumb Code    12  stm32f4xx_can.o(.text)
    .text                                    0x080047e0   Section        0  system_stm32f4xx.o(.text)
    SetSysClock                              0x080047e1   Thumb Code   162  system_stm32f4xx.o(.text)
    .text                                    0x0800495c   Section        2  use_no_semi_2.o(.text)
    .text                                    0x08004960   Section        0  noretval__2printf.o(.text)
    .text                                    0x08004978   Section        0  noretval__2sprintf.o(.text)
    .text                                    0x080049a0   Section        0  __printf.o(.text)
    .text                                    0x08004a08   Section        0  _printf_str.o(.text)
    .text                                    0x08004a5c   Section        0  _printf_dec.o(.text)
    .text                                    0x08004ad4   Section      138  rt_memcpy_v6.o(.text)
    .text                                    0x08004b5e   Section        0  heapauxi.o(.text)
    .text                                    0x08004b64   Section        2  use_no_semi.o(.text)
    .text                                    0x08004b66   Section        0  _printf_intcommon.o(.text)
    .text                                    0x08004c18   Section        0  _printf_char_common.o(.text)
    _printf_input_char                       0x08004c19   Thumb Code    10  _printf_char_common.o(.text)
    .text                                    0x08004c48   Section        0  _sputc.o(.text)
    .text                                    0x08004c52   Section        0  _printf_char.o(.text)
    .text                                    0x08004c80   Section        0  _printf_char_file.o(.text)
    .text                                    0x08004ca4   Section      100  rt_memcpy_w.o(.text)
    .text                                    0x08004d08   Section        0  ferror.o(.text)
    .text                                    0x08004d10   Section       74  sys_stackheap_outer.o(.text)
    .text                                    0x08004d5a   Section        0  exit.o(.text)
    .text                                    0x08004d6c   Section        8  libspace.o(.text)
    i.LCD_WriteReg                           0x08004d74   Section        0  lcd.o(i.LCD_WriteReg)
    x$fpl$fpinit                             0x08004d84   Section       10  fpinit.o(x$fpl$fpinit)
    $v0                                      0x08004d84   Number         0  fpinit.o(x$fpl$fpinit)
    .constdata                               0x08004d8e   Section      178  dcmi_ov7670.o(.constdata)
    .constdata                               0x08004e40   Section     1520  asciilib.o(.constdata)
    AsciiLib                                 0x08004e40   Data        1520  asciilib.o(.constdata)
    .data                                    0x20000000   Section       16  main.o(.data)
    yushu                                    0x20000004   Data           2  main.o(.data)
    cmline                                   0x20000006   Data           2  main.o(.data)
    timecount                                0x20000008   Data           4  main.o(.data)
    TimingDelay                              0x2000000c   Data           4  main.o(.data)
    .data                                    0x20000010   Section        4  sccb.o(.data)
    .data                                    0x20000014   Section        4  lcd.o(.data)
    LCD_Code                                 0x20000014   Data           1  lcd.o(.data)
    .data                                    0x20000018   Section        4  usart.o(.data)
    .data                                    0x2000001c   Section        8  stm32f4xx_it.o(.data)
    i                                        0x20000022   Data           2  stm32f4xx_it.o(.data)
    .data                                    0x20000024   Section       16  stm32f4xx_rcc.o(.data)
    APBAHBPrescTable                         0x20000024   Data          16  stm32f4xx_rcc.o(.data)
    .data                                    0x20000034   Section       20  system_stm32f4xx.o(.data)
    .bss                                     0x20000048   Section      640  stm32f4xx_it.o(.bss)
    .bss                                     0x200002c8   Section    51200  picture.o(.bss)
    .bss                                     0x2000cac8   Section       96  libspace.o(.bss)
    HEAP                                     0x2000cb28   Section      512  startup_stm32f4xx.o(HEAP)
    Heap_Mem                                 0x2000cb28   Data         512  startup_stm32f4xx.o(HEAP)
    STACK                                    0x2000cd28   Section     1024  startup_stm32f4xx.o(STACK)
    Stack_Mem                                0x2000cd28   Data        1024  startup_stm32f4xx.o(STACK)
    __initial_sp                             0x2000d128   Data           0  startup_stm32f4xx.o(STACK)

    Global Symbols

    Symbol Name                              Value     Ov Type        Size  Object(Section)

    BuildAttributes$$THM_ISAv4$E$P$D$K$B$S$7EM$VFPi3$EXTD16$VFPS$VFMA$PE$A:L22UL41UL21$X:L11$S22US41US21$IEEE1$IW$USESV6$~STKCKD$USESV7$~SHL$OTIME$ROPI$EBA8$UX$STANDARDLIB$REQ8$PRES8$EABIv2 0x00000000   Number         0  anon$$obj.o ABSOLUTE
    __ARM_use_no_argv                        0x00000000   Number         0  main.o ABSOLUTE
    __ARM_exceptions_init                     - Undefined Weak Reference
    __alloca_initialize                       - Undefined Weak Reference
    __arm_preinit_                            - Undefined Weak Reference
    __cpp_initialize__aeabi_                  - Undefined Weak Reference
    __cxa_finalize                            - Undefined Weak Reference
    __rt_locale                               - Undefined Weak Reference
    __sigvec_lookup                           - Undefined Weak Reference
    _atexit_init                              - Undefined Weak Reference
    _call_atexit_fns                          - Undefined Weak Reference
    _clock_init                               - Undefined Weak Reference
    _fp_trap_init                             - Undefined Weak Reference
    _fp_trap_shutdown                         - Undefined Weak Reference
    _get_lc_collate                           - Undefined Weak Reference
    _get_lc_ctype                             - Undefined Weak Reference
    _get_lc_monetary                          - Undefined Weak Reference
    _get_lc_numeric                           - Undefined Weak Reference
    _get_lc_time                              - Undefined Weak Reference
    _getenv_init                              - Undefined Weak Reference
    _handle_redirection                       - Undefined Weak Reference
    _init_alloc                               - Undefined Weak Reference
    _init_user_alloc                          - Undefined Weak Reference
    _initio                                   - Undefined Weak Reference
    _mutex_acquire                            - Undefined Weak Reference
    _mutex_release                            - Undefined Weak Reference
    _printf_mbtowc                            - Undefined Weak Reference
    _printf_post_padding                      - Undefined Weak Reference
    _printf_pre_padding                       - Undefined Weak Reference
    _printf_truncate_signed                   - Undefined Weak Reference
    _printf_truncate_unsigned                 - Undefined Weak Reference
    _rand_init                                - Undefined Weak Reference
    _signal_finish                            - Undefined Weak Reference
    _signal_init                              - Undefined Weak Reference
    _terminate_alloc                          - Undefined Weak Reference
    _terminate_user_alloc                     - Undefined Weak Reference
    _terminateio                              - Undefined Weak Reference
    __Vectors_Size                           0x00000188   Number         0  startup_stm32f4xx.o ABSOLUTE
    __Vectors                                0x08000000   Data           4  startup_stm32f4xx.o(RESET)
    __Vectors_End                            0x08000188   Data           0  startup_stm32f4xx.o(RESET)
    __main                                   0x08000189   Thumb Code     8  __main.o(!!!main)
    __scatterload                            0x08000191   Thumb Code     0  __scatter.o(!!!scatter)
    __scatterload_rt2                        0x08000191   Thumb Code    44  __scatter.o(!!!scatter)
    __scatterload_rt2_thumb_only             0x08000191   Thumb Code     0  __scatter.o(!!!scatter)
    __scatterload_null                       0x0800019f   Thumb Code     0  __scatter.o(!!!scatter)
    __scatterload_copy                       0x080001c5   Thumb Code    26  __scatter_copy.o(!!handler_copy)
    __scatterload_zeroinit                   0x080001e1   Thumb Code    28  __scatter_zi.o(!!handler_zi)
    _printf_d                                0x080001fd   Thumb Code     0  _printf_d.o(.ARM.Collect$$_printf_percent$$00000009)
    _printf_percent                          0x080001fd   Thumb Code     0  _printf_percent.o(.ARM.Collect$$_printf_percent$$00000000)
    _printf_c                                0x08000203   Thumb Code     0  _printf_c.o(.ARM.Collect$$_printf_percent$$00000013)
    _printf_percent_end                      0x08000209   Thumb Code     0  _printf_percent_end.o(.ARM.Collect$$_printf_percent$$00000017)
    __rt_lib_init                            0x0800020d   Thumb Code     0  libinit.o(.ARM.Collect$$libinit$$00000000)
    __rt_lib_init_fp_1                       0x0800020f   Thumb Code     0  libinit2.o(.ARM.Collect$$libinit$$00000001)
    __rt_lib_init_alloca_1                   0x08000213   Thumb Code     0  libinit2.o(.ARM.Collect$$libinit$$0000002E)
    __rt_lib_init_argv_1                     0x08000213   Thumb Code     0  libinit2.o(.ARM.Collect$$libinit$$0000002C)
    __rt_lib_init_atexit_1                   0x08000213   Thumb Code     0  libinit2.o(.ARM.Collect$$libinit$$0000001B)
    __rt_lib_init_clock_1                    0x08000213   Thumb Code     0  libinit2.o(.ARM.Collect$$libinit$$00000021)
    __rt_lib_init_cpp_1                      0x08000213   Thumb Code     0  libinit2.o(.ARM.Collect$$libinit$$00000032)
    __rt_lib_init_exceptions_1               0x08000213   Thumb Code     0  libinit2.o(.ARM.Collect$$libinit$$00000030)
    __rt_lib_init_fp_trap_1                  0x08000213   Thumb Code     0  libinit2.o(.ARM.Collect$$libinit$$0000001F)
    __rt_lib_init_getenv_1                   0x08000213   Thumb Code     0  libinit2.o(.ARM.Collect$$libinit$$00000023)
    __rt_lib_init_heap_1                     0x08000213   Thumb Code     0  libinit2.o(.ARM.Collect$$libinit$$0000000A)
    __rt_lib_init_lc_collate_1               0x08000213   Thumb Code     0  libinit2.o(.ARM.Collect$$libinit$$00000011)
    __rt_lib_init_lc_ctype_1                 0x08000213   Thumb Code     0  libinit2.o(.ARM.Collect$$libinit$$00000013)
    __rt_lib_init_lc_monetary_1              0x08000213   Thumb Code     0  libinit2.o(.ARM.Collect$$libinit$$00000015)
    __rt_lib_init_lc_numeric_1               0x08000213   Thumb Code     0  libinit2.o(.ARM.Collect$$libinit$$00000017)
    __rt_lib_init_lc_time_1                  0x08000213   Thumb Code     0  libinit2.o(.ARM.Collect$$libinit$$00000019)
    __rt_lib_init_preinit_1                  0x08000213   Thumb Code     0  libinit2.o(.ARM.Collect$$libinit$$00000004)
    __rt_lib_init_rand_1                     0x08000213   Thumb Code     0  libinit2.o(.ARM.Collect$$libinit$$0000000E)
    __rt_lib_init_return                     0x08000213   Thumb Code     0  libinit2.o(.ARM.Collect$$libinit$$00000033)
    __rt_lib_init_signal_1                   0x08000213   Thumb Code     0  libinit2.o(.ARM.Collect$$libinit$$0000001D)
    __rt_lib_init_stdio_1                    0x08000213   Thumb Code     0  libinit2.o(.ARM.Collect$$libinit$$00000025)
    __rt_lib_init_user_alloc_1               0x08000213   Thumb Code     0  libinit2.o(.ARM.Collect$$libinit$$0000000C)
    __rt_lib_shutdown                        0x08000215   Thumb Code     0  libshutdown.o(.ARM.Collect$$libshutdown$$00000000)
    __rt_lib_shutdown_cpp_1                  0x08000217   Thumb Code     0  libshutdown2.o(.ARM.Collect$$libshutdown$$00000002)
    __rt_lib_shutdown_fp_trap_1              0x08000217   Thumb Code     0  libshutdown2.o(.ARM.Collect$$libshutdown$$00000007)
    __rt_lib_shutdown_heap_1                 0x08000217   Thumb Code     0  libshutdown2.o(.ARM.Collect$$libshutdown$$0000000F)
    __rt_lib_shutdown_return                 0x08000217   Thumb Code     0  libshutdown2.o(.ARM.Collect$$libshutdown$$00000010)
    __rt_lib_shutdown_signal_1               0x08000217   Thumb Code     0  libshutdown2.o(.ARM.Collect$$libshutdown$$0000000A)
    __rt_lib_shutdown_stdio_1                0x08000217   Thumb Code     0  libshutdown2.o(.ARM.Collect$$libshutdown$$00000004)
    __rt_lib_shutdown_user_alloc_1           0x08000217   Thumb Code     0  libshutdown2.o(.ARM.Collect$$libshutdown$$0000000C)
    __rt_entry                               0x08000219   Thumb Code     0  __rtentry.o(.ARM.Collect$$rtentry$$00000000)
    __rt_entry_presh_1                       0x08000219   Thumb Code     0  __rtentry2.o(.ARM.Collect$$rtentry$$00000002)
    __rt_entry_sh                            0x08000219   Thumb Code     0  __rtentry4.o(.ARM.Collect$$rtentry$$00000004)
    __rt_entry_li                            0x0800021f   Thumb Code     0  __rtentry2.o(.ARM.Collect$$rtentry$$0000000A)
    __rt_entry_postsh_1                      0x0800021f   Thumb Code     0  __rtentry2.o(.ARM.Collect$$rtentry$$00000009)
    __rt_entry_main                          0x08000223   Thumb Code     0  __rtentry2.o(.ARM.Collect$$rtentry$$0000000D)
    __rt_entry_postli_1                      0x08000223   Thumb Code     0  __rtentry2.o(.ARM.Collect$$rtentry$$0000000C)
    __rt_exit                                0x0800022b   Thumb Code     0  rtexit.o(.ARM.Collect$$rtexit$$00000000)
    __rt_exit_ls                             0x0800022d   Thumb Code     0  rtexit2.o(.ARM.Collect$$rtexit$$00000003)
    __rt_exit_prels_1                        0x0800022d   Thumb Code     0  rtexit2.o(.ARM.Collect$$rtexit$$00000002)
    __rt_exit_exit                           0x08000231   Thumb Code     0  rtexit2.o(.ARM.Collect$$rtexit$$00000004)
    Delay                                    0x08000239   Thumb Code    16  main.o(.text)
    main                                     0x08000249   Thumb Code   400  main.o(.text)
    TimingDelay_Decrement                    0x080003d9   Thumb Code    34  main.o(.text)
    LCD_CS_ResetBits                         0x080003fb   Thumb Code    56  main.o(.text)
    SCCB_GPIO_Config                         0x0800049d   Thumb Code   148  sccb.o(.text)
    DCMI_SingleRandomWrite                   0x08000531   Thumb Code   160  sccb.o(.text)
    DCMI_SingleRandomRead                    0x080005d1   Thumb Code   290  sccb.o(.text)
    DCMI_Config                              0x0800070d   Thumb Code   444  dcmi_ov7670.o(.text)
    MCO1_Init                                0x080008c9   Thumb Code    78  dcmi_ov7670.o(.text)
    DCMI_0V7670_PWDN_Init                    0x08000917   Thumb Code    70  dcmi_ov7670.o(.text)
    DCMI_OV7725_Init                         0x0800095d   Thumb Code    82  dcmi_ov7670.o(.text)
    DCMI_OV7670_ReadID                       0x080009af   Thumb Code    76  dcmi_ov7670.o(.text)
    OV7670_config_window                     0x080009fb   Thumb Code   142  dcmi_ov7670.o(.text)
    GetASCIICode                             0x08000abd   Thumb Code    16  asciilib.o(.text)
    LCD_Initializtion                        0x08000c0f   Thumb Code  5720  lcd.o(.text)
    LCD_SetCursor                            0x08002267   Thumb Code    60  lcd.o(.text)
    LCD_Clear                                0x080022a3   Thumb Code   116  lcd.o(.text)
    LCD_GetPoint                             0x08002317   Thumb Code    94  lcd.o(.text)
    LCD_SetPoint                             0x08002375   Thumb Code    32  lcd.o(.text)
    LCD_DrawLine                             0x08002395   Thumb Code   222  lcd.o(.text)
    PutChar                                  0x08002473   Thumb Code    84  lcd.o(.text)
    GUI_Text                                 0x080024c7   Thumb Code    70  lcd.o(.text)
    GUI_Text_variables                       0x0800250d   Thumb Code    40  lcd.o(.text)
    Prepare_Write_RAM                        0x08002535   Thumb Code    10  lcd.o(.text)
    GUI_Num                                  0x0800253f   Thumb Code   148  lcd.o(.text)
    USART_Configuration                      0x0800264d   Thumb Code   198  usart.o(.text)
    UART3_SendChar                           0x08002713   Thumb Code   170  usart.o(.text)
    USART_NVIC_Config                        0x080027bd   Thumb Code    32  usart.o(.text)
    _sys_exit                                0x080027dd   Thumb Code     2  usart.o(.text)
    fputc                                    0x080027df   Thumb Code    30  usart.o(.text)
    itoa                                     0x080027fd   Thumb Code    90  usart.o(.text)
    USART_OUT                                0x08002857   Thumb Code   180  usart.o(.text)
    NMI_Handler                              0x08002919   Thumb Code     2  stm32f4xx_it.o(.text)
    HardFault_Handler                        0x0800291b   Thumb Code     2  stm32f4xx_it.o(.text)
    MemManage_Handler                        0x0800291d   Thumb Code     2  stm32f4xx_it.o(.text)
    BusFault_Handler                         0x0800291f   Thumb Code     2  stm32f4xx_it.o(.text)
    UsageFault_Handler                       0x08002921   Thumb Code     2  stm32f4xx_it.o(.text)
    SVC_Handler                              0x08002923   Thumb Code     2  stm32f4xx_it.o(.text)
    DebugMon_Handler                         0x08002925   Thumb Code     2  stm32f4xx_it.o(.text)
    PendSV_Handler                           0x08002927   Thumb Code     2  stm32f4xx_it.o(.text)
    SysTick_Handler                          0x08002929   Thumb Code     4  stm32f4xx_it.o(.text)
    USART1_IRQHandler                        0x0800292d   Thumb Code    38  stm32f4xx_it.o(.text)
    DCMI_IRQHandler                          0x08002953   Thumb Code   116  stm32f4xx_it.o(.text)
    USART3_IRQHandler                        0x080029c7   Thumb Code    40  stm32f4xx_it.o(.text)
    CAN1_RX0_IRQHandler                      0x080029ef   Thumb Code    40  stm32f4xx_it.o(.text)
    DMA2_Stream1_IRQHandler                  0x08002a17   Thumb Code    40  stm32f4xx_it.o(.text)
    Reset_Handler                            0x08002a95   Thumb Code     8  startup_stm32f4xx.o(.text)
    ADC_IRQHandler                           0x08002aaf   Thumb Code     0  startup_stm32f4xx.o(.text)
    CAN1_RX1_IRQHandler                      0x08002aaf   Thumb Code     0  startup_stm32f4xx.o(.text)
    CAN1_SCE_IRQHandler                      0x08002aaf   Thumb Code     0  startup_stm32f4xx.o(.text)
    CAN1_TX_IRQHandler                       0x08002aaf   Thumb Code     0  startup_stm32f4xx.o(.text)
    CAN2_RX0_IRQHandler                      0x08002aaf   Thumb Code     0  startup_stm32f4xx.o(.text)
    CAN2_RX1_IRQHandler                      0x08002aaf   Thumb Code     0  startup_stm32f4xx.o(.text)
    CAN2_SCE_IRQHandler                      0x08002aaf   Thumb Code     0  startup_stm32f4xx.o(.text)
    CAN2_TX_IRQHandler                       0x08002aaf   Thumb Code     0  startup_stm32f4xx.o(.text)
    CRYP_IRQHandler                          0x08002aaf   Thumb Code     0  startup_stm32f4xx.o(.text)
    DMA1_Stream0_IRQHandler                  0x08002aaf   Thumb Code     0  startup_stm32f4xx.o(.text)
    DMA1_Stream1_IRQHandler                  0x08002aaf   Thumb Code     0  startup_stm32f4xx.o(.text)
    DMA1_Stream2_IRQHandler                  0x08002aaf   Thumb Code     0  startup_stm32f4xx.o(.text)
    DMA1_Stream3_IRQHandler                  0x08002aaf   Thumb Code     0  startup_stm32f4xx.o(.text)
    DMA1_Stream4_IRQHandler                  0x08002aaf   Thumb Code     0  startup_stm32f4xx.o(.text)
    DMA1_Stream5_IRQHandler                  0x08002aaf   Thumb Code     0  startup_stm32f4xx.o(.text)
    DMA1_Stream6_IRQHandler                  0x08002aaf   Thumb Code     0  startup_stm32f4xx.o(.text)
    DMA1_Stream7_IRQHandler                  0x08002aaf   Thumb Code     0  startup_stm32f4xx.o(.text)
    DMA2_Stream0_IRQHandler                  0x08002aaf   Thumb Code     0  startup_stm32f4xx.o(.text)
    DMA2_Stream2_IRQHandler                  0x08002aaf   Thumb Code     0  startup_stm32f4xx.o(.text)
    DMA2_Stream3_IRQHandler                  0x08002aaf   Thumb Code     0  startup_stm32f4xx.o(.text)
    DMA2_Stream4_IRQHandler                  0x08002aaf   Thumb Code     0  startup_stm32f4xx.o(.text)
    DMA2_Stream5_IRQHandler                  0x08002aaf   Thumb Code     0  startup_stm32f4xx.o(.text)
    DMA2_Stream6_IRQHandler                  0x08002aaf   Thumb Code     0  startup_stm32f4xx.o(.text)
    DMA2_Stream7_IRQHandler                  0x08002aaf   Thumb Code     0  startup_stm32f4xx.o(.text)
    ETH_IRQHandler                           0x08002aaf   Thumb Code     0  startup_stm32f4xx.o(.text)
    ETH_WKUP_IRQHandler                      0x08002aaf   Thumb Code     0  startup_stm32f4xx.o(.text)
    EXTI0_IRQHandler                         0x08002aaf   Thumb Code     0  startup_stm32f4xx.o(.text)
    EXTI15_10_IRQHandler                     0x08002aaf   Thumb Code     0  startup_stm32f4xx.o(.text)
    EXTI1_IRQHandler                         0x08002aaf   Thumb Code     0  startup_stm32f4xx.o(.text)
    EXTI2_IRQHandler                         0x08002aaf   Thumb Code     0  startup_stm32f4xx.o(.text)
    EXTI3_IRQHandler                         0x08002aaf   Thumb Code     0  startup_stm32f4xx.o(.text)
    EXTI4_IRQHandler                         0x08002aaf   Thumb Code     0  startup_stm32f4xx.o(.text)
    EXTI9_5_IRQHandler                       0x08002aaf   Thumb Code     0  startup_stm32f4xx.o(.text)
    FLASH_IRQHandler                         0x08002aaf   Thumb Code     0  startup_stm32f4xx.o(.text)
    FPU_IRQHandler                           0x08002aaf   Thumb Code     0  startup_stm32f4xx.o(.text)
    FSMC_IRQHandler                          0x08002aaf   Thumb Code     0  startup_stm32f4xx.o(.text)
    HASH_RNG_IRQHandler                      0x08002aaf   Thumb Code     0  startup_stm32f4xx.o(.text)
    I2C1_ER_IRQHandler                       0x08002aaf   Thumb Code     0  startup_stm32f4xx.o(.text)
    I2C1_EV_IRQHandler                       0x08002aaf   Thumb Code     0  startup_stm32f4xx.o(.text)
    I2C2_ER_IRQHandler                       0x08002aaf   Thumb Code     0  startup_stm32f4xx.o(.text)
    I2C2_EV_IRQHandler                       0x08002aaf   Thumb Code     0  startup_stm32f4xx.o(.text)
    I2C3_ER_IRQHandler                       0x08002aaf   Thumb Code     0  startup_stm32f4xx.o(.text)
    I2C3_EV_IRQHandler                       0x08002aaf   Thumb Code     0  startup_stm32f4xx.o(.text)
    OTG_FS_IRQHandler                        0x08002aaf   Thumb Code     0  startup_stm32f4xx.o(.text)
    OTG_FS_WKUP_IRQHandler                   0x08002aaf   Thumb Code     0  startup_stm32f4xx.o(.text)
    OTG_HS_EP1_IN_IRQHandler                 0x08002aaf   Thumb Code     0  startup_stm32f4xx.o(.text)
    OTG_HS_EP1_OUT_IRQHandler                0x08002aaf   Thumb Code     0  startup_stm32f4xx.o(.text)
    OTG_HS_IRQHandler                        0x08002aaf   Thumb Code     0  startup_stm32f4xx.o(.text)
    OTG_HS_WKUP_IRQHandler                   0x08002aaf   Thumb Code     0  startup_stm32f4xx.o(.text)
    PVD_IRQHandler                           0x08002aaf   Thumb Code     0  startup_stm32f4xx.o(.text)
    RCC_IRQHandler                           0x08002aaf   Thumb Code     0  startup_stm32f4xx.o(.text)
    RTC_Alarm_IRQHandler                     0x08002aaf   Thumb Code     0  startup_stm32f4xx.o(.text)
    RTC_WKUP_IRQHandler                      0x08002aaf   Thumb Code     0  startup_stm32f4xx.o(.text)
    SDIO_IRQHandler                          0x08002aaf   Thumb Code     0  startup_stm32f4xx.o(.text)
    SPI1_IRQHandler                          0x08002aaf   Thumb Code     0  startup_stm32f4xx.o(.text)
    SPI2_IRQHandler                          0x08002aaf   Thumb Code     0  startup_stm32f4xx.o(.text)
    SPI3_IRQHandler                          0x08002aaf   Thumb Code     0  startup_stm32f4xx.o(.text)
    TAMP_STAMP_IRQHandler                    0x08002aaf   Thumb Code     0  startup_stm32f4xx.o(.text)
    TIM1_BRK_TIM9_IRQHandler                 0x08002aaf   Thumb Code     0  startup_stm32f4xx.o(.text)
    TIM1_CC_IRQHandler                       0x08002aaf   Thumb Code     0  startup_stm32f4xx.o(.text)
    TIM1_TRG_COM_TIM11_IRQHandler            0x08002aaf   Thumb Code     0  startup_stm32f4xx.o(.text)
    TIM1_UP_TIM10_IRQHandler                 0x08002aaf   Thumb Code     0  startup_stm32f4xx.o(.text)
    TIM2_IRQHandler                          0x08002aaf   Thumb Code     0  startup_stm32f4xx.o(.text)
    TIM3_IRQHandler                          0x08002aaf   Thumb Code     0  startup_stm32f4xx.o(.text)
    TIM4_IRQHandler                          0x08002aaf   Thumb Code     0  startup_stm32f4xx.o(.text)
    TIM5_IRQHandler                          0x08002aaf   Thumb Code     0  startup_stm32f4xx.o(.text)
    TIM6_DAC_IRQHandler                      0x08002aaf   Thumb Code     0  startup_stm32f4xx.o(.text)
    TIM7_IRQHandler                          0x08002aaf   Thumb Code     0  startup_stm32f4xx.o(.text)
    TIM8_BRK_TIM12_IRQHandler                0x08002aaf   Thumb Code     0  startup_stm32f4xx.o(.text)
    TIM8_CC_IRQHandler                       0x08002aaf   Thumb Code     0  startup_stm32f4xx.o(.text)
    TIM8_TRG_COM_TIM14_IRQHandler            0x08002aaf   Thumb Code     0  startup_stm32f4xx.o(.text)
    TIM8_UP_TIM13_IRQHandler                 0x08002aaf   Thumb Code     0  startup_stm32f4xx.o(.text)
    UART4_IRQHandler                         0x08002aaf   Thumb Code     0  startup_stm32f4xx.o(.text)
    UART5_IRQHandler                         0x08002aaf   Thumb Code     0  startup_stm32f4xx.o(.text)
    USART2_IRQHandler                        0x08002aaf   Thumb Code     0  startup_stm32f4xx.o(.text)
    USART6_IRQHandler                        0x08002aaf   Thumb Code     0  startup_stm32f4xx.o(.text)
    WWDG_IRQHandler                          0x08002aaf   Thumb Code     0  startup_stm32f4xx.o(.text)
    __user_initial_stackheap                 0x08002ab1   Thumb Code     0  startup_stm32f4xx.o(.text)
    NVIC_PriorityGroupConfig                 0x08002ad5   Thumb Code    10  misc.o(.text)
    NVIC_Init                                0x08002adf   Thumb Code    96  misc.o(.text)
    NVIC_SetVectorTable                      0x08002b3f   Thumb Code    14  misc.o(.text)
    NVIC_SystemLPConfig                      0x08002b4d   Thumb Code    20  misc.o(.text)
    SysTick_CLKSourceConfig                  0x08002b61   Thumb Code    24  misc.o(.text)
    DCMI_DeInit                              0x08002b85   Thumb Code    22  stm32f4xx_dcmi.o(.text)
    DCMI_Init                                0x08002b9b   Thumb Code    54  stm32f4xx_dcmi.o(.text)
    DCMI_StructInit                          0x08002bd1   Thumb Code    18  stm32f4xx_dcmi.o(.text)
    DCMI_CROPConfig                          0x08002be3   Thumb Code    20  stm32f4xx_dcmi.o(.text)
    DCMI_CROPCmd                             0x08002bf7   Thumb Code    22  stm32f4xx_dcmi.o(.text)
    DCMI_SetEmbeddedSynchroCodes             0x08002c0d   Thumb Code    14  stm32f4xx_dcmi.o(.text)
    DCMI_JPEGCmd                             0x08002c1b   Thumb Code    22  stm32f4xx_dcmi.o(.text)
    DCMI_Cmd                                 0x08002c31   Thumb Code    22  stm32f4xx_dcmi.o(.text)
    DCMI_CaptureCmd                          0x08002c47   Thumb Code    22  stm32f4xx_dcmi.o(.text)
    DCMI_ReadData                            0x08002c5d   Thumb Code     6  stm32f4xx_dcmi.o(.text)
    DCMI_ITConfig                            0x08002c63   Thumb Code    22  stm32f4xx_dcmi.o(.text)
    DCMI_GetFlagStatus                       0x08002c79   Thumb Code    34  stm32f4xx_dcmi.o(.text)
    DCMI_ClearFlag                           0x08002c9b   Thumb Code     6  stm32f4xx_dcmi.o(.text)
    DCMI_GetITStatus                         0x08002ca1   Thumb Code    16  stm32f4xx_dcmi.o(.text)
    DCMI_ClearITPendingBit                   0x08002cb1   Thumb Code     6  stm32f4xx_dcmi.o(.text)
    DMA_DeInit                               0x08002cbd   Thumb Code   272  stm32f4xx_dma.o(.text)
    DMA_Init                                 0x08002dcd   Thumb Code    80  stm32f4xx_dma.o(.text)
    DMA_StructInit                           0x08002e1d   Thumb Code    34  stm32f4xx_dma.o(.text)
    DMA_Cmd                                  0x08002e3f   Thumb Code    20  stm32f4xx_dma.o(.text)
    DMA_PeriphIncOffsetSizeConfig            0x08002e53   Thumb Code    20  stm32f4xx_dma.o(.text)
    DMA_FlowControllerConfig                 0x08002e67   Thumb Code    20  stm32f4xx_dma.o(.text)
    DMA_SetCurrDataCounter                   0x08002e7b   Thumb Code     4  stm32f4xx_dma.o(.text)
    DMA_GetCurrDataCounter                   0x08002e7f   Thumb Code     6  stm32f4xx_dma.o(.text)
    DMA_DoubleBufferModeConfig               0x08002e85   Thumb Code    22  stm32f4xx_dma.o(.text)
    DMA_DoubleBufferModeCmd                  0x08002e9b   Thumb Code    20  stm32f4xx_dma.o(.text)
    DMA_MemoryTargetConfig                   0x08002eaf   Thumb Code    10  stm32f4xx_dma.o(.text)
    DMA_GetCurrentMemoryTarget               0x08002eb9   Thumb Code    14  stm32f4xx_dma.o(.text)
    DMA_GetCmdStatus                         0x08002ec7   Thumb Code    14  stm32f4xx_dma.o(.text)
    DMA_GetFIFOStatus                        0x08002ed5   Thumb Code     8  stm32f4xx_dma.o(.text)
    DMA_GetFlagStatus                        0x08002edd   Thumb Code    42  stm32f4xx_dma.o(.text)
    DMA_ClearFlag                            0x08002f07   Thumb Code    34  stm32f4xx_dma.o(.text)
    DMA_ITConfig                             0x08002f29   Thumb Code    44  stm32f4xx_dma.o(.text)
    DMA_GetITStatus                          0x08002f55   Thumb Code    70  stm32f4xx_dma.o(.text)
    DMA_ClearITPendingBit                    0x08002f9b   Thumb Code    34  stm32f4xx_dma.o(.text)
    FSMC_NORSRAMDeInit                       0x08002fdd   Thumb Code    40  stm32f4xx_fsmc.o(.text)
    FSMC_NORSRAMInit                         0x08003005   Thumb Code   200  stm32f4xx_fsmc.o(.text)
    FSMC_NORSRAMStructInit                   0x080030cd   Thumb Code    98  stm32f4xx_fsmc.o(.text)
    FSMC_NORSRAMCmd                          0x0800312f   Thumb Code    26  stm32f4xx_fsmc.o(.text)
    FSMC_NANDDeInit                          0x08003149   Thumb Code    40  stm32f4xx_fsmc.o(.text)
    FSMC_NANDInit                            0x08003171   Thumb Code   104  stm32f4xx_fsmc.o(.text)
    FSMC_NANDStructInit                      0x080031d9   Thumb Code    54  stm32f4xx_fsmc.o(.text)
    FSMC_NANDCmd                             0x0800320f   Thumb Code    54  stm32f4xx_fsmc.o(.text)
    FSMC_NANDECCCmd                          0x08003245   Thumb Code    54  stm32f4xx_fsmc.o(.text)
    FSMC_GetECC                              0x0800327b   Thumb Code    18  stm32f4xx_fsmc.o(.text)
    FSMC_PCCARDDeInit                        0x0800328d   Thumb Code    26  stm32f4xx_fsmc.o(.text)
    FSMC_PCCARDInit                          0x080032a7   Thumb Code   102  stm32f4xx_fsmc.o(.text)
    FSMC_PCCARDStructInit                    0x0800330d   Thumb Code    60  stm32f4xx_fsmc.o(.text)
    FSMC_PCCARDCmd                           0x08003349   Thumb Code    28  stm32f4xx_fsmc.o(.text)
    FSMC_ITConfig                            0x08003365   Thumb Code    72  stm32f4xx_fsmc.o(.text)
    FSMC_GetFlagStatus                       0x080033ad   Thumb Code    40  stm32f4xx_fsmc.o(.text)
    FSMC_ClearFlag                           0x080033d5   Thumb Code    38  stm32f4xx_fsmc.o(.text)
    FSMC_GetITStatus                         0x080033fb   Thumb Code    48  stm32f4xx_fsmc.o(.text)
    FSMC_ClearITPendingBit                   0x0800342b   Thumb Code    42  stm32f4xx_fsmc.o(.text)
    GPIO_DeInit                              0x08003459   Thumb Code   192  stm32f4xx_gpio.o(.text)
    GPIO_Init                                0x08003519   Thumb Code   162  stm32f4xx_gpio.o(.text)
    GPIO_StructInit                          0x080035bb   Thumb Code    18  stm32f4xx_gpio.o(.text)
    GPIO_PinLockConfig                       0x080035cd   Thumb Code    24  stm32f4xx_gpio.o(.text)
    GPIO_ReadInputDataBit                    0x080035e5   Thumb Code    14  stm32f4xx_gpio.o(.text)
    GPIO_ReadInputData                       0x080035f3   Thumb Code     6  stm32f4xx_gpio.o(.text)
    GPIO_ReadOutputDataBit                   0x080035f9   Thumb Code    14  stm32f4xx_gpio.o(.text)
    GPIO_ReadOutputData                      0x08003607   Thumb Code     6  stm32f4xx_gpio.o(.text)
    GPIO_SetBits                             0x0800360d   Thumb Code     4  stm32f4xx_gpio.o(.text)
    GPIO_ResetBits                           0x08003611   Thumb Code     4  stm32f4xx_gpio.o(.text)
    GPIO_WriteBit                            0x08003615   Thumb Code    10  stm32f4xx_gpio.o(.text)
    GPIO_Write                               0x0800361f   Thumb Code     4  stm32f4xx_gpio.o(.text)
    GPIO_ToggleBits                          0x08003623   Thumb Code     8  stm32f4xx_gpio.o(.text)
    GPIO_PinAFConfig                         0x0800362b   Thumb Code    32  stm32f4xx_gpio.o(.text)
    I2C_DeInit                               0x08003671   Thumb Code    56  stm32f4xx_i2c.o(.text)
    I2C_Init                                 0x080036a9   Thumb Code   174  stm32f4xx_i2c.o(.text)
    I2C_StructInit                           0x08003757   Thumb Code    28  stm32f4xx_i2c.o(.text)
    I2C_Cmd                                  0x08003773   Thumb Code    20  stm32f4xx_i2c.o(.text)
    I2C_GenerateSTART                        0x08003787   Thumb Code    20  stm32f4xx_i2c.o(.text)
    I2C_GenerateSTOP                         0x0800379b   Thumb Code    20  stm32f4xx_i2c.o(.text)
    I2C_Send7bitAddress                      0x080037af   Thumb Code    16  stm32f4xx_i2c.o(.text)
    I2C_AcknowledgeConfig                    0x080037bf   Thumb Code    20  stm32f4xx_i2c.o(.text)
    I2C_OwnAddress2Config                    0x080037d3   Thumb Code    16  stm32f4xx_i2c.o(.text)
    I2C_DualAddressCmd                       0x080037e3   Thumb Code    20  stm32f4xx_i2c.o(.text)
    I2C_GeneralCallCmd                       0x080037f7   Thumb Code    20  stm32f4xx_i2c.o(.text)
    I2C_SoftwareResetCmd                     0x0800380b   Thumb Code    20  stm32f4xx_i2c.o(.text)
    I2C_StretchClockCmd                      0x0800381f   Thumb Code    20  stm32f4xx_i2c.o(.text)
    I2C_FastModeDutyCycleConfig              0x08003833   Thumb Code    22  stm32f4xx_i2c.o(.text)
    I2C_NACKPositionConfig                   0x08003849   Thumb Code    22  stm32f4xx_i2c.o(.text)
    I2C_SMBusAlertConfig                     0x0800385f   Thumb Code    22  stm32f4xx_i2c.o(.text)
    I2C_ARPCmd                               0x08003875   Thumb Code    20  stm32f4xx_i2c.o(.text)
    I2C_SendData                             0x08003889   Thumb Code     4  stm32f4xx_i2c.o(.text)
    I2C_ReceiveData                          0x0800388d   Thumb Code     6  stm32f4xx_i2c.o(.text)
    I2C_TransmitPEC                          0x08003893   Thumb Code    20  stm32f4xx_i2c.o(.text)
    I2C_PECPositionConfig                    0x080038a7   Thumb Code    22  stm32f4xx_i2c.o(.text)
    I2C_CalculatePEC                         0x080038bd   Thumb Code    20  stm32f4xx_i2c.o(.text)
    I2C_GetPEC                               0x080038d1   Thumb Code     6  stm32f4xx_i2c.o(.text)
    I2C_DMACmd                               0x080038d7   Thumb Code    20  stm32f4xx_i2c.o(.text)
    I2C_DMALastTransferCmd                   0x080038eb   Thumb Code    20  stm32f4xx_i2c.o(.text)
    I2C_ReadRegister                         0x080038ff   Thumb Code    10  stm32f4xx_i2c.o(.text)
    I2C_ITConfig                             0x08003909   Thumb Code    16  stm32f4xx_i2c.o(.text)
    I2C_CheckEvent                           0x08003919   Thumb Code    24  stm32f4xx_i2c.o(.text)
    I2C_GetLastEvent                         0x08003931   Thumb Code    14  stm32f4xx_i2c.o(.text)
    I2C_GetFlagStatus                        0x0800393f   Thumb Code    42  stm32f4xx_i2c.o(.text)
    I2C_ClearFlag                            0x08003969   Thumb Code     6  stm32f4xx_i2c.o(.text)
    I2C_GetITStatus                          0x0800396f   Thumb Code    36  stm32f4xx_i2c.o(.text)
    I2C_ClearITPendingBit                    0x08003993   Thumb Code     6  stm32f4xx_i2c.o(.text)
    RCC_DeInit                               0x080039ad   Thumb Code    48  stm32f4xx_rcc.o(.text)
    RCC_HSEConfig                            0x080039dd   Thumb Code    12  stm32f4xx_rcc.o(.text)
    RCC_GetFlagStatus                        0x080039e9   Thumb Code    46  stm32f4xx_rcc.o(.text)
    RCC_WaitForHSEStartUp                    0x08003a17   Thumb Code    44  stm32f4xx_rcc.o(.text)
    RCC_AdjustHSICalibrationValue            0x08003a43   Thumb Code    16  stm32f4xx_rcc.o(.text)
    RCC_HSICmd                               0x08003a53   Thumb Code     6  stm32f4xx_rcc.o(.text)
    RCC_LSEConfig                            0x08003a59   Thumb Code    24  stm32f4xx_rcc.o(.text)
    RCC_LSICmd                               0x08003a71   Thumb Code     6  stm32f4xx_rcc.o(.text)
    RCC_PLLConfig                            0x08003a77   Thumb Code    32  stm32f4xx_rcc.o(.text)
    RCC_PLLCmd                               0x08003a97   Thumb Code     6  stm32f4xx_rcc.o(.text)
    RCC_PLLI2SConfig                         0x08003a9d   Thumb Code    14  stm32f4xx_rcc.o(.text)
    RCC_PLLI2SCmd                            0x08003aab   Thumb Code     6  stm32f4xx_rcc.o(.text)
    RCC_ClockSecuritySystemCmd               0x08003ab1   Thumb Code     6  stm32f4xx_rcc.o(.text)
    RCC_MCO1Config                           0x08003ab7   Thumb Code    18  stm32f4xx_rcc.o(.text)
    RCC_MCO2Config                           0x08003ac9   Thumb Code    18  stm32f4xx_rcc.o(.text)
    RCC_SYSCLKConfig                         0x08003adb   Thumb Code    16  stm32f4xx_rcc.o(.text)
    RCC_GetSYSCLKSource                      0x08003aeb   Thumb Code    12  stm32f4xx_rcc.o(.text)
    RCC_HCLKConfig                           0x08003af7   Thumb Code    16  stm32f4xx_rcc.o(.text)
    RCC_PCLK1Config                          0x08003b07   Thumb Code    16  stm32f4xx_rcc.o(.text)
    RCC_PCLK2Config                          0x08003b17   Thumb Code    18  stm32f4xx_rcc.o(.text)
    RCC_GetClocksFreq                        0x08003b29   Thumb Code   134  stm32f4xx_rcc.o(.text)
    RCC_RTCCLKConfig                         0x08003baf   Thumb Code    42  stm32f4xx_rcc.o(.text)
    RCC_RTCCLKCmd                            0x08003bd9   Thumb Code     8  stm32f4xx_rcc.o(.text)
    RCC_BackupResetCmd                       0x08003be1   Thumb Code     8  stm32f4xx_rcc.o(.text)
    RCC_I2SCLKConfig                         0x08003be9   Thumb Code     8  stm32f4xx_rcc.o(.text)
    RCC_AHB1PeriphClockCmd                   0x08003bf1   Thumb Code    20  stm32f4xx_rcc.o(.text)
    RCC_AHB2PeriphClockCmd                   0x08003c05   Thumb Code    20  stm32f4xx_rcc.o(.text)
    RCC_AHB3PeriphClockCmd                   0x08003c19   Thumb Code    20  stm32f4xx_rcc.o(.text)
    RCC_APB1PeriphClockCmd                   0x08003c2d   Thumb Code    20  stm32f4xx_rcc.o(.text)
    RCC_APB2PeriphClockCmd                   0x08003c41   Thumb Code    20  stm32f4xx_rcc.o(.text)
    RCC_AHB1PeriphResetCmd                   0x08003c55   Thumb Code    20  stm32f4xx_rcc.o(.text)
    RCC_AHB2PeriphResetCmd                   0x08003c69   Thumb Code    20  stm32f4xx_rcc.o(.text)
    RCC_AHB3PeriphResetCmd                   0x08003c7d   Thumb Code    20  stm32f4xx_rcc.o(.text)
    RCC_APB1PeriphResetCmd                   0x08003c91   Thumb Code    20  stm32f4xx_rcc.o(.text)
    RCC_APB2PeriphResetCmd                   0x08003ca5   Thumb Code    20  stm32f4xx_rcc.o(.text)
    RCC_AHB1PeriphClockLPModeCmd             0x08003cb9   Thumb Code    20  stm32f4xx_rcc.o(.text)
    RCC_AHB2PeriphClockLPModeCmd             0x08003ccd   Thumb Code    20  stm32f4xx_rcc.o(.text)
    RCC_AHB3PeriphClockLPModeCmd             0x08003ce1   Thumb Code    20  stm32f4xx_rcc.o(.text)
    RCC_APB1PeriphClockLPModeCmd             0x08003cf5   Thumb Code    20  stm32f4xx_rcc.o(.text)
    RCC_APB2PeriphClockLPModeCmd             0x08003d09   Thumb Code    20  stm32f4xx_rcc.o(.text)
    RCC_ITConfig                             0x08003d1d   Thumb Code    20  stm32f4xx_rcc.o(.text)
    RCC_ClearFlag                            0x08003d31   Thumb Code    14  stm32f4xx_rcc.o(.text)
    RCC_GetITStatus                          0x08003d3f   Thumb Code    18  stm32f4xx_rcc.o(.text)
    RCC_ClearITPendingBit                    0x08003d51   Thumb Code     8  stm32f4xx_rcc.o(.text)
    USART_DeInit                             0x08003d7d   Thumb Code   114  stm32f4xx_usart.o(.text)
    USART_Init                               0x08003def   Thumb Code   164  stm32f4xx_usart.o(.text)
    USART_StructInit                         0x08003e93   Thumb Code    22  stm32f4xx_usart.o(.text)
    USART_ClockInit                          0x08003ea9   Thumb Code    28  stm32f4xx_usart.o(.text)
    USART_ClockStructInit                    0x08003ec5   Thumb Code    12  stm32f4xx_usart.o(.text)
    USART_Cmd                                0x08003ed1   Thumb Code    20  stm32f4xx_usart.o(.text)
    USART_SetPrescaler                       0x08003ee5   Thumb Code    16  stm32f4xx_usart.o(.text)
    USART_OverSampling8Cmd                   0x08003ef5   Thumb Code    20  stm32f4xx_usart.o(.text)
    USART_OneBitMethodCmd                    0x08003f09   Thumb Code    20  stm32f4xx_usart.o(.text)
    USART_ClearFlag                          0x08003f1d   Thumb Code     6  stm32f4xx_usart.o(.text)
    USART_GetFlagStatus                      0x08003f23   Thumb Code    14  stm32f4xx_usart.o(.text)
    USART_SendData                           0x08003f31   Thumb Code    42  stm32f4xx_usart.o(.text)
    USART_ReceiveData                        0x08003f5b   Thumb Code     8  stm32f4xx_usart.o(.text)
    USART_SetAddress                         0x08003f63   Thumb Code    16  stm32f4xx_usart.o(.text)
    USART_ReceiverWakeUpCmd                  0x08003f73   Thumb Code    20  stm32f4xx_usart.o(.text)
    USART_WakeUpConfig                       0x08003f87   Thumb Code    16  stm32f4xx_usart.o(.text)
    USART_LINBreakDetectLengthConfig         0x08003f97   Thumb Code    16  stm32f4xx_usart.o(.text)
    USART_LINCmd                             0x08003fa7   Thumb Code    20  stm32f4xx_usart.o(.text)
    USART_SendBreak                          0x08003fbb   Thumb Code    10  stm32f4xx_usart.o(.text)
    USART_HalfDuplexCmd                      0x08003fc5   Thumb Code    20  stm32f4xx_usart.o(.text)
    USART_SetGuardTime                       0x08003fd9   Thumb Code    16  stm32f4xx_usart.o(.text)
    USART_SmartCardCmd                       0x08003fe9   Thumb Code    20  stm32f4xx_usart.o(.text)
    USART_SmartCardNACKCmd                   0x08003ffd   Thumb Code    20  stm32f4xx_usart.o(.text)
    USART_IrDAConfig                         0x08004011   Thumb Code    16  stm32f4xx_usart.o(.text)
    USART_IrDACmd                            0x08004021   Thumb Code    20  stm32f4xx_usart.o(.text)
    USART_DMACmd                             0x08004035   Thumb Code    16  stm32f4xx_usart.o(.text)
    USART_ITConfig                           0x08004045   Thumb Code    48  stm32f4xx_usart.o(.text)
    USART_GetITStatus                        0x08004075   Thumb Code    62  stm32f4xx_usart.o(.text)
    USART_ClearITPendingBit                  0x080040b3   Thumb Code    12  stm32f4xx_usart.o(.text)
    CAN_DeInit                               0x080040d9   Thumb Code    38  stm32f4xx_can.o(.text)
    CAN_Init                                 0x080040ff   Thumb Code   232  stm32f4xx_can.o(.text)
    CAN_FilterInit                           0x080041e7   Thumb Code   194  stm32f4xx_can.o(.text)
    CAN_StructInit                           0x080042a9   Thumb Code    32  stm32f4xx_can.o(.text)
    CAN_SlaveStartBank                       0x080042c9   Thumb Code    38  stm32f4xx_can.o(.text)
    CAN_DBGFreeze                            0x080042ef   Thumb Code    20  stm32f4xx_can.o(.text)
    CAN_TTComModeCmd                         0x08004303   Thumb Code    90  stm32f4xx_can.o(.text)
    CAN_Transmit                             0x0800435d   Thumb Code   164  stm32f4xx_can.o(.text)
    CAN_TransmitStatus                       0x08004401   Thumb Code    88  stm32f4xx_can.o(.text)
    CAN_CancelTransmit                       0x08004459   Thumb Code    36  stm32f4xx_can.o(.text)
    CAN_Receive                              0x0800447d   Thumb Code   178  stm32f4xx_can.o(.text)
    CAN_FIFORelease                          0x0800452f   Thumb Code    22  stm32f4xx_can.o(.text)
    CAN_MessagePending                       0x08004545   Thumb Code    22  stm32f4xx_can.o(.text)
    CAN_OperatingModeRequest                 0x0800455b   Thumb Code   140  stm32f4xx_can.o(.text)
    CAN_Sleep                                0x080045e7   Thumb Code    30  stm32f4xx_can.o(.text)
    CAN_WakeUp                               0x08004605   Thumb Code    40  stm32f4xx_can.o(.text)
    CAN_GetLastErrorCode                     0x0800462d   Thumb Code    10  stm32f4xx_can.o(.text)
    CAN_GetReceiveErrorCounter               0x08004637   Thumb Code     6  stm32f4xx_can.o(.text)
    CAN_GetLSBTransmitErrorCounter           0x0800463d   Thumb Code     8  stm32f4xx_can.o(.text)
    CAN_ITConfig                             0x08004645   Thumb Code    16  stm32f4xx_can.o(.text)
    CAN_GetFlagStatus                        0x08004655   Thumb Code    52  stm32f4xx_can.o(.text)
    CAN_ClearFlag                            0x08004689   Thumb Code    44  stm32f4xx_can.o(.text)
    CAN_GetITStatus                          0x080046b5   Thumb Code   162  stm32f4xx_can.o(.text)
    CAN_ClearITPendingBit                    0x08004757   Thumb Code   116  stm32f4xx_can.o(.text)
    SystemInit                               0x08004883   Thumb Code    74  system_stm32f4xx.o(.text)
    SystemCoreClockUpdate                    0x080048cd   Thumb Code   108  system_stm32f4xx.o(.text)
    __use_no_semihosting                     0x0800495d   Thumb Code     2  use_no_semi_2.o(.text)
    __2printf                                0x08004961   Thumb Code    20  noretval__2printf.o(.text)
    __2sprintf                               0x08004979   Thumb Code    34  noretval__2sprintf.o(.text)
    __printf                                 0x080049a1   Thumb Code   104  __printf.o(.text)
    _printf_str                              0x08004a09   Thumb Code    82  _printf_str.o(.text)
    _printf_int_dec                          0x08004a5d   Thumb Code   104  _printf_dec.o(.text)
    __aeabi_memcpy                           0x08004ad5   Thumb Code     0  rt_memcpy_v6.o(.text)
    __rt_memcpy                              0x08004ad5   Thumb Code   138  rt_memcpy_v6.o(.text)
    _memcpy_lastbytes                        0x08004b3b   Thumb Code     0  rt_memcpy_v6.o(.text)
    __use_two_region_memory                  0x08004b5f   Thumb Code     2  heapauxi.o(.text)
    __rt_heap_escrow$2region                 0x08004b61   Thumb Code     2  heapauxi.o(.text)
    __rt_heap_expand$2region                 0x08004b63   Thumb Code     2  heapauxi.o(.text)
    __I$use$semihosting                      0x08004b65   Thumb Code     0  use_no_semi.o(.text)
    __use_no_semihosting_swi                 0x08004b65   Thumb Code     2  use_no_semi.o(.text)
    _printf_int_common                       0x08004b67   Thumb Code   178  _printf_intcommon.o(.text)
    _printf_char_common                      0x08004c23   Thumb Code    32  _printf_char_common.o(.text)
    _sputc                                   0x08004c49   Thumb Code    10  _sputc.o(.text)
    _printf_cs_common                        0x08004c53   Thumb Code    20  _printf_char.o(.text)
    _printf_char                             0x08004c67   Thumb Code    16  _printf_char.o(.text)
    _printf_string                           0x08004c77   Thumb Code     8  _printf_char.o(.text)
    _printf_char_file                        0x08004c81   Thumb Code    32  _printf_char_file.o(.text)
    __aeabi_memcpy4                          0x08004ca5   Thumb Code     0  rt_memcpy_w.o(.text)
    __aeabi_memcpy8                          0x08004ca5   Thumb Code     0  rt_memcpy_w.o(.text)
    __rt_memcpy_w                            0x08004ca5   Thumb Code   100  rt_memcpy_w.o(.text)
    _memcpy_lastbytes_aligned                0x08004ced   Thumb Code     0  rt_memcpy_w.o(.text)
    ferror                                   0x08004d09   Thumb Code     8  ferror.o(.text)
    __user_setup_stackheap                   0x08004d11   Thumb Code    74  sys_stackheap_outer.o(.text)
    exit                                     0x08004d5b   Thumb Code    18  exit.o(.text)
    __user_libspace                          0x08004d6d   Thumb Code     8  libspace.o(.text)
    __user_perproc_libspace                  0x08004d6d   Thumb Code     0  libspace.o(.text)
    __user_perthread_libspace                0x08004d6d   Thumb Code     0  libspace.o(.text)
    LCD_WriteReg                             0x08004d75   Thumb Code    12  lcd.o(i.LCD_WriteReg)
    _fp_init                                 0x08004d85   Thumb Code    10  fpinit.o(x$fpl$fpinit)
    __fplib_config_fpu_vfp                   0x08004d8d   Thumb Code     0  fpinit.o(x$fpl$fpinit)
    __fplib_config_pureend_doubles           0x08004d8d   Thumb Code     0  fpinit.o(x$fpl$fpinit)
    change_reg                               0x08004d8e   Data         178  dcmi_ov7670.o(.constdata)
    Region$$Table$$Base                      0x08005430   Number         0  anon$$obj.o(Region$$Table)
    Region$$Table$$Limit                     0x08005450   Number         0  anon$$obj.o(Region$$Table)
    g_DCMI_IT_FRAME_FLAG                     0x20000000   Data           2  main.o(.data)
    fps_time                                 0x20000002   Data           2  main.o(.data)
    DCMI_TIMEOUT_MAX                         0x20000010   Data           4  sccb.o(.data)
    DeviceCode                               0x20000016   Data           2  lcd.o(.data)
    __stdout                                 0x20000018   Data           4  usart.o(.data)
    canuse                                   0x2000001c   Data           2  stm32f4xx_it.o(.data)
    start                                    0x2000001e   Data           2  stm32f4xx_it.o(.data)
    replaceline                              0x20000020   Data           2  stm32f4xx_it.o(.data)
    SystemCoreClock                          0x20000034   Data           4  system_stm32f4xx.o(.data)
    AHBPrescTable                            0x20000038   Data          16  system_stm32f4xx.o(.data)
    shuzu                                    0x20000048   Data         640  stm32f4xx_it.o(.bss)
    g_ColorData16t                           0x200002c8   Data       25600  picture.o(.bss)
    g_ColorDataRRR8t                         0x200066c8   Data        6400  picture.o(.bss)
    g_ColorDataGGG8t                         0x20007fc8   Data        6400  picture.o(.bss)
    g_ColorDataBBB8t                         0x200098c8   Data        6400  picture.o(.bss)
    dspq31t_buffer1                          0x2000b1c8   Data        1280  picture.o(.bss)
    findwh                                   0x2000b6c8   Data        1280  picture.o(.bss)
    coloRRR                                  0x2000bbc8   Data        1280  picture.o(.bss)
    coloGGG                                  0x2000c0c8   Data        1280  picture.o(.bss)
    coloBBB                                  0x2000c5c8   Data        1280  picture.o(.bss)
    __libspace_start                         0x2000cac8   Data          96  libspace.o(.bss)
    __temporary_stack_top$libspace           0x2000cb28   Data           0  libspace.o(.bss)



==============================================================================

Memory Map of the image

  Image Entry point : 0x08000189

  Load Region LR_IROM1 (Base: 0x08000000, Size: 0x00005498, Max: 0x00080000, ABSOLUTE)

    Execution Region ER_IROM1 (Base: 0x08000000, Size: 0x00005450, Max: 0x00080000, ABSOLUTE)

    Base Addr    Size         Type   Attr      Idx    E Section Name        Object

    0x08000000   0x00000188   Data   RO          406    RESET               startup_stm32f4xx.o
    0x08000188   0x00000008   Code   RO          670  * !!!main             c_w.l(__main.o)
    0x08000190   0x00000034   Code   RO          844    !!!scatter          c_w.l(__scatter.o)
    0x080001c4   0x0000001a   Code   RO          846    !!handler_copy      c_w.l(__scatter_copy.o)
    0x080001de   0x00000002   PAD
    0x080001e0   0x0000001c   Code   RO          848    !!handler_zi        c_w.l(__scatter_zi.o)
    0x080001fc   0x00000000   Code   RO          665    .ARM.Collect$$_printf_percent$$00000000  c_w.l(_printf_percent.o)
    0x080001fc   0x00000006   Code   RO          664    .ARM.Collect$$_printf_percent$$00000009  c_w.l(_printf_d.o)
    0x08000202   0x00000006   Code   RO          663    .ARM.Collect$$_printf_percent$$00000013  c_w.l(_printf_c.o)
    0x08000208   0x00000004   Code   RO          685    .ARM.Collect$$_printf_percent$$00000017  c_w.l(_printf_percent_end.o)
    0x0800020c   0x00000002   Code   RO          718    .ARM.Collect$$libinit$$00000000  c_w.l(libinit.o)
    0x0800020e   0x00000004   Code   RO          724    .ARM.Collect$$libinit$$00000001  c_w.l(libinit2.o)
    0x08000212   0x00000000   Code   RO          727    .ARM.Collect$$libinit$$00000004  c_w.l(libinit2.o)
    0x08000212   0x00000000   Code   RO          730    .ARM.Collect$$libinit$$0000000A  c_w.l(libinit2.o)
    0x08000212   0x00000000   Code   RO          732    .ARM.Collect$$libinit$$0000000C  c_w.l(libinit2.o)
    0x08000212   0x00000000   Code   RO          734    .ARM.Collect$$libinit$$0000000E  c_w.l(libinit2.o)
    0x08000212   0x00000000   Code   RO          737    .ARM.Collect$$libinit$$00000011  c_w.l(libinit2.o)
    0x08000212   0x00000000   Code   RO          739    .ARM.Collect$$libinit$$00000013  c_w.l(libinit2.o)
    0x08000212   0x00000000   Code   RO          741    .ARM.Collect$$libinit$$00000015  c_w.l(libinit2.o)
    0x08000212   0x00000000   Code   RO          743    .ARM.Collect$$libinit$$00000017  c_w.l(libinit2.o)
    0x08000212   0x00000000   Code   RO          745    .ARM.Collect$$libinit$$00000019  c_w.l(libinit2.o)
    0x08000212   0x00000000   Code   RO          747    .ARM.Collect$$libinit$$0000001B  c_w.l(libinit2.o)
    0x08000212   0x00000000   Code   RO          749    .ARM.Collect$$libinit$$0000001D  c_w.l(libinit2.o)
    0x08000212   0x00000000   Code   RO          751    .ARM.Collect$$libinit$$0000001F  c_w.l(libinit2.o)
    0x08000212   0x00000000   Code   RO          753    .ARM.Collect$$libinit$$00000021  c_w.l(libinit2.o)
    0x08000212   0x00000000   Code   RO          755    .ARM.Collect$$libinit$$00000023  c_w.l(libinit2.o)
    0x08000212   0x00000000   Code   RO          757    .ARM.Collect$$libinit$$00000025  c_w.l(libinit2.o)
    0x08000212   0x00000000   Code   RO          761    .ARM.Collect$$libinit$$0000002C  c_w.l(libinit2.o)
    0x08000212   0x00000000   Code   RO          763    .ARM.Collect$$libinit$$0000002E  c_w.l(libinit2.o)
    0x08000212   0x00000000   Code   RO          765    .ARM.Collect$$libinit$$00000030  c_w.l(libinit2.o)
    0x08000212   0x00000000   Code   RO          767    .ARM.Collect$$libinit$$00000032  c_w.l(libinit2.o)
    0x08000212   0x00000002   Code   RO          768    .ARM.Collect$$libinit$$00000033  c_w.l(libinit2.o)
    0x08000214   0x00000002   Code   RO          786    .ARM.Collect$$libshutdown$$00000000  c_w.l(libshutdown.o)
    0x08000216   0x00000000   Code   RO          796    .ARM.Collect$$libshutdown$$00000002  c_w.l(libshutdown2.o)
    0x08000216   0x00000000   Code   RO          798    .ARM.Collect$$libshutdown$$00000004  c_w.l(libshutdown2.o)
    0x08000216   0x00000000   Code   RO          801    .ARM.Collect$$libshutdown$$00000007  c_w.l(libshutdown2.o)
    0x08000216   0x00000000   Code   RO          804    .ARM.Collect$$libshutdown$$0000000A  c_w.l(libshutdown2.o)
    0x08000216   0x00000000   Code   RO          806    .ARM.Collect$$libshutdown$$0000000C  c_w.l(libshutdown2.o)
    0x08000216   0x00000000   Code   RO          809    .ARM.Collect$$libshutdown$$0000000F  c_w.l(libshutdown2.o)
    0x08000216   0x00000002   Code   RO          810    .ARM.Collect$$libshutdown$$00000010  c_w.l(libshutdown2.o)
    0x08000218   0x00000000   Code   RO          674    .ARM.Collect$$rtentry$$00000000  c_w.l(__rtentry.o)
    0x08000218   0x00000000   Code   RO          689    .ARM.Collect$$rtentry$$00000002  c_w.l(__rtentry2.o)
    0x08000218   0x00000006   Code   RO          701    .ARM.Collect$$rtentry$$00000004  c_w.l(__rtentry4.o)
    0x0800021e   0x00000000   Code   RO          691    .ARM.Collect$$rtentry$$00000009  c_w.l(__rtentry2.o)
    0x0800021e   0x00000004   Code   RO          692    .ARM.Collect$$rtentry$$0000000A  c_w.l(__rtentry2.o)
    0x08000222   0x00000000   Code   RO          694    .ARM.Collect$$rtentry$$0000000C  c_w.l(__rtentry2.o)
    0x08000222   0x00000008   Code   RO          695    .ARM.Collect$$rtentry$$0000000D  c_w.l(__rtentry2.o)
    0x0800022a   0x00000002   Code   RO          722    .ARM.Collect$$rtexit$$00000000  c_w.l(rtexit.o)
    0x0800022c   0x00000000   Code   RO          770    .ARM.Collect$$rtexit$$00000002  c_w.l(rtexit2.o)
    0x0800022c   0x00000004   Code   RO          771    .ARM.Collect$$rtexit$$00000003  c_w.l(rtexit2.o)
    0x08000230   0x00000006   Code   RO          772    .ARM.Collect$$rtexit$$00000004  c_w.l(rtexit2.o)
    0x08000236   0x00000002   PAD
    0x08000238   0x00000264   Code   RO            2    .text               main.o
    0x0800049c   0x00000270   Code   RO          170    .text               sccb.o
    0x0800070c   0x000003b0   Code   RO          193    .text               dcmi_ov7670.o
    0x08000abc   0x00000014   Code   RO          215    .text               asciilib.o
    0x08000ad0   0x00001b7c   Code   RO          236    .text               lcd.o
    0x0800264c   0x000002cc   Code   RO          277    .text               usart.o
    0x08002918   0x0000017c   Code   RO          303    .text               stm32f4xx_it.o
    0x08002a94   0x00000040   Code   RO          407    .text               startup_stm32f4xx.o
    0x08002ad4   0x000000b0   Code   RO          412    .text               misc.o
    0x08002b84   0x00000138   Code   RO          428    .text               stm32f4xx_dcmi.o
    0x08002cbc   0x00000320   Code   RO          444    .text               stm32f4xx_dma.o
    0x08002fdc   0x0000047c   Code   RO          460    .text               stm32f4xx_fsmc.o
    0x08003458   0x00000218   Code   RO          476    .text               stm32f4xx_gpio.o
    0x08003670   0x0000033c   Code   RO          492    .text               stm32f4xx_i2c.o
    0x080039ac   0x000003d0   Code   RO          508    .text               stm32f4xx_rcc.o
    0x08003d7c   0x0000035c   Code   RO          526    .text               stm32f4xx_usart.o
    0x080040d8   0x00000708   Code   RO          543    .text               stm32f4xx_can.o
    0x080047e0   0x0000017c   Code   RO          559    .text               system_stm32f4xx.o
    0x0800495c   0x00000002   Code   RO          627    .text               c_w.l(use_no_semi_2.o)
    0x0800495e   0x00000002   PAD
    0x08004960   0x00000018   Code   RO          633    .text               c_w.l(noretval__2printf.o)
    0x08004978   0x00000028   Code   RO          635    .text               c_w.l(noretval__2sprintf.o)
    0x080049a0   0x00000068   Code   RO          637    .text               c_w.l(__printf.o)
    0x08004a08   0x00000052   Code   RO          639    .text               c_w.l(_printf_str.o)
    0x08004a5a   0x00000002   PAD
    0x08004a5c   0x00000078   Code   RO          641    .text               c_w.l(_printf_dec.o)
    0x08004ad4   0x0000008a   Code   RO          666    .text               c_w.l(rt_memcpy_v6.o)
    0x08004b5e   0x00000006   Code   RO          668    .text               c_w.l(heapauxi.o)
    0x08004b64   0x00000002   Code   RO          672    .text               c_w.l(use_no_semi.o)
    0x08004b66   0x000000b2   Code   RO          675    .text               c_w.l(_printf_intcommon.o)
    0x08004c18   0x00000030   Code   RO          677    .text               c_w.l(_printf_char_common.o)
    0x08004c48   0x0000000a   Code   RO          679    .text               c_w.l(_sputc.o)
    0x08004c52   0x0000002c   Code   RO          681    .text               c_w.l(_printf_char.o)
    0x08004c7e   0x00000002   PAD
    0x08004c80   0x00000024   Code   RO          683    .text               c_w.l(_printf_char_file.o)
    0x08004ca4   0x00000064   Code   RO          686    .text               c_w.l(rt_memcpy_w.o)
    0x08004d08   0x00000008   Code   RO          705    .text               c_w.l(ferror.o)
    0x08004d10   0x0000004a   Code   RO          709    .text               c_w.l(sys_stackheap_outer.o)
    0x08004d5a   0x00000012   Code   RO          711    .text               c_w.l(exit.o)
    0x08004d6c   0x00000008   Code   RO          719    .text               c_w.l(libspace.o)
    0x08004d74   0x00000010   Code   RO          252    i.LCD_WriteReg      lcd.o
    0x08004d84   0x0000000a   Code   RO          778    x$fpl$fpinit        fz_wm.l(fpinit.o)
    0x08004d8e   0x000000b2   Data   RO          194    .constdata          dcmi_ov7670.o
    0x08004e40   0x000005f0   Data   RO          216    .constdata          asciilib.o
    0x08005430   0x00000020   Data   RO          842    Region$$Table       anon$$obj.o


    Execution Region RW_IRAM1 (Base: 0x20000000, Size: 0x0000d128, Max: 0x00020000, ABSOLUTE)

    Base Addr    Size         Type   Attr      Idx    E Section Name        Object

    0x20000000   0x00000010   Data   RW            3    .data               main.o
    0x20000010   0x00000004   Data   RW          171    .data               sccb.o
    0x20000014   0x00000004   Data   RW          237    .data               lcd.o
    0x20000018   0x00000004   Data   RW          278    .data               usart.o
    0x2000001c   0x00000008   Data   RW          308    .data               stm32f4xx_it.o
    0x20000024   0x00000010   Data   RW          509    .data               stm32f4xx_rcc.o
    0x20000034   0x00000014   Data   RW          560    .data               system_stm32f4xx.o
    0x20000048   0x00000280   Zero   RW          304    .bss                stm32f4xx_it.o
    0x200002c8   0x0000c800   Zero   RW          331    .bss                picture.o
    0x2000cac8   0x00000060   Zero   RW          720    .bss                c_w.l(libspace.o)
    0x2000cb28   0x00000200   Zero   RW          405    HEAP                startup_stm32f4xx.o
    0x2000cd28   0x00000400   Zero   RW          404    STACK               startup_stm32f4xx.o


==============================================================================

Image component sizes


      Code (inc. data)   RO Data    RW Data    ZI Data      Debug   Object Name

        20          4       1520          0          0        967   asciilib.o
       944         34        178          0          0       3477   dcmi_ov7670.o
      7052         52          0          4          0      11987   lcd.o
       612        106          0         16          0     317060   main.o
       176         12          0          0          0       2037   misc.o
         0          0          0          0      51200       3502   picture.o
       624         26          0          4          0       2107   sccb.o
        64         26        392          0       1536        908   startup_stm32f4xx.o
      1800         42          0          0          0       8872   stm32f4xx_can.o
       312          6          0          0          0       3762   stm32f4xx_dcmi.o
       800         32          0          0          0       7057   stm32f4xx_dma.o
      1148          4          0          0          0       6047   stm32f4xx_fsmc.o
       536         38          0          0          0       4589   stm32f4xx_gpio.o
       828         20          0          0          0       8799   stm32f4xx_i2c.o
       380         86          0          8        640       3459   stm32f4xx_it.o
       976         36          0         16          0      11507   stm32f4xx_rcc.o
       860         26          0          0          0       8374   stm32f4xx_usart.o
       380         36          0         20          0       2123   system_stm32f4xx.o
       716         14          0          4          0       5092   usart.o

    ----------------------------------------------------------------------
     18228        600       2122         72      53376     411726   Object Totals
         0          0         32          0          0          0   (incl. Generated)
         0          0          0          0          0          0   (incl. Padding)

    ----------------------------------------------------------------------

      Code (inc. data)   RO Data    RW Data    ZI Data      Debug   Library Member Name

         8          0          0          0          0         68   __main.o
       104          0          0          0          0         84   __printf.o
         0          0          0          0          0          0   __rtentry.o
        12          0          0          0          0          0   __rtentry2.o
         6          0          0          0          0          0   __rtentry4.o
        52          8          0          0          0          0   __scatter.o
        26          0          0          0          0          0   __scatter_copy.o
        28          0          0          0          0          0   __scatter_zi.o
         6          0          0          0          0          0   _printf_c.o
        44          0          0          0          0        108   _printf_char.o
        48          6          0          0          0         96   _printf_char_common.o
        36          4          0          0          0         80   _printf_char_file.o
         6          0          0          0          0          0   _printf_d.o
       120         16          0          0          0         92   _printf_dec.o
       178          0          0          0          0         88   _printf_intcommon.o
         0          0          0          0          0          0   _printf_percent.o
         4          0          0          0          0          0   _printf_percent_end.o
        82          0          0          0          0         80   _printf_str.o
        10          0          0          0          0         68   _sputc.o
        18          0          0          0          0         80   exit.o
         8          0          0          0          0         68   ferror.o
         6          0          0          0          0        152   heapauxi.o
         2          0          0          0          0          0   libinit.o
         6          0          0          0          0          0   libinit2.o
         2          0          0          0          0          0   libshutdown.o
         2          0          0          0          0          0   libshutdown2.o
         8          4          0          0         96         68   libspace.o
        24          4          0          0          0         84   noretval__2printf.o
        40          6          0          0          0         84   noretval__2sprintf.o
       138          0          0          0          0         68   rt_memcpy_v6.o
       100          0          0          0          0         80   rt_memcpy_w.o
         2          0          0          0          0          0   rtexit.o
        10          0          0          0          0          0   rtexit2.o
        74          0          0          0          0         80   sys_stackheap_outer.o
         2          0          0          0          0         68   use_no_semi.o
         2          0          0          0          0         68   use_no_semi_2.o
        10          0          0          0          0        116   fpinit.o

    ----------------------------------------------------------------------
      1234         48          0          0         96       1780   Library Totals
        10          0          0          0          0          0   (incl. Padding)

    ----------------------------------------------------------------------

      Code (inc. data)   RO Data    RW Data    ZI Data      Debug   Library Name

      1214         48          0          0         96       1664   c_w.l
        10          0          0          0          0        116   fz_wm.l

    ----------------------------------------------------------------------
      1234         48          0          0         96       1780   Library Totals

    ----------------------------------------------------------------------

==============================================================================


      Code (inc. data)   RO Data    RW Data    ZI Data      Debug   

     19462        648       2122         72      53472     407774   Grand Totals
     19462        648       2122         72      53472     407774   ELF Image Totals
     19462        648       2122         72          0          0   ROM Totals

==============================================================================

    Total RO  Size (Code + RO Data)                21584 (  21.08kB)
    Total RW  Size (RW Data + ZI Data)             53544 (  52.29kB)
    Total ROM Size (Code + RO Data + RW Data)      21656 (  21.15kB)

==============================================================================

