<html>
<body>
<pre>
<h1>µVision Build Log</h1>
<h2>Tool Versions:</h2>
IDE-Version: ¦ÌVision V5.24.2.0
Copyright (C) 2017 ARM Ltd and ARM Germany GmbH. All rights reserved.
License Information: yang xiu, NEU, LIC=14HJJ-UH0KX-RXFUD-8070Y-9NM0M-87A93
 
Tool Versions:
Toolchain:       MDK-ARM Plus  Version: 5.24.1
Toolchain Path:  E:\program files\keil\ARM\ARMCC\Bin
C Compiler:      Armcc.exe V5.06 update 5 (build 528)
Assembler:       Armasm.exe V5.06 update 5 (build 528)
Linker/Locator:  ArmLink.exe V5.06 update 5 (build 528)
Library Manager: ArmAr.exe V5.06 update 5 (build 528)
Hex Converter:   FromElf.exe V5.06 update 5 (build 528)
CPU DLL:         SARMCM3.DLL V5.24.1
Dialog DLL:      DCM.DLL V1.16.0.0
Target DLL:      Segger\JL2CM3.dll V2.99.23.0
Dialog DLL:      TCM.DLL V1.32.0.0
 
<h2>Project:</h2>
F:\ov7725Learn\ov7725\Project\Project.uvprojx
Project File Date:  03/01/2018

<h2>Output:</h2>
*** Using Compiler 'V5.06 update 5 (build 528)', folder: 'E:\program files\keil\ARM\ARMCC\Bin'
Build target 'Open407V-D'
compiling main.c...
..\User\main.c(170): warning:  #177-D: variable "CANSendData1"  was declared but never referenced
  		static uint8_t CANSendData1[8]={2};
..\User\main.c(78): warning:  #177-D: variable "i"  was declared but never referenced
  	int16_t i=0,ii=0;
..\User\main.c(78): warning:  #177-D: variable "ii"  was declared but never referenced
  	int16_t i=0,ii=0;
..\User\main.c(79): warning:  #177-D: variable "fps"  was declared but never referenced
  	uint16_t fps=0;
..\User\main.c: 4 warnings, 0 errors
linking...
Program Size: Code=19466 RO-data=2122 RW-data=72 ZI-data=27872  
FromELF: creating hex file...
".\Output\Project.axf" - 0 Error(s), 4 Warning(s).

<h2>Software Packages used:</h2>

Package Vendor: ARM
                http://www.keil.com/pack/ARM.CMSIS.5.3.0.pack
                ARM.CMSIS.5.3.0
                CMSIS (Cortex Microcontroller Software Interface Standard)
   * Component: CORE Version: 5.1.1

Package Vendor: Keil
                http://www.keil.com/pack/Keil.STM32F4xx_DFP.2.12.0.pack
                Keil.STM32F4xx_DFP.2.12.0
                STMicroelectronics STM32F4 Series Device Support, Drivers and Examples

<h2>Collection of Component include folders:</h2>
  .\RTE\_Open407V-D
  E:\program files\keil\ARM\PACK\ARM\CMSIS\5.3.0\CMSIS\Include
  E:\program files\keil\ARM\PACK\Keil\STM32F4xx_DFP\2.12.0\Drivers\CMSIS\Device\ST\STM32F4xx\Include

<h2>Collection of Component Files used:</h2>

   * Component: ARM::CMSIS:CORE:5.1.1
Build Time Elapsed:  00:00:02
</pre>
</body>
</html>
